******************************************************************************
               TMS320C6x Linker PC v7.4.16                     
******************************************************************************
>> Linked Fri Mar 30 04:07:02 2018

OUTPUT FILE NAME:   <Mini_Project.out>
ENTRY POINT SYMBOL: "_c_int00"  address: 1180fd40


MEMORY CONFIGURATION

         name            origin    length      used     unused   attr    fill
----------------------  --------  ---------  --------  --------  ----  --------
  IRAM                  11800000   00040000  00014645  0002b9bb  RWIX
  CACHE_L1P             11e00000   00008000  00000000  00008000  RWIX
  CACHE_L1D             11f00000   00008000  00000000  00008000  RWIX
  L3_CBA_RAM            80000000   00020000  00000000  00020000  RWIX
  DDR                   c3000000   01000000  00000000  01000000  RWIX


SECTION ALLOCATION MAP

 output                                  attributes/
section   page    origin      length       input sections
--------  ----  ----------  ----------   ----------------
.vers      0    00000000    0000003c     COPY SECTION
                  00000000    0000003c     hellocfg.obj (.vers)

.data      0    11800000    00000000     UNINITIALIZED

.text      0    11800000    00007c20     
                  11800000    00000c20     evmc6748_bsl.lib : evmc6748.obj (.text)
                  11800c20    00000620     framework.obj (.text)
                  11801240    000005a0     rts6740.lib : divd.obj (.text:__divd)
                  118017e0    00000580                 : _printfi.obj (.text:__getarg_diouxp)
                  11801d60    00000520                 : _printfi.obj (.text:__setfield)
                  11802280    000004e0     evmc6748_bsl.lib : evmc6748_i2c_gpio.obj (.text)
                  11802760    00000440     rts6740.lib : _printfi.obj (.text:__printfi)
                  11802ba0    000003a0                 : fputs.obj (.text:_fputs)
                  11802f40    00000380     evmc6748_bsl.lib : evmc6748_gpio.obj (.text)
                  118032c0    00000380                      : evmc6748_i2c.obj (.text)
                  11803640    00000320     rts6740.lib : _printfi.obj (.text:__pproc_fge)
                  11803960    000002e0     hello2.obj (.text)
                  11803c40    000002c0     rts6740.lib : _printfi.obj (.text:__pproc_fwp)
                  11803f00    000002a0                 : _printfi.obj (.text:_ecvt)
                  118041a0    000002a0                 : _printfi.obj (.text:_fcvt)
                  11804440    00000260                 : imath64.obj (.text:__divull)
                  118046a0    00000260                 : _printfi.obj (.text:__pconv_e)
                  11804900    00000240                 : _printfi.obj (.text:__pproc_diouxp)
                  11804b40    00000220                 : _printfi.obj (.text:__pproc_str)
                  11804d60    00000220                 : fputc.obj (.text:_fputc)
                  11804f80    00000200                 : _printfi.obj (.text:__pconv_g)
                  11805180    00000200                 : setvbuf.obj (.text:_setvbuf)
                  11805380    000001e0     evmc6748_bsl.lib : evmc6748_led.obj (.text)
                  11805560    000001c0     rts6740.lib : _printfi.obj (.text:__mcpy)
                  11805720    000001a0                 : imath40.obj (.text:__divul)
                  118058c0    00000180                 : trgdrv.obj (.text:_HOSTrename)
                  11805a40    00000160     evmc6748_bsl.lib : evmc6748_dip.obj (.text)
                  11805ba0    00000140     rts6740.lib : _printfi.obj (.text:__pproc_fflags)
                  11805ce0    00000140                 : lowlev.obj (.text:_getdevice)
                  11805e20    00000120                 : fclose.obj (.text:__closefile)
                  11805f40    00000120                 : _printfi.obj (.text:__ltostr)
                  11806060    00000120                 : fseek.obj (.text:_fseek)
                  11806180    00000100                 : trgdrv.obj (.text:_HOSTlseek)
                  11806280    00000100                 : _io_perm.obj (.text:__wrt_ok)
                  11806380    00000100                 : sinit.obj (.text:_call_dtors)
                  11806480    000000e0                 : trgdrv.obj (.text:_HOSTopen)
                  11806560    000000e0                 : trgdrv.obj (.text:_HOSTread)
                  11806640    000000e0                 : atoi.obj (.text:_atoi)
                  11806720    000000e0                 : lowlev.obj (.text:_close)
                  11806800    000000e0                 : memset.obj (.text:_memset)
                  118068e0    000000e0                 : printf.obj (.text:_printf)
                  118069c0    000000c0                 : trgdrv.obj (.text:_HOSTunlink)
                  11806a80    000000c0                 : trgdrv.obj (.text:_HOSTwrite)
                  11806b40    000000c0                 : _printfi.obj (.text:__div)
                  11806c00    000000c0                 : divu.obj (.text:__divu)
                  11806cc0    000000c0                 : fflush.obj (.text:__doflush)
                  11806d80    000000c0                 : atexit.obj (.text:_atexit)
                  11806e40    000000c0                 : ltoa.obj (.text:_ltoa)
                  11806f00    000000c0     bios.a674 : tsk_stup.o674 (.text)
                  11806fc0    000000a0     rts6740.lib : trgdrv.obj (.text:_HOSTclose)
                  11807060    000000a0                 : fopen.obj (.text:__cleanup)
                  11807100    000000a0                 : imath40.obj (.text:__divli)
                  118071a0    000000a0                 : _printfi.obj (.text:__ecpy)
                  11807240    000000a0                 : _printfi.obj (.text:__fcpy)
                  118072e0    000000a0                 : fixdli.obj (.text:__fixdli)
                  11807380    000000a0                 : _printfi.obj (.text:__pconv_f)
                  11807420    000000a0                 : lowlev.obj (.text:_finddevice)
                  118074c0    000000a0                 : lowlev.obj (.text:_lseek)
                  11807560    000000a0                 : memcpy64.obj (.text:_memcpy)
                  11807600    000000a0                 : lowlev.obj (.text:_write)
                  118076a0    00000080                 : fltlid.obj (.text:__fltlid)
                  11807720    00000080                 : llshift.obj (.text:__llshl)
                  118077a0    00000080                 : trgmsg.obj (.text:_readmsg)
                  11807820    00000080                 : lowlev.obj (.text:_unlink)
                  118078a0    00000060                 : imath64.obj (.text:__subcull)
                  11807900    00000060                 : memccpy.obj (.text:_memccpy)
                  11807960    00000060                 : trgmsg.obj (.text:_writemsg)
                  118079c0    00000040                 : sinit.obj (.text:___add_dtor)
                  11807a00    00000040                 : isinf.obj (.text:___isinf)
                  11807a40    00000040                 : _printfi.obj (.text:___isnan)
                  11807a80    00000040                 : frcmpyd_div.obj (.text:__frcmpyd_div)
                  11807ac0    00000040                 : llshift.obj (.text:__llshru)
                  11807b00    00000040                 : imath40.obj (.text:__remli)
                  11807b40    00000020                 : negll.obj (.text:__negll)
                  11807b60    00000020                 : _lock.obj (.text:__nop)
                  11807b80    00000020                 : printf.obj (.text:__outc)
                  11807ba0    00000020                 : printf.obj (.text:__outs)
                  11807bc0    00000020                 : _lock.obj (.text:__register_lock)
                  11807be0    00000020                 : _lock.obj (.text:__register_unlock)
                  11807c00    00000020                 : remove.obj (.text:_remove)

.bios      0    11807c20    000042e0     
                  11807c20    000005c0     lnkrtdx.a674 : rtdx.o674 (.bios)
                  118081e0    00000580     bios.a674 : exc.o674 (.bios)
                  11808760    000004e0               : hwi_disp_asm.o674 (.bios)
                  11808c40    000004c0               : swi.o674 (.bios)
                  11809100    00000380               : prd.o674 (.bios)
                  11809480    00000280               : malloc.o674 (.bios)
                  11809700    00000280               : rta.o674 (.bios)
                  11809980    00000240               : knl_run.o674 (.bios)
                  11809bc0    00000200               : mem_allo.o674 (.bios:.near)
                  11809dc0    00000200               : knl_tick.o674 (.bios)
                  11809fc0    000001e0               : mem_free.o674 (.bios:.near)
                  1180a1a0    000001e0               : exc_asm.o674 (.bios)
                  1180a380    000001e0               : pip.o674 (.bios)
                  1180a560    000001e0               : sem_pend.o674 (.bios)
                  1180a740    000001a0               : sem_dopo.o674 (.bios)
                  1180a8e0    000001a0               : tsk_setu.o674 (.bios)
                  1180aa80    000001a0     bios6748.a674 : clk.o674 (.bios)
                  1180ac20    00000180     bios.a674 : knl_swit.o674 (.bios)
                  1180ada0    00000140               : autoinit.o674 (.bios)
                  1180aee0    00000140               : tsk_exit.o674 (.bios)
                  1180b020    00000140     bios6748.a674 : bcache_init.o674 (.bios)
                  1180b160    00000120     bios.a674 : gbl_cacheinit64P.o674 (.bios)
                  1180b280    00000120               : knl_chec.o674 (.bios)
                  1180b3a0    00000120               : tsk_stup.o674 (.bios)
                  1180b4c0    000000e0               : sem_post_asm.o674 (.bios)
                  1180b5a0    000000c0               : knl_exit.o674 (.bios)
                  1180b660    000000a0               : sem_post.o674 (.bios)
                  1180b700    000000a0               : sys_exit.o674 (.bios)
                  1180b7a0    00000080               : knl_ipos.o674 (.bios)
                  1180b820    00000080               : knl_post.o674 (.bios)
                  1180b8a0    00000080               : lck.o674 (.bios)
                  1180b920    00000080               : log.o674 (.bios)
                  1180b9a0    00000080     bios6748.a674 : idl_cal.o674 (.bios)
                  1180ba20    00000060     bios.a674 : sys_erro.o674 (.bios:.near)
                  1180ba80    00000060               : fxn.o674 (.bios)
                  1180bae0    00000060               : hwi_c.o674 (.bios)
                  1180bb40    00000060               : idl_busy.o674 (.bios)
                  1180bba0    00000060               : sem_pend_counting.o674 (.bios)
                  1180bc00    00000060               : sts.o674 (.bios)
                  1180bc60    00000060               : sys_abor.o674 (.bios)
                  1180bcc0    00000060     bios6748.a674 : clk_meas.o674 (.bios)
                  1180bd20    00000040     bios.a674 : idl_stub.o674 (.bios)
                  1180bd60    00000040               : rta_andn.o674 (.bios)
                  1180bda0    00000040               : utl_doab.o674 (.bios)
                  1180bde0    00000040               : utl_putc.o674 (.bios)
                  1180be20    00000020               : fxn_c.o674 (.bios)
                  1180be40    00000020               : gbl_vers.o674 (.bios)
                  1180be60    00000020               : idl.o674 (.bios)
                  1180be80    00000020               : sts_set.o674 (.bios)
                  1180bea0    00000020               : utl_doer.o674 (.bios)
                  1180bec0    00000020               : utl_halt.o674 (.bios)
                  1180bee0    00000020     bios6748.a674 : clk_gethtime.o674 (.bios)

.IRAM$heap 
*          0    1180bf00    00002000     UNINITIALIZED
                  1180bf00    00002000     --HOLE--

.cinit     0    1180df00    0000127c     
                  1180df00    000008ac     hellocfg.obj (.cinit)
                  1180e7ac    00000004     --HOLE-- [fill = 0]
                  1180e7b0    0000026c     bios.a674 : biosdata.o674 (.cinit)
                  1180ea1c    00000004     --HOLE-- [fill = 0]
                  1180ea20    000001a4               : knl.o674 (.cinit)
                  1180ebc4    00000004     --HOLE-- [fill = 0]
                  1180ebc8    000000b0               : swi.o674 (.cinit)
                  1180ec78    00000080               : tsk.o674 (.cinit)
                  1180ecf8    00000068     rtdx64xplus.lib : rtdx_mon.o64P (.cinit)
                  1180ed60    00000060     bios.a674 : tsk_stup.o674 (.cinit)
                  1180edc0    0000005c     lnkrtdx.a674 : rtdx.o674 (.cinit)
                  1180ee1c    00000004     --HOLE-- [fill = 0]
                  1180ee20    0000005c     rts6740.lib : defs.obj (.cinit)
                  1180ee7c    00000004     --HOLE-- [fill = 0]
                  1180ee80    0000005c                 : lowlev.obj (.cinit)
                  1180eedc    00000004     --HOLE-- [fill = 0]
                  1180eee0    0000004c     bios.a674 : rta.o674 (.cinit)
                  1180ef2c    00000004     --HOLE-- [fill = 0]
                  1180ef30    0000004c     rtdx64xplus.lib : buffer1.o64P (.cinit)
                  1180ef7c    00000004     --HOLE-- [fill = 0]
                  1180ef80    0000003c     bios.a674 : exc.o674 (.cinit)
                  1180efbc    00000004     --HOLE-- [fill = 0]
                  1180efc0    00000034               : hwi.o674 (.cinit)
                  1180eff4    00000004     --HOLE-- [fill = 0]
                  1180eff8    0000002c               : utl_putc.o674 (.cinit)
                  1180f024    00000004     --HOLE-- [fill = 0]
                  1180f028    0000002c     rts6740.lib : exit.obj (.cinit)
                  1180f054    00000004     --HOLE-- [fill = 0]
                  1180f058    00000024     bios.a674 : obj_init.o674 (.cinit)
                  1180f07c    00000004     --HOLE-- [fill = 0]
                  1180f080    0000001c               : exc_asm.o674 (.cinit)
                  1180f09c    00000004     --HOLE-- [fill = 0]
                  1180f0a0    0000001c               : sys.o674 (.cinit)
                  1180f0bc    00000004     --HOLE-- [fill = 0]
                  1180f0c0    0000001c     rts6740.lib : _lock.obj (.cinit)
                  1180f0dc    00000004     --HOLE-- [fill = 0]
                  1180f0e0    0000001c                 : atexit.obj (.cinit)
                  1180f0fc    00000004     --HOLE-- [fill = 0]
                  1180f100    0000001a     hello2.obj (.cinit)
                  1180f11a    00000006     --HOLE-- [fill = 0]
                  1180f120    00000018     bios.a674 : knl_tick.o674 (.cinit)
                  1180f138    0000000c               : idl_busy.o674 (.cinit)
                  1180f144    00000004     --HOLE-- [fill = 0]
                  1180f148    0000000c               : knl_swit.o674 (.cinit)
                  1180f154    00000004     --HOLE-- [fill = 0]
                  1180f158    0000000c     rts6740.lib : fopen.obj (.cinit)
                  1180f164    00000004     --HOLE-- [fill = 0]
                  1180f168    0000000c                 : sinit.obj (.cinit)
                  1180f174    00000004     --HOLE-- [fill = 0]
                  1180f178    00000004     (.pad.cinit) [fill = 0]

.args      0    1180f17c    00000004     
                  1180f17c    00000004     --HOLE-- [fill = 0]

.far       0    1180f180    00000830     UNINITIALIZED
                  1180f180    00000324     rts6740.lib : defs.obj (.far)
                  1180f4a4    00000004     bios6748.a674 : clk_data.o674 (.far)
                  1180f4a8    00000188     rts6740.lib : atexit.obj (.far)
                  1180f630    0000011c                 : lowlev.obj (.far)
                  1180f74c    00000004                 : fopen.obj (.far)
                  1180f750    000000d8     bios.a674 : knl.o674 (.far)
                  1180f828    0000005c               : tsk.o674 (.far)
                  1180f884    00000004     rts6740.lib : sinit.obj (.far)
                  1180f888    00000054     bios.a674 : obj_init.o674 (.far)
                  1180f8dc    00000050               : tsk_stup.o674 (.far)
                  1180f92c    00000004     --HOLE--
                  1180f930    00000020               : sys.o674 (.far)
                  1180f950    00000018     rtdx64xplus.lib : rtdx_mon.o64P (.far)
                  1180f968    00000010     bios.a674 : exc.o674 (.far)
                  1180f978    00000010               : knl_tick.o674 (.far)
                  1180f988    0000000c               : utl_putc.o674 (.far)
                  1180f994    0000000c     rts6740.lib : exit.obj (.far)
                  1180f9a0    00000008                 : _lock.obj (.far)
                  1180f9a8    00000008                 : trgdrv.obj (.far)

.hst1      0    1180f9b0    00000010     UNINITIALIZED
                  1180f9b0    00000010     hellocfg.obj (.hst1)

.sysinit   0    1180f9c0    00000560     
                  1180f9c0    00000380     hellocfg.obj (.sysinit)
                  1180fd40    000000c0     bios.a674 : boot.o674 (.sysinit)
                  1180fe00    000000c0               : mem_init.o674 (.sysinit)
                  1180fec0    00000060               : tsk_init.o674 (.sysinit)

.pip       0    1180ff20    000000c8     UNINITIALIZED
                  1180ff20    000000c8     hellocfg.obj (.pip)

.idl       0    1180ffe8    00000010     UNINITIALIZED
                  1180ffe8    00000010     hellocfg.obj (.idl)

.clk       0    1180fff8    00000008     UNINITIALIZED
                  1180fff8    00000008     hellocfg.obj (.clk)

.trace$buf 
*          0    11810000    00001000     UNINITIALIZED
                  11810000    00001000     hellocfg.obj (.trace$buf)

.rtdx_text 
*          0    11811000    00000fc0     
                  11811000    000002a0     rtdx64xplus.lib : rtdx_mon.o64P (.rtdx_text:_HSRTDX_rec)
                  118112a0    00000260                     : buffer1.o64P (.rtdx_text:_RTDX_Buffer_WriteCB)
                  11811500    00000260                     : buffer1.o64P (.rtdx_text:_RTDX_write_next)
                  11811760    000001a0                     : rtdx_mon.o64P (.rtdx_text:_HSRTDX_xmt)
                  11811900    00000160                     : rtdx_mon.o64P (.rtdx_text:_RTDX_Send_To_Host)
                  11811a60    000000e0                     : rtdx_mon.o64P (.rtdx_text:_RTDX_Mon_Queue)
                  11811b40    000000e0                     : buffer1.o64P (.rtdx_text:_claim)
                  11811c20    000000a0                     : rtdx_mon.o64P (.rtdx_text:_RTDX_GetH2THeader)
                  11811cc0    000000a0                     : rtdx_mon.o64P (.rtdx_text:_RTDX_Poll)
                  11811d60    00000080                     : rtdx_mon.o64P (.rtdx_text:_RTDX_Final_RT_Monitor)
                  11811de0    00000060                     : buffer1.o64P (.rtdx_text:_RTDX_Buffer_Initialize)
                  11811e40    00000060                     : rtdx_mon.o64P (.rtdx_text:_RTDX_Init_RT_Monitor)
                  11811ea0    00000040                     : buffer2.o64P (.rtdx_text:_RTDX_Buffer_ReadCB)
                  11811ee0    00000040                     : buffer1.o64P (.rtdx_text:_RTDX_Buffer_Size)
                  11811f20    00000040                     : memfill.o64P (.rtdx_text:_RTDX_memfill)
                  11811f60    00000020                     : buffer2.o64P (.rtdx_text:_RTDX_Buffer_Read)
                  11811f80    00000020                     : buffer1.o64P (.rtdx_text:_RTDX_Buffer_Write)
                  11811fa0    00000020                     : intr_tgt.o64P (.rtdx_text)

.hst       0    11811fc0    0000003c     UNINITIALIZED
                  11811fc0    0000003c     hellocfg.obj (.hst)

.mem       0    11811ffc    00000004     UNINITIALIZED
                  11811ffc    00000004     hellocfg.obj (.mem)

.LOG_system$buf 
*          0    11812000    00000800     UNINITIALIZED
                  11812000    00000800     hellocfg.obj (.LOG_system$buf)

.rtdx_data 
*          0    11812800    000004f4     UNINITIALIZED
                  11812800    00000080     --HOLE--
                  11812880    00000410     hellocfg.obj (.rtdx_data)
                  11812c90    00000044     rtdx64xplus.lib : rtdx_mon.o64P (.rtdx_data)
                  11812cd4    00000020                     : buffer1.o64P (.rtdx_data)

.const     0    11812cf8    0000043d     
                  11812cf8    00000193     bios.a674 : exc.o674 (.const:.string)
                  11812e8b    00000004               : mem_allo.o674 (.const:.string)
                  11812e8f    00000001     --HOLE-- [fill = 0]
                  11812e90    00000101     rts6740.lib : ctype.obj (.const:.string:__ctypes_)
                  11812f91    00000004     bios.a674 : mem_free.o674 (.const:.string)
                  11812f95    00000002     rts6740.lib : fputs.obj (.const:.string)
                  11812f97    00000001     --HOLE-- [fill = 0]
                  11812f98    00000080     evmc6748_bsl.lib : evmc6748.obj (.const:_bitval_u32)
                  11813018    0000004e     bios.a674 : tsk_stup.o674 (.const:.string)
                  11813066    00000002     --HOLE-- [fill = 0]
                  11813068    00000040     evmc6748_bsl.lib : evmc6748.obj (.const:.string)
                  118130a8    00000024     hello2.obj (.const:.string)
                  118130cc    00000023     bios.a674 : utl_doab.o674 (.const:.string)
                  118130ef    00000023     rts6740.lib : _printfi.obj (.const:.string)
                  11813112    00000022     bios.a674 : utl_doer.o674 (.const:.string)
                  11813134    00000001               : tsk.o674 (.const:.string)

.printf    0    11813135    000000cd     COPY SECTION
                  11813135    000000cd     hellocfg.obj (.printf)

.TSK_idle$stk 
*          0    11813138    00000400     UNINITIALIZED
                  11813138    00000400     hellocfg.obj (.TSK_idle$stk)

.stack     0    11813538    00000400     UNINITIALIZED
                  11813538    00000400     --HOLE--

.bss       0    11813938    00000394     UNINITIALIZED
                  11813938    00000100     bios.a674 : hwi_disp_asm.o674 (.bss)
                  11813a38    000000cc               : biosdata.o674 (.bss)
                  11813b04    0000009c               : swi.o674 (.bss)
                  11813ba0    00000048               : knl.o674 (.bss)
                  11813be8    00000028     hellocfg.obj (.bss)
                  11813c10    00000020     bios.a674 : exc_asm.o674 (.bss)
                  11813c30    00000018               : hwi.o674 (.bss)
                  11813c48    00000018     lnkrtdx.a674 : rtdx.o674 (.bss)
                  11813c60    00000010     bios.a674 : exc.o674 (.bss)
                  11813c70    00000010     hello2.obj (.bss)
                  11813c80    00000010     rtdx64xplus.lib : buffer1.o64P (.bss)
                  11813c90    00000010                     : rtdx_mon.o64P (.bss)
                  11813ca0    0000000c     bios.a674 : tsk.o674 (.bss)
                  11813cac    00000008               : clk_data.o674 (.bss)
                  11813cb4    00000008               : sys.o674 (.bss)
                  11813cbc    00000004               : clk_data2.o674 (.bss)
                  11813cc0    00000004               : idl_busy.o674 (.bss)
                  11813cc4    00000004               : mem_asm.o674 (.bss)
                  11813cc8    00000004     evmc6748_bsl.lib : evmc6748_i2c.obj (.bss)

.trace     0    11813ccc    00000200     
                  11813ccc    00000200     --HOLE-- [fill = 00000000]

.cio       0    11813ed0    00000120     UNINITIALIZED
                  11813ed0    00000120     rts6740.lib : trgmsg.obj (.cio)

.idlcal    0    11813ff0    00000010     UNINITIALIZED
                  11813ff0    00000010     hellocfg.obj (.idlcal)

.hwi_vec   0    11814000    00000200     
                  11814000    00000200     hellocfg.obj (.hwi_vec)

.hst0      0    11814200    00000100     UNINITIALIZED
                  11814200    00000100     hellocfg.obj (.hst0)

.sem       0    11814300    000000b0     UNINITIALIZED
                  11814300    000000b0     hellocfg.obj (.sem)

.prd       0    118143b0    00000080     UNINITIALIZED
                  118143b0    00000080     hellocfg.obj (.prd)

.sts       0    11814430    00000080     
                  11814430    00000080     hellocfg.obj (.sts)

.tsk       0    118144b0    00000060     UNINITIALIZED
                  118144b0    00000060     hellocfg.obj (.tsk)

.swi       0    11814510    00000058     UNINITIALIZED
                  11814510    00000058     hellocfg.obj (.swi)

.gblinit   0    11814568    0000004c     
                  11814568    0000004c     hellocfg.obj (.gblinit)

.switch    0    118145b4    00000044     
                  118145b4    00000024     evmc6748_bsl.lib : evmc6748_gpio.obj (.switch:_getRegisterBankAndBit)
                  118145d8    00000020                      : evmc6748_dip.obj (.switch:_convertDipToI2CGpio)

.log       0    118145f8    00000030     
                  118145f8    00000030     hellocfg.obj (.log)

.sys       0    11814628    00000010     UNINITIALIZED
                  11814628    00000010     hellocfg.obj (.sys)

.pinit     0    11814638    0000000c     
                  11814638    00000004     rtdx64xplus.lib : buffer1.o64P (.pinit)
                  1181463c    00000004                     : rtdx_mon.o64P (.pinit)
                  11814640    00000004     --HOLE-- [fill = 0]

.trcdata   0    11814644    0000000c     
                  11814644    0000000c     bios.a674 : trc.o674 (.trcdata)


GLOBAL SYMBOLS: SORTED ALPHABETICALLY BY Name 

address    name
--------   ----
11813938   $bss
11813938   .bss
11800000   .data
11800000   .text
1180fb84   BIOS$$CLKOFF
1180fb44   BIOS$$CLKON
1180f9c0   BIOS_init
1180fbf0   BIOS_start
00000000   BUF$
00000001   BUF_ENABLED
118079b8   C$$IO$$
ffffffff   CACHE_L1D
ffffffff   CACHE_L1P
00000001   CLK$
1180fff8   CLK_A_TABBEG
00000001   CLK_CALDIV
00000001   CLK_CALMULT
000493e0   CLK_COUNTSPMS
00000004   CLK_COUNTSPMSHIGH
11813a60   CLK_D_idletime
11813a5c   CLK_D_isrhook
11813a58   CLK_D_tabbeg
11813a54   CLK_D_timefxn
00000001   CLK_ENABLEHTIME
1180bee0   CLK_F_gethtime
1180aa80   CLK_F_getltime
1180aa90   CLK_F_isr
1180abd0   CLK_F_itime
11808760   CLK_HOOKFXN
00000001   CLK_HTIMEDIV
00000001   CLK_HTIMEMULT
000493e0   CLK_HTIMEPERLTIME
00005dc0   CLK_INPUTCLK
00004000   CLK_INTBIT
00000001   CLK_LTIMEDIV
000493e0   CLK_LTIMEMULT
000003e8   CLK_MICROSECS
00000001   CLK_POWERENABLE
00005dc0   CLK_PRD
00000000   CLK_PRDHIGH
01c20000   CLK_REGS
00000001   CLK_RESETTIMER
11813a50   CLK_R_time
00000020   CLK_TCR
00000000   CLK_TDDR
00000000   CLK_TDDRHIGH
1180bee0   CLK_TIMEFXN
00000000   CLK_TIMERNUM
00000005   CLK_TIMMODE
00000001   CLK_USETIMER
1180fffc   CLK_null
ffffffff   DDR
00000000   DEV$
00000000   DGN$
00000000   DHL$
00000000   DHL_gChannelsAvailable
00000000   DIO$
00000000   DIO_NUMSWIBASE
00000000   DIO_NUMTSKBASE
00000000   DIO_STATIC
00000000   DPI$
00000000   ECM$
00000000   ECM_ENABLE
ffffffff   ECM_EVTMASK0
ffffffff   ECM_EVTMASK1
ffffffff   ECM_EVTMASK2
ffffffff   ECM_EVTMASK3
0000000a   EVENT10
00000064   EVENT100
00000065   EVENT101
00000066   EVENT102
00000067   EVENT103
00000068   EVENT104
00000069   EVENT105
0000006a   EVENT106
0000006b   EVENT107
0000006c   EVENT108
0000006d   EVENT109
0000000b   EVENT11
0000006e   EVENT110
0000006f   EVENT111
00000070   EVENT112
00000071   EVENT113
00000072   EVENT114
00000073   EVENT115
00000074   EVENT116
00000075   EVENT117
00000076   EVENT118
00000077   EVENT119
0000000c   EVENT12
00000078   EVENT120
00000079   EVENT121
0000007a   EVENT122
0000007b   EVENT123
0000007c   EVENT124
0000007d   EVENT125
0000007e   EVENT126
0000007f   EVENT127
0000000d   EVENT13
0000000e   EVENT14
0000000f   EVENT15
00000010   EVENT16
00000011   EVENT17
00000012   EVENT18
00000013   EVENT19
00000014   EVENT20
00000015   EVENT21
00000016   EVENT22
00000017   EVENT23
00000018   EVENT24
00000019   EVENT25
0000001a   EVENT26
0000001b   EVENT27
0000001c   EVENT28
0000001d   EVENT29
0000001e   EVENT30
0000001f   EVENT31
00000020   EVENT32
00000021   EVENT33
00000022   EVENT34
00000023   EVENT35
00000024   EVENT36
00000025   EVENT37
00000026   EVENT38
00000027   EVENT39
00000004   EVENT4
00000028   EVENT40
00000029   EVENT41
0000002a   EVENT42
0000002b   EVENT43
0000002c   EVENT44
0000002d   EVENT45
0000002e   EVENT46
0000002f   EVENT47
00000030   EVENT48
00000031   EVENT49
00000005   EVENT5
00000032   EVENT50
00000033   EVENT51
00000034   EVENT52
00000035   EVENT53
00000036   EVENT54
00000037   EVENT55
00000038   EVENT56
00000039   EVENT57
0000003a   EVENT58
0000003b   EVENT59
00000006   EVENT6
0000003c   EVENT60
0000003d   EVENT61
0000003e   EVENT62
0000003f   EVENT63
00000040   EVENT64
00000041   EVENT65
00000042   EVENT66
00000043   EVENT67
00000044   EVENT68
00000045   EVENT69
00000007   EVENT7
00000046   EVENT70
00000047   EVENT71
00000048   EVENT72
00000049   EVENT73
0000004a   EVENT74
0000004b   EVENT75
0000004c   EVENT76
0000004d   EVENT77
0000004e   EVENT78
0000004f   EVENT79
00000008   EVENT8
00000050   EVENT80
00000051   EVENT81
00000052   EVENT82
00000053   EVENT83
00000054   EVENT84
00000055   EVENT85
00000056   EVENT86
00000057   EVENT87
00000058   EVENT88
00000059   EVENT89
00000009   EVENT9
0000005a   EVENT90
0000005b   EVENT91
0000005c   EVENT92
0000005d   EVENT93
0000005e   EVENT94
0000005f   EVENT95
00000060   EVENT96
00000061   EVENT97
00000062   EVENT98
00000063   EVENT99
1180ba80   FXN_F_nop
1180ba84   FXN_F_run
1180bac0   FXN_F_zero
00000001   GBL$
00005205   GBL_A_VERSION
00000000   GBL_BCACHEREADADDR0
00000000   GBL_BCACHEREADADDR1
00000000   GBL_BCACHEREADADDR2
00000000   GBL_BIGENDIAN
00000000   GBL_CACHE
00000000   GBL_CALLCSLCFGINIT
00004e20   GBL_CLKIN
00001a5b   GBL_CLKTYPE
00001a5c   GBL_DSPSUBTYPE
0000003e   GBL_DSPTYPE
00000001   GBL_ENABLEINST
00000000   GBL_ENABLE_SK
00000042   GBL_FOOTPRINT
000493e0   GBL_FREQ
00000000   GBL_GEMTRUECOMPEN
00000007   GBL_L1DMODE
00000007   GBL_L1PMODE
00000001   GBL_L2CONFIGURE
00000000   GBL_L2MAR0_31
00000001   GBL_L2MAR128_159
00000000   GBL_L2MAR160_191
ffffffff   GBL_L2MAR192_223
00000000   GBL_L2MAR224_255
00000000   GBL_L2MAR32_63
00000000   GBL_L2MAR64_95
00000000   GBL_L2MAR96_127
00000000   GBL_L2MODE
00000000   GBL_NULL
00000000   GBL_PROCID
00000000   GBL_ROM
00000000   GBL_SUPPORTCSL
0000dbef   GBL_TRCMASKVALUE
00000000   GBL_USERINIT
1180be20   GBL_USERINITFXN
00000001   GBL_boot
1181464c   GBL_initdone
11813538   GBL_stackbeg
11813937   GBL_stackend
00000000   GIO$
1180be20   GIO_CREATEFXN
1180be20   GIO_DELETEFXN
1180be20   GIO_PENDFXN
1180be20   GIO_POSTFXN
00000000   HOOK$
00000000   HOOK_KNLID
00000001   HST$
11811fc0   HST_A_TABBEG
11811ffc   HST_A_TABEND
00000000   HST_DSM
11813bf4   HST_DSMBUFSEG
00000400   HST_DSMMEMSIZE
11813acc   HST_D_chanmask
11813ad0   HST_D_tabbeg
11813ad4   HST_D_tabend
000000ff   HST_MAXFRAMEALLOWED
00000040   HST_MAXFRAMESET
00000000   HST_NONE
00000001   HST_RTDX
00000001   HWI$
11814000   HWI_A_VECS
00005828   HWI_CFGDISPATCHED
11813c40   HWI_D_bss
11813c44   HWI_D_ccmask
11813c30   HWI_D_spsave
00000001   HWI_ENABLE_EXC
11808760   HWI_F_dispatch
00000000   HWI_GENERATE_RESET_VEC
0000000a   HWI_INT10
00000000   HWI_INT10$hwi
0000000b   HWI_INT11
00000000   HWI_INT11$hwi
0000000c   HWI_INT12
00000000   HWI_INT12$hwi
0000000d   HWI_INT13
00000000   HWI_INT13$hwi
0000000e   HWI_INT14
00000000   HWI_INT14$hwi
0000000f   HWI_INT15
00000000   HWI_INT15$hwi
00000004   HWI_INT4
00000000   HWI_INT4$hwi
00000005   HWI_INT5
00000000   HWI_INT5$hwi
00000006   HWI_INT6
00000000   HWI_INT6$hwi
00000007   HWI_INT7
00000000   HWI_INT7$hwi
00000008   HWI_INT8
00000000   HWI_INT8$hwi
00000009   HWI_INT9
00000000   HWI_INT9$hwi
07063d04   HWI_INTRMUX1
0b0a0908   HWI_INTRMUX2
28040d0c   HWI_INTRMUX3
00000001   HWI_NMI
00000000   HWI_NMI$hwi
00000000   HWI_POLARITYMASK
00000002   HWI_RESERVED0
00000000   HWI_RESERVED0$hwi
00000003   HWI_RESERVED1
00000000   HWI_RESERVED1$hwi
00000000   HWI_RESET
00000000   HWI_RESET$hwi
00000000   HWI_ZEROTAB
00000001   IDL$
11813ff0   IDL_A_CALBEG
1180ffe8   IDL_A_TABBEG
00000006   IDL_CALIBRERROR
1180bd20   IDL_CALIBRFXN
11813cc0   IDL_D_busyObj
11813a40   IDL_D_calbeg
11813a3c   IDL_D_calibrate
11813a38   IDL_D_tabbeg
1180fff4   IDL_END
11813ffc   IDL_END$
1180bb40   IDL_F_busy
1180b9a0   IDL_F_calibrate
1180be60   IDL_F_loop
1180bd20   IDL_F_stub
00000001   IDL_USECLKIDLTIME
118144a4   IDL_busyObj
118131fd   IDL_busyObj$avgfmt
00000001   IDL_busyObj$filter
00000001   IDL_busyObj$iA
00000000   IDL_busyObj$iB
00000001   IDL_busyObj$iC
118131f7   IDL_busyObj$maxfmt
00000000   IDL_busyObj$operation
118144a0   IDL_busyObj$stsobj
118131fa   IDL_busyObj$sumfmt
00000002   IDL_busyObj$unittype
1180ffe8   IDL_cpuLoad
11813ff0   IDL_cpuLoad$
11813bf4   IRAM
1180bf00   IRAM$B
00002000   IRAM$L
00000001   ISRC$
1180ad78   KNL_glue
1181453c   KNL_swi
00000001   KNL_swi$dorta
00000002   KNL_swi$ord
00000000   KNL_swi$pri
11814484   KNL_swi$sts
118131d3   KNL_swi$sts$avgfmt
00000002   KNL_swi$sts$filter
00000001   KNL_swi$sts$filtmaxmult
00000001   KNL_swi$sts$filtsummult
118131c3   KNL_swi$sts$maxfmt
11814480   KNL_swi$sts$stsobj
118131cb   KNL_swi$sts$sumfmt
00000000   KNL_swi$sts$unittype
00000000   KNL_swi$swi
ffffffff   L3_CBA_RAM
00000001   LCK$
11807c20   LNK_F_checkBufferCall
11807ca0   LNK_F_dataPump
11807c40   LNK_F_getChanPtr
11807c98   LNK_F_init
118081a8   LNK_F_readCallBack
1180ffec   LNK_dataPump
11813ff4   LNK_dataPump$
11813c4c   LNK_dspFrameReadyMask
11813c48   LNK_dspFrameRequestMask
11807f20   LNK_newin
11808054   LNK_newout
11807cb0   LNK_rcloop
11807d74   LNK_rdrtry
11813c54   LNK_readDone
11813c58   LNK_readFail
11813c50   LNK_readPend
11807d84   LNK_rrloop
11813c5c   LNK_writeFail
11807e50   LNK_wrloop
11807e44   LNK_wrrtry
00000001   LOG$
118145f8   LOG_A_TABBEG
11814628   LOG_A_TABEND
00000002   LOG_A_TABLEN
11813a44   LOG_D_system
00000001   LOG_ENABLED
1180b920   LOG_F_event
118145f8   LOG_system
11812000   LOG_system$buf
00000000   LOG_system$datatype
00000000   LOG_system$log
00000200   LOG_system$size
00000000   MBX$
00000001   MEM$
11813bf4   MEM_MALLOCSEG
00000000   MEM_NULL
11813bf4   MEM_SEGZERO
00000000   MEM_USEMPC
00000001   MEM_gNumHeap
00000000   MSGQ$
00000000   MSGQ_USEMSGQ
00000000   OBJ$
00000000   PIP$
1180ff20   PIP_A_TABBEG
1180ffe8   PIP_A_TABEND
00000002   PIP_A_TABLEN
11813a48   PIP_D_tabbeg
11813a4c   PIP_D_tablen
1180a3f8   PIP_F_give
1180a3f8   PIP_F_probe
1180a4c8   PIP_F_start
1180a380   PIP_F_take
00000064   PIP_OBJSIZE
00000000   PIP_gNextId
00000002   PIP_gNumEmbed
00000000   POOL$
00000000   POOL_USEPOOL
00000001   PRD$
118143b0   PRD_A_TABBEG
11814430   PRD_A_TABEND
00000004   PRD_A_TABLEN
11813a88   PRD_D_cur
11813a8c   PRD_D_elapsed
11813a90   PRD_D_prevtim
11813a94   PRD_D_scalar
11813a98   PRD_D_swihandle
11813a9c   PRD_D_tabbeg
11813aa0   PRD_D_tablen
11813aa4   PRD_D_thook
11813a84   PRD_D_tick
11809100   PRD_F_swi
11809384   PRD_F_tick
00000001   PRD_SCALAR
11814510   PRD_SWIHANDLE
11809f94   PRD_THOOKFXN
1180fff8   PRD_clock
11814510   PRD_swi
00000001   PRD_swi$dorta
00000001   PRD_swi$ord
00000001   PRD_swi$pri
11814474   PRD_swi$sts
118131b9   PRD_swi$sts$avgfmt
00000002   PRD_swi$sts$filter
00000001   PRD_swi$sts$filtmaxmult
00000001   PRD_swi$sts$filtsummult
118131a9   PRD_swi$sts$maxfmt
11814470   PRD_swi$sts$stsobj
118131b1   PRD_swi$sts$sumfmt
00000000   PRD_swi$sts$unittype
00000000   PRD_swi$swi
00000001   PWRM$
00000030   PWRM_PWRM_CAPSMASK
0000000a   PWRM_PWRM_CLKTICKSPERSLOT
00000000   PWRM_PWRM_ENABLE
00000002   PWRM_PWRM_INITSPCPU
00000000   PWRM_PWRM_INITSPPER
00000000   PWRM_PWRM_LOADENABLE
00000001   PWRM_PWRM_NUMSLOTS
00000000   PWRM_PWRM_RESOURCETRACKING
00000000   PWRM_PWRM_SCALING
1180be20   PWRM_PWRM_SHAREDRESOURCEFXN
1180be20   PWRM_PWRM_SLOTHOOKFXN
00000000   PWRM_PWRM_TIMERIDNUM
00000000   PWRM_PWRM_TIMERINTRMASK
00000000   PWRM_PWRM_TIMERWUGENMASK
00000000   PWRM_PWRM_USERRESOURCES
00000000   PWRM_PWRM_USETIMER
00000001   QUE$
11813aa8   RTA_D_fromHost
11813ab0   RTA_D_logval
11813ac0   RTA_D_stsval
11813aac   RTA_D_toHost
1180bd60   RTA_F_andn
118097e0   RTA_F_dispatch
11809700   RTA_F_getlog
11809738   RTA_F_getsts
1180bd78   RTA_F_or
11809778   RTA_F_readblk
118097a0   RTA_F_resetmem
11809794   RTA_F_writeword
1180fff0   RTA_dispatcher
11813ff8   RTA_dispatcher$
1180982c   RTA_execute
11811fc4   RTA_fromHost
1180f9b0   RTA_fromHost$buf
00000004   RTA_fromHost$framesize
00000000   RTA_fromHost$hst
00000001   RTA_fromHost$id
00000000   RTA_fromHost$mode
1180ff20   RTA_fromHost$pipe
1180ff50   RTA_fromHost$pipe$aaa
1180ff80   RTA_fromHost$pipe$bbb
11813bf8   RTA_fromHost$pipe$dtab
1180ff24   RTA_fromHost$pipe$rd
1180ff54   RTA_fromHost$pipe$wr
11811fcc   RTA_fromHost$rtdx
11811fe0   RTA_toHost
11814200   RTA_toHost$buf
00000040   RTA_toHost$framesize
00000000   RTA_toHost$hst
00000000   RTA_toHost$id
00000001   RTA_toHost$mode
1180ff84   RTA_toHost$pipe
1180ffb4   RTA_toHost$pipe$aaa
1180ffe4   RTA_toHost$pipe$bbb
11813c04   RTA_toHost$pipe$dtab
1180ff88   RTA_toHost$pipe$rd
1180ffb8   RTA_toHost$pipe$wr
11811fe8   RTA_toHost$rtdx
00000001   RTDX$
00000408   RTDX_BUFMEMSIZE
11813bf4   RTDX_DATAMEMSEG
00000000   RTDX_MODE
00000001   RTDX_NORMALIZED_HDR
00000001   RTDX_USERTDX
00000000   RTDX_USERTEXECUTION
00000001   SEM$
00000000   SIO$
00000001   STS$
11814430   STS_A_TABBEG
118144b0   STS_A_TABEND
1180bc2c   STS_F_add
1180bc00   STS_F_delta
1180bc48   STS_F_reset
00000001   SWI$
11814510   SWI_A_TABBEG
11814568   SWI_A_TABEND
00000002   SWI_A_TABLEN
11813b1c   SWI_D_curfxn
11813b0c   SWI_D_curmask
11813b18   SWI_D_curmbox
11813b10   SWI_D_curset
11813b08   SWI_D_execaddr
11813b24   SWI_D_inswi
11813b14   SWI_D_lock
11813b20   SWI_D_rdybeg
11813b28   SWI_D_rdytab
11813b04   SWI_D_runaddr
00000000   SWI_EHOOKFXN
11808e24   SWI_EXECFXN
11808c40   SWI_F_enable
11808e24   SWI_F_exec
11808e4c   SWI_F_iexec
11808cb0   SWI_F_post
11808ecc   SWI_F_run
00000000   SWI_IHOOKFXN
11808ecc   SWI_RUNFXN
00000001   SYS$
11814628   SYS$config
1180bda0   SYS_ABORTFXN
1180bea0   SYS_ERRORFXN
1180bec0   SYS_EXITFXN
1180bde0   SYS_PUTCFXN
11814648   TRC_R_mask
11814644   TRC_cinit
00000001   TSK$
00000000   TSK_NUM_HOOKS
00000001   TSK_PRIORITY
00000000   TSK_READYFXN
00000000   TSK_STACKSEG
00000400   TSK_STACKSIZE
00000000   TSK_SWITCHFXN
1180be20   TSK_VCREATEFXN
1180be20   TSK_VDELETEFXN
1180be20   TSK_VEXITFXN
118144bc   TSK_idle
00000001   TSK_idle$ord
00000000   TSK_idle$pri
11813138   TSK_idle$stack
118134d0   TSK_idle$stkptr
11814494   TSK_idle$sts
118131ed   TSK_idle$sts$avgfmt
00000002   TSK_idle$sts$filter
00000001   TSK_idle$sts$filtmaxmult
00000001   TSK_idle$sts$filtsummult
118131dd   TSK_idle$sts$maxfmt
11814490   TSK_idle$sts$stsobj
118131e5   TSK_idle$sts$sumfmt
00000000   TSK_idle$sts$unittype
00000000   TSK_idle$tsk
00000000   UDEV$
1180104c   _AIC3106_Init
11801100   _AIC3106_readRegister
11801154   _AIC3106_writeRegister
1180be20   _BCACHE_bootInit
1180b134   _BCACHE_getMar
1180b0e4   _BCACHE_getSize
1180b0b4   _BCACHE_setCacheToSram
1180b064   _BCACHE_setMar
1180b020   _BCACHE_setSize
1180f9c0   _BIOS_init
1180fbf0   _BIOS_start
ffffffff   _CACHE_L1D
ffffffff   _CACHE_L1P
000493e0   _CLK_COUNTSPMS
11813cac   _CLK_DFLTMICROSECS
11813a80   _CLK_D_countspms
11813a74   _CLK_D_dirty
11813cb0   _CLK_D_microseconds
11813a78   _CLK_D_prd
11813a7c   _CLK_D_tddr
1180abd0   _CLK_F_itime
00005dc0   _CLK_PRD
01c20000   _CLK_REGS
00000000   _CLK_TDDR
00000000   _CLK_TIMERNUM
00000001   _CLK_USETIMER
1180bee0   _CLK_gethtime
11813a64   _CLK_htimeDiv
11813a68   _CLK_htimeMult
11813cbc   _CLK_htimePerLtime
1180f4a4   _CLK_inputClock
1180abd0   _CLK_itime
11813a6c   _CLK_ltimeDiv
11813a70   _CLK_ltimeMult
1180bcc0   _CLK_measure
ffffffff   _DDR
11805a64   _DIP_get
11805ac8   _DIP_getAll
11805a40   _DIP_init
0000000a   _EVENT10
00000064   _EVENT100
00000065   _EVENT101
00000066   _EVENT102
00000067   _EVENT103
00000068   _EVENT104
00000069   _EVENT105
0000006a   _EVENT106
0000006b   _EVENT107
0000006c   _EVENT108
0000006d   _EVENT109
0000000b   _EVENT11
0000006e   _EVENT110
0000006f   _EVENT111
00000070   _EVENT112
00000071   _EVENT113
00000072   _EVENT114
00000073   _EVENT115
00000074   _EVENT116
00000075   _EVENT117
00000076   _EVENT118
00000077   _EVENT119
0000000c   _EVENT12
00000078   _EVENT120
00000079   _EVENT121
0000007a   _EVENT122
0000007b   _EVENT123
0000007c   _EVENT124
0000007d   _EVENT125
0000007e   _EVENT126
0000007f   _EVENT127
0000000d   _EVENT13
0000000e   _EVENT14
0000000f   _EVENT15
00000010   _EVENT16
00000011   _EVENT17
00000012   _EVENT18
00000013   _EVENT19
00000014   _EVENT20
00000015   _EVENT21
00000016   _EVENT22
00000017   _EVENT23
00000018   _EVENT24
00000019   _EVENT25
0000001a   _EVENT26
0000001b   _EVENT27
0000001c   _EVENT28
0000001d   _EVENT29
0000001e   _EVENT30
0000001f   _EVENT31
00000020   _EVENT32
00000021   _EVENT33
00000022   _EVENT34
00000023   _EVENT35
00000024   _EVENT36
00000025   _EVENT37
00000026   _EVENT38
00000027   _EVENT39
00000004   _EVENT4
00000028   _EVENT40
00000029   _EVENT41
0000002a   _EVENT42
0000002b   _EVENT43
0000002c   _EVENT44
0000002d   _EVENT45
0000002e   _EVENT46
0000002f   _EVENT47
00000030   _EVENT48
00000031   _EVENT49
00000005   _EVENT5
00000032   _EVENT50
00000033   _EVENT51
00000034   _EVENT52
00000035   _EVENT53
00000036   _EVENT54
00000037   _EVENT55
00000038   _EVENT56
00000039   _EVENT57
0000003a   _EVENT58
0000003b   _EVENT59
00000006   _EVENT6
0000003c   _EVENT60
0000003d   _EVENT61
0000003e   _EVENT62
0000003f   _EVENT63
00000040   _EVENT64
00000041   _EVENT65
00000042   _EVENT66
00000043   _EVENT67
00000044   _EVENT68
00000045   _EVENT69
00000007   _EVENT7
00000046   _EVENT70
00000047   _EVENT71
00000048   _EVENT72
00000049   _EVENT73
0000004a   _EVENT74
0000004b   _EVENT75
0000004c   _EVENT76
0000004d   _EVENT77
0000004e   _EVENT78
0000004f   _EVENT79
00000008   _EVENT8
00000050   _EVENT80
00000051   _EVENT81
00000052   _EVENT82
00000053   _EVENT83
00000054   _EVENT84
00000055   _EVENT85
00000056   _EVENT86
00000057   _EVENT87
00000058   _EVENT88
00000059   _EVENT89
00000009   _EVENT9
0000005a   _EVENT90
0000005b   _EVENT91
0000005c   _EVENT92
0000005d   _EVENT93
0000005e   _EVENT94
0000005f   _EVENT95
00000060   _EVENT96
00000061   _EVENT97
00000062   _EVENT98
00000063   _EVENT99
118001e8   _EVMC6748_enableDsp
11800000   _EVMC6748_init
1180002c   _EVMC6748_initRAM
118002b0   _EVMC6748_lpscTransition
11800214   _EVMC6748_pinmuxConfig
11808730   _EXC_clearLastStatus
1180a1a0   _EXC_dispatch
11808554   _EXC_exceptionHandler
11813c60   _EXC_exceptionHook
11808520   _EXC_external
11813c68   _EXC_externalHook
11808500   _EXC_getLastStatus
118084c0   _EXC_init
11808214   _EXC_internal
11813c64   _EXC_internalHook
118081e0   _EXC_nmi
11813c6c   _EXC_nmiHook
11813c18   _EXC_returnPtr
1180a364   _EXC_setReturnPtr
1180f968   _EXC_status
11813c10   _EXC_sysTrapTable
1180be20   _FXN_F_nop
1180ba84   _FXN_F_run
1180bac0   _FXN_F_zero
00000000   _GBL_CACHE
1180b1c8   _GBL_cacheInit64P
11813adc   _GBL_clkIn
11813ae0   _GBL_freq
1180be40   _GBL_getVersion
11813ad8   _GBL_procId
11802fb8   _GPIO_getInput
11802f40   _GPIO_setDir
1180302c   _GPIO_setOutput
118030ac   _GPIO_toggleLoop
11806fc0   _HOSTclose
11806180   _HOSTlseek
11806480   _HOSTopen
11806560   _HOSTread
118058c0   _HOSTrename
118069c0   _HOSTunlink
11806a80   _HOSTwrite
11811000   _HSRTDX_rec
11811760   _HSRTDX_xmt
11811fc0   _HST_A_TABBEG
11811ffc   _HST_A_TABEND
00005828   _HWI_CFGDISPATCHED
11813c3c   _HWI_D_inhwi
11813c30   _HWI_D_spsave
11808760   _HWI_F_dispatch
0000000a   _HWI_INT10
0000000b   _HWI_INT11
0000000c   _HWI_INT12
0000000d   _HWI_INT13
0000000e   _HWI_INT14
0000000f   _HWI_INT15
00000004   _HWI_INT4
00000005   _HWI_INT5
00000006   _HWI_INT6
00000007   _HWI_INT7
00000008   _HWI_INT8
00000009   _HWI_INT9
00000001   _HWI_NMI
00000002   _HWI_RESERVED0
00000003   _HWI_RESERVED1
00000000   _HWI_RESET
11813930   _HWI_STKBOTTOM
11813538   _HWI_STKTOP
11813c30   _HWI_data
1180bae0   _HWI_disable
11813938   _HWI_dispatchTab
1180baf8   _HWI_enable
1180bb0c   _HWI_restore
11802354   _I2CGPIO_getInput
11802470   _I2CGPIO_getInputAll
11802280   _I2CGPIO_init
11802580   _I2CGPIO_setOutput
118026c8   _I2CGPIO_setOutputAll
118032c0   _I2C_init
118033ac   _I2C_read
11803508   _I2C_write
118144a4   _IDL_busyObj
1180ffe8   _IDL_cpuLoad
1180be60   _IDL_loop
11813bf4   _IRAM
1180bf00   _IRAM_base
00002000   _IRAM_length
11813ba8   _KNL_alarm
1180b280   _KNL_check
11813bcc   _KNL_curqueue
11813bbc   _KNL_curtask
11813bc4   _KNL_curtime
1180f7f0   _KNL_dummy
1180b5e0   _KNL_enter
1180b5a0   _KNL_exit
1180b348   _KNL_idle
11813be4   _KNL_idlefxn
11813bb0   _KNL_inactive
1180b7a0   _KNL_ipost
1180b370   _KNL_max
11813bd0   _KNL_maxqueue
1180b820   _KNL_post
11813bc0   _KNL_prevtask
11813bb4   _KNL_priority
1180f750   _KNL_queues
11809980   _KNL_run
1180ac20   _KNL_saveIsrFrame
11813bb8   _KNL_set
11813bac   _KNL_setpri
1181453c   _KNL_swi
11813bc8   _KNL_swiptr
1180accc   _KNL_switch
11813bd8   _KNL_tcreatefxn
11813bdc   _KNL_tdeletefxn
11809f94   _KNL_tick
11813be0   _KNL_treadyfxn
11813bd4   _KNL_tswitchfxn
11813ba0   _KNL_wFlag
11813ba4   _KNL_wList
ffffffff   _L3_CBA_RAM
1180b8c0   _LCK_pend
1180b8a0   _LCK_post
11805380   _LED_init
118053cc   _LED_isOn
118054cc   _LED_toggle
11805484   _LED_turnOff
11805434   _LED_turnOn
1180ffec   _LNK_dataPump
11813c4c   _LNK_dspFrameReadyMask
11813c48   _LNK_dspFrameRequestMask
11813c54   _LNK_readDone
11813c58   _LNK_readFail
11813c50   _LNK_readPend
11813c5c   _LNK_writeFail
118145f8   _LOG_A_TABBEG
11814628   _LOG_A_TABEND
00000002   _LOG_A_TABLEN
11813a44   _LOG_D_system
1180b920   _LOG_event
118145f8   _LOG_system
11813cc4   _MEM
11813ae4   _MEM_D_NUMSEGMENTS
11813aec   _MEM_D_freelist
11813af0   _MEM_D_lockaddr
11813ae8   _MEM_D_memtab
11813af4   _MEM_D_unlockaddr
11809bc0   _MEM_alloc
11809fc0   _MEM_free
1180fe00   _MEM_init
11813be8   _MEM_memtab
11800cd0   _McASP_Init
11800e14   _McASP_Start
1180f8c0   _OBJ_segtab
1180f888   _OBJ_table
1180ff20   _PIP_A_TABBEG
1180ffe8   _PIP_A_TABEND
11813a84   _PRD_D_tick
1180fff8   _PRD_clock
11814510   _PRD_swi
1180fff0   _RTA_dispatcher
11811fc4   _RTA_fromHost
11811fe0   _RTA_toHost
11812880   _RTDX_Buffer
11812c8c   _RTDX_Buffer_End
11811de0   _RTDX_Buffer_Initialize
11811f60   _RTDX_Buffer_Read
11811ea0   _RTDX_Buffer_ReadCB
11811ee0   _RTDX_Buffer_Size
11812c88   _RTDX_Buffer_Start
11811f80   _RTDX_Buffer_Write
118112a0   _RTDX_Buffer_WriteCB
11811d60   _RTDX_Final_RT_Monitor
11811e40   _RTDX_Init_RT_Monitor
00000002   _RTDX_JTAGONLY
11811fa0   _RTDX_Mask_IER
11811a60   _RTDX_Mon_Queue
11811cc0   _RTDX_Poll
00000000   _RTDX_interrupt_mask
11811f20   _RTDX_memfill
11812ce0   _RTDX_writing
11813bf4   _SEG0
1180bba0   _SEM_pend
1180a560   _SEM_pendEnterKnl
1180b4c0   _SEM_post
1180b4c0   _SEM_postBinary
1180b660   _SEM_postEnterKnl
11814430   _STS_A_TABBEG
118144b0   _STS_A_TABEND
1180bc2c   _STS_add
1180bc00   _STS_delta
1180bc48   _STS_reset
1180be80   _STS_set
11813b1c   _SWI_D_curfxn
11813b0c   _SWI_D_curmask
11813b10   _SWI_D_curset
11813b08   _SWI_D_execaddr
11813b24   _SWI_D_inswi
11813b14   _SWI_D_lock
11813b20   _SWI_D_rdybeg
11813b04   _SWI_D_runaddr
11813b04   _SWI_data
11808cb0   _SWI_post
11813af8   _SYS
11813ccc   _SYS_PUTCBEG
11813ecb   _SYS_PUTCEND
1180bc60   _SYS_abort
1180ba20   _SYS_error
1180b700   _SYS_exit
1180f930   _SYS_exitStack
11813cb4   _SYS_exitStackPtr
11813cb8   _SYS_exitStackTop
11801210   _SetGpio
11814648   _TRC_R_mask
11813ca8   _TSK
1180f828   _TSK_ATTRS
1180f844   _TSK_config
1180aee0   _TSK_exit
118144bc   _TSK_idle
1180fec0   _TSK_init
11813ca0   _TSK_nTasks
11813ca4   _TSK_pid
1180a8e0   _TSK_setup
1180b444   _TSK_startup
1180f864   _TSK_timerSem
11801198   _USTIMER_delay
11800c00   _UTIL_isUIBoardAttached
11800aa8   _UTIL_printMem
1180bda0   _UTL_doAbort
1180bea0   _UTL_doError
1180bde0   _UTL_doPutc
1180bec0   _UTL_halt
11813ed0   __CIOBUF_
1180abf0   __CLK_lat1beg
1180ac10   __CLK_lat1end
11813b00   __HOOK_NUMHOOKS
11813afc   __HOOK_knlId
11808760   __HWI_lat1beg
118088e8   __HWI_lat1end
118088e8   __HWI_lat2beg
11808ac4   __HWI_lat2end1
11808a50   __HWI_lat2end2
11808ae0   __HWI_lat3beg
11808a80   __HWI_lat3end2
1180bb40   __IDL_lat1beg
1180bb80   __IDL_lat1end
1180b2cc   __KNL_lat1beg
1180b348   __KNL_lat1end
1180b920   __LOG_lat1beg
1180f904   __MEM_mutex
118097a0   __RTA_lat1beg
118097d4   __RTA_lat1end
1180a740   __SEM_dopost
11813938   __STACK_END
00000400   __STACK_SIZE
11808db8   __SWI_lat1beg
11808e64   __SWI_lat1end
11808e68   __SWI_lat2beg
11808ec8   __SWI_lat2end
11808c40   __SWI_lat3beg
11808cac   __SWI_lat3end
1180f8dc   __TSK_mutex
1180f99c   ___TI_enable_exit_profile_output
ffffffff   ___TI_pprof_out_hndl
ffffffff   ___TI_prof_data_size
ffffffff   ___TI_prof_data_start
118079c0   ___add_dtor
1180f4a8   ___atexit_func_id__
ffffffff   ___binit__
11813938   ___bss__
ffffffff   ___c_args__
1180df00   ___cinit__
11800000   ___data__
11800000   ___edata__
11813ccc   ___end__
11807c20   ___etext__
11807a00   ___isinf
11814638   ___pinit__
11800000   ___text__
1180ada0   __auto_init
11806c00   __c6xabi_divu
11807060   __cleanup
1180f994   __cleanup_ptr
11805e20   __closefile
11812e90   __ctypes_
11801240   __divd
11807100   __divli
11806c00   __divu
11805720   __divul
11804440   __divull
11806cc0   __doflush
1180f998   __dtors_ptr
118072e0   __fixdli
118076a0   __fltlid
11807a80   __frcmpyd_div
1180f4a0   __ft_end
1180f180   __ftable
11807720   __llshl
11807ac0   __llshru
1180f9a0   __lock
11807b40   __negll
11807b60   __nop
11802760   __printfi
11807bc0   __register_lock
11807be0   __register_unlock
11807b00   __remli
11813538   __stack
118078a0   __subcull
1180f360   __tmpnams
1180f9a4   __unlock
11806280   __wrt_ok
11806d80   _atexit
11806640   _atoi
11803ba0   _audioHWI
11812f98   _bitval_u32
1180fd40   _c_int00
11806380   _call_dtors
118096ac   _calloc
118039ac   _clk_main
11803960   _clock
11806720   _close
11800688   _config_pll0
118008c4   _config_pll1
11813c70   _dip1
11813c71   _dip2
11813c72   _dip6
11813c73   _dip7
11813c74   _dip8
1181430c   _dipMonitorSem
118143b0   _dipStatusPRD
11803a6c   _dipStatus_PRD
11813c7e   _dip_mask
1180f884   _dtors
11804d60   _fputc
11802ba0   _fputs
11809480   _free
11806060   _fseek
11800c68   _initAll
118074c0   _lseek
11806e40   _ltoa
1180398c   _main
118094a4   _malloc
118095e8   _memalign
11807900   _memccpy
11807560   _memcpy
11806800   _memset
118068e0   _printf
11804d60   _putc
11800c20   _read_audio_sample
118077a0   _readmsg
11809504   _realloc
11807c00   _remove
11813c88   _rtdxNullChanCnt
11813c8c   _rtdxNullFuncCnt
11813c94   _rtdxRecNotDoneCnt
11813c9c   _rtdxXmtErrorCnt
11813c90   _rtdxXmtNotDoneCnt
11813c98   _rtdxXmtRestartCnt
11812cd4   _rtdx_buffer_state
11812c90   _rtdx_mon_state
11813c7c   _s16
11805180   _setvbuf
11813c78   _state
118143f0   _systemBufferPlaybackLEDPRD
11814364   _systemBufferPlaybackLEDSem
11803b30   _systemBufferPlaybackLED_PRD
11814410   _systemFilBufferPlaybackLEDPRD
11814390   _systemFilBufferPlaybackLEDSem
11803b58   _systemFilBufferPlaybackLED_PRD
118143d0   _systemOnBufferLEDPRD
11814338   _systemOnBufferLEDSem
11803b00   _systemOnBufferLED_PRD
11814610   _trace
11807820   _unlink
11807600   _write
11800c44   _write_audio_sample
11807960   _writemsg
ffffffff   binit
1180df00   cinit
1181430c   dipMonitorSem
118143b0   dipStatusPRD
118143cc   dipStatusPRD$aaa
00000000   dipStatusPRD$mode
00000001   dipStatusPRD$ord
0000012c   dipStatusPRD$period
00000000   dipStatusPRD$prd
11814434   dipStatusPRD$sts
11813147   dipStatusPRD$sts$avgfmt
00000000   dipStatusPRD$sts$filter
11813135   dipStatusPRD$sts$maxfmt
11814430   dipStatusPRD$sts$stsobj
1181313e   dipStatusPRD$sts$sumfmt
00000002   dipStatusPRD$sts$unittype
11800000   edata
11813ccc   end
11807c20   etext
11814000   hwi0
11814020   hwi1
11814140   hwi10
11814160   hwi11
11814180   hwi12
118141a0   hwi13
118141c0   hwi14
118141e0   hwi15
11814040   hwi2
11814060   hwi3
11814080   hwi4
118140a0   hwi5
118140c0   hwi6
118140e0   hwi7
11814100   hwi8
11814120   hwi9
11814638   pinit
118143f0   systemBufferPlaybackLEDPRD
1181440c   systemBufferPlaybackLEDPRD$aaa
00000000   systemBufferPlaybackLEDPRD$mode
00000004   systemBufferPlaybackLEDPRD$ord
000001f4   systemBufferPlaybackLEDPRD$period
00000000   systemBufferPlaybackLEDPRD$prd
11814454   systemBufferPlaybackLEDPRD$sts
11813181   systemBufferPlaybackLEDPRD$sts$avgfmt
00000000   systemBufferPlaybackLEDPRD$sts$filter
1181316f   systemBufferPlaybackLEDPRD$sts$maxfmt
11814450   systemBufferPlaybackLEDPRD$sts$stsobj
11813178   systemBufferPlaybackLEDPRD$sts$sumfmt
00000002   systemBufferPlaybackLEDPRD$sts$unittype
11814364   systemBufferPlaybackLEDSem
11814410   systemFilBufferPlaybackLEDPRD
1181442c   systemFilBufferPlaybackLEDPRD$aaa
00000000   systemFilBufferPlaybackLEDPRD$mode
00000006   systemFilBufferPlaybackLEDPRD$ord
000000a6   systemFilBufferPlaybackLEDPRD$period
00000000   systemFilBufferPlaybackLEDPRD$prd
11814464   systemFilBufferPlaybackLEDPRD$sts
1181319e   systemFilBufferPlaybackLEDPRD$sts$avgfmt
00000000   systemFilBufferPlaybackLEDPRD$sts$filter
1181318c   systemFilBufferPlaybackLEDPRD$sts$maxfmt
11814460   systemFilBufferPlaybackLEDPRD$sts$stsobj
11813195   systemFilBufferPlaybackLEDPRD$sts$sumfmt
00000002   systemFilBufferPlaybackLEDPRD$sts$unittype
11814390   systemFilBufferPlaybackLEDSem
118143d0   systemOnBufferLEDPRD
118143ec   systemOnBufferLEDPRD$aaa
00000000   systemOnBufferLEDPRD$mode
00000003   systemOnBufferLEDPRD$ord
00000032   systemOnBufferLEDPRD$period
00000000   systemOnBufferLEDPRD$prd
11814444   systemOnBufferLEDPRD$sts
11813164   systemOnBufferLEDPRD$sts$avgfmt
00000000   systemOnBufferLEDPRD$sts$filter
11813152   systemOnBufferLEDPRD$sts$maxfmt
11814440   systemOnBufferLEDPRD$sts$stsobj
1181315b   systemOnBufferLEDPRD$sts$sumfmt
00000002   systemOnBufferLEDPRD$sts$unittype
11814338   systemOnBufferLEDSem
11814610   trace
11810000   trace$buf
00000001   trace$datatype
00000000   trace$log
00000400   trace$size


GLOBAL SYMBOLS: SORTED BY Symbol Address 

address    name
--------   ----
00000000   BUF$
00000000   CLK_PRDHIGH
00000000   CLK_TDDR
00000000   CLK_TDDRHIGH
00000000   CLK_TIMERNUM
00000000   DEV$
00000000   DGN$
00000000   DHL$
00000000   DHL_gChannelsAvailable
00000000   DIO$
00000000   DIO_NUMSWIBASE
00000000   DIO_NUMTSKBASE
00000000   DIO_STATIC
00000000   DPI$
00000000   ECM$
00000000   ECM_ENABLE
00000000   GBL_BCACHEREADADDR0
00000000   GBL_BCACHEREADADDR1
00000000   GBL_BCACHEREADADDR2
00000000   GBL_BIGENDIAN
00000000   GBL_CACHE
00000000   GBL_CALLCSLCFGINIT
00000000   GBL_ENABLE_SK
00000000   GBL_GEMTRUECOMPEN
00000000   GBL_L2MAR0_31
00000000   GBL_L2MAR160_191
00000000   GBL_L2MAR224_255
00000000   GBL_L2MAR32_63
00000000   GBL_L2MAR64_95
00000000   GBL_L2MAR96_127
00000000   GBL_L2MODE
00000000   GBL_NULL
00000000   GBL_PROCID
00000000   GBL_ROM
00000000   GBL_SUPPORTCSL
00000000   GBL_USERINIT
00000000   GIO$
00000000   HOOK$
00000000   HOOK_KNLID
00000000   HST_DSM
00000000   HST_NONE
00000000   HWI_GENERATE_RESET_VEC
00000000   HWI_INT10$hwi
00000000   HWI_INT11$hwi
00000000   HWI_INT12$hwi
00000000   HWI_INT13$hwi
00000000   HWI_INT14$hwi
00000000   HWI_INT15$hwi
00000000   HWI_INT4$hwi
00000000   HWI_INT5$hwi
00000000   HWI_INT6$hwi
00000000   HWI_INT7$hwi
00000000   HWI_INT8$hwi
00000000   HWI_INT9$hwi
00000000   HWI_NMI$hwi
00000000   HWI_POLARITYMASK
00000000   HWI_RESERVED0$hwi
00000000   HWI_RESERVED1$hwi
00000000   HWI_RESET
00000000   HWI_RESET$hwi
00000000   HWI_ZEROTAB
00000000   IDL_busyObj$iB
00000000   IDL_busyObj$operation
00000000   KNL_swi$pri
00000000   KNL_swi$sts$unittype
00000000   KNL_swi$swi
00000000   LOG_system$datatype
00000000   LOG_system$log
00000000   MBX$
00000000   MEM_NULL
00000000   MEM_USEMPC
00000000   MSGQ$
00000000   MSGQ_USEMSGQ
00000000   OBJ$
00000000   PIP$
00000000   PIP_gNextId
00000000   POOL$
00000000   POOL_USEPOOL
00000000   PRD_swi$sts$unittype
00000000   PRD_swi$swi
00000000   PWRM_PWRM_ENABLE
00000000   PWRM_PWRM_INITSPPER
00000000   PWRM_PWRM_LOADENABLE
00000000   PWRM_PWRM_RESOURCETRACKING
00000000   PWRM_PWRM_SCALING
00000000   PWRM_PWRM_TIMERIDNUM
00000000   PWRM_PWRM_TIMERINTRMASK
00000000   PWRM_PWRM_TIMERWUGENMASK
00000000   PWRM_PWRM_USERRESOURCES
00000000   PWRM_PWRM_USETIMER
00000000   RTA_fromHost$hst
00000000   RTA_fromHost$mode
00000000   RTA_toHost$hst
00000000   RTA_toHost$id
00000000   RTDX_MODE
00000000   RTDX_USERTEXECUTION
00000000   SIO$
00000000   SWI_EHOOKFXN
00000000   SWI_IHOOKFXN
00000000   TSK_NUM_HOOKS
00000000   TSK_READYFXN
00000000   TSK_STACKSEG
00000000   TSK_SWITCHFXN
00000000   TSK_idle$pri
00000000   TSK_idle$sts$unittype
00000000   TSK_idle$tsk
00000000   UDEV$
00000000   _CLK_TDDR
00000000   _CLK_TIMERNUM
00000000   _GBL_CACHE
00000000   _HWI_RESET
00000000   _RTDX_interrupt_mask
00000000   dipStatusPRD$mode
00000000   dipStatusPRD$prd
00000000   dipStatusPRD$sts$filter
00000000   systemBufferPlaybackLEDPRD$mode
00000000   systemBufferPlaybackLEDPRD$prd
00000000   systemBufferPlaybackLEDPRD$sts$filter
00000000   systemFilBufferPlaybackLEDPRD$mode
00000000   systemFilBufferPlaybackLEDPRD$prd
00000000   systemFilBufferPlaybackLEDPRD$sts$filter
00000000   systemOnBufferLEDPRD$mode
00000000   systemOnBufferLEDPRD$prd
00000000   systemOnBufferLEDPRD$sts$filter
00000000   trace$log
00000001   BUF_ENABLED
00000001   CLK$
00000001   CLK_CALDIV
00000001   CLK_CALMULT
00000001   CLK_ENABLEHTIME
00000001   CLK_HTIMEDIV
00000001   CLK_HTIMEMULT
00000001   CLK_LTIMEDIV
00000001   CLK_POWERENABLE
00000001   CLK_RESETTIMER
00000001   CLK_USETIMER
00000001   GBL$
00000001   GBL_ENABLEINST
00000001   GBL_L2CONFIGURE
00000001   GBL_L2MAR128_159
00000001   GBL_boot
00000001   HST$
00000001   HST_RTDX
00000001   HWI$
00000001   HWI_ENABLE_EXC
00000001   HWI_NMI
00000001   IDL$
00000001   IDL_USECLKIDLTIME
00000001   IDL_busyObj$filter
00000001   IDL_busyObj$iA
00000001   IDL_busyObj$iC
00000001   ISRC$
00000001   KNL_swi$dorta
00000001   KNL_swi$sts$filtmaxmult
00000001   KNL_swi$sts$filtsummult
00000001   LCK$
00000001   LOG$
00000001   LOG_ENABLED
00000001   MEM$
00000001   MEM_gNumHeap
00000001   PRD$
00000001   PRD_SCALAR
00000001   PRD_swi$dorta
00000001   PRD_swi$ord
00000001   PRD_swi$pri
00000001   PRD_swi$sts$filtmaxmult
00000001   PRD_swi$sts$filtsummult
00000001   PWRM$
00000001   PWRM_PWRM_NUMSLOTS
00000001   QUE$
00000001   RTA_fromHost$id
00000001   RTA_toHost$mode
00000001   RTDX$
00000001   RTDX_NORMALIZED_HDR
00000001   RTDX_USERTDX
00000001   SEM$
00000001   STS$
00000001   SWI$
00000001   SYS$
00000001   TSK$
00000001   TSK_PRIORITY
00000001   TSK_idle$ord
00000001   TSK_idle$sts$filtmaxmult
00000001   TSK_idle$sts$filtsummult
00000001   _CLK_USETIMER
00000001   _HWI_NMI
00000001   dipStatusPRD$ord
00000001   trace$datatype
00000002   HWI_RESERVED0
00000002   IDL_busyObj$unittype
00000002   KNL_swi$ord
00000002   KNL_swi$sts$filter
00000002   LOG_A_TABLEN
00000002   PIP_A_TABLEN
00000002   PIP_gNumEmbed
00000002   PRD_swi$sts$filter
00000002   PWRM_PWRM_INITSPCPU
00000002   SWI_A_TABLEN
00000002   TSK_idle$sts$filter
00000002   _HWI_RESERVED0
00000002   _LOG_A_TABLEN
00000002   _RTDX_JTAGONLY
00000002   dipStatusPRD$sts$unittype
00000002   systemBufferPlaybackLEDPRD$sts$unittype
00000002   systemFilBufferPlaybackLEDPRD$sts$unittype
00000002   systemOnBufferLEDPRD$sts$unittype
00000003   HWI_RESERVED1
00000003   _HWI_RESERVED1
00000003   systemOnBufferLEDPRD$ord
00000004   CLK_COUNTSPMSHIGH
00000004   EVENT4
00000004   HWI_INT4
00000004   PRD_A_TABLEN
00000004   RTA_fromHost$framesize
00000004   _EVENT4
00000004   _HWI_INT4
00000004   systemBufferPlaybackLEDPRD$ord
00000005   CLK_TIMMODE
00000005   EVENT5
00000005   HWI_INT5
00000005   _EVENT5
00000005   _HWI_INT5
00000006   EVENT6
00000006   HWI_INT6
00000006   IDL_CALIBRERROR
00000006   _EVENT6
00000006   _HWI_INT6
00000006   systemFilBufferPlaybackLEDPRD$ord
00000007   EVENT7
00000007   GBL_L1DMODE
00000007   GBL_L1PMODE
00000007   HWI_INT7
00000007   _EVENT7
00000007   _HWI_INT7
00000008   EVENT8
00000008   HWI_INT8
00000008   _EVENT8
00000008   _HWI_INT8
00000009   EVENT9
00000009   HWI_INT9
00000009   _EVENT9
00000009   _HWI_INT9
0000000a   EVENT10
0000000a   HWI_INT10
0000000a   PWRM_PWRM_CLKTICKSPERSLOT
0000000a   _EVENT10
0000000a   _HWI_INT10
0000000b   EVENT11
0000000b   HWI_INT11
0000000b   _EVENT11
0000000b   _HWI_INT11
0000000c   EVENT12
0000000c   HWI_INT12
0000000c   _EVENT12
0000000c   _HWI_INT12
0000000d   EVENT13
0000000d   HWI_INT13
0000000d   _EVENT13
0000000d   _HWI_INT13
0000000e   EVENT14
0000000e   HWI_INT14
0000000e   _EVENT14
0000000e   _HWI_INT14
0000000f   EVENT15
0000000f   HWI_INT15
0000000f   _EVENT15
0000000f   _HWI_INT15
00000010   EVENT16
00000010   _EVENT16
00000011   EVENT17
00000011   _EVENT17
00000012   EVENT18
00000012   _EVENT18
00000013   EVENT19
00000013   _EVENT19
00000014   EVENT20
00000014   _EVENT20
00000015   EVENT21
00000015   _EVENT21
00000016   EVENT22
00000016   _EVENT22
00000017   EVENT23
00000017   _EVENT23
00000018   EVENT24
00000018   _EVENT24
00000019   EVENT25
00000019   _EVENT25
0000001a   EVENT26
0000001a   _EVENT26
0000001b   EVENT27
0000001b   _EVENT27
0000001c   EVENT28
0000001c   _EVENT28
0000001d   EVENT29
0000001d   _EVENT29
0000001e   EVENT30
0000001e   _EVENT30
0000001f   EVENT31
0000001f   _EVENT31
00000020   CLK_TCR
00000020   EVENT32
00000020   _EVENT32
00000021   EVENT33
00000021   _EVENT33
00000022   EVENT34
00000022   _EVENT34
00000023   EVENT35
00000023   _EVENT35
00000024   EVENT36
00000024   _EVENT36
00000025   EVENT37
00000025   _EVENT37
00000026   EVENT38
00000026   _EVENT38
00000027   EVENT39
00000027   _EVENT39
00000028   EVENT40
00000028   _EVENT40
00000029   EVENT41
00000029   _EVENT41
0000002a   EVENT42
0000002a   _EVENT42
0000002b   EVENT43
0000002b   _EVENT43
0000002c   EVENT44
0000002c   _EVENT44
0000002d   EVENT45
0000002d   _EVENT45
0000002e   EVENT46
0000002e   _EVENT46
0000002f   EVENT47
0000002f   _EVENT47
00000030   EVENT48
00000030   PWRM_PWRM_CAPSMASK
00000030   _EVENT48
00000031   EVENT49
00000031   _EVENT49
00000032   EVENT50
00000032   _EVENT50
00000032   systemOnBufferLEDPRD$period
00000033   EVENT51
00000033   _EVENT51
00000034   EVENT52
00000034   _EVENT52
00000035   EVENT53
00000035   _EVENT53
00000036   EVENT54
00000036   _EVENT54
00000037   EVENT55
00000037   _EVENT55
00000038   EVENT56
00000038   _EVENT56
00000039   EVENT57
00000039   _EVENT57
0000003a   EVENT58
0000003a   _EVENT58
0000003b   EVENT59
0000003b   _EVENT59
0000003c   EVENT60
0000003c   _EVENT60
0000003d   EVENT61
0000003d   _EVENT61
0000003e   EVENT62
0000003e   GBL_DSPTYPE
0000003e   _EVENT62
0000003f   EVENT63
0000003f   _EVENT63
00000040   EVENT64
00000040   HST_MAXFRAMESET
00000040   RTA_toHost$framesize
00000040   _EVENT64
00000041   EVENT65
00000041   _EVENT65
00000042   EVENT66
00000042   GBL_FOOTPRINT
00000042   _EVENT66
00000043   EVENT67
00000043   _EVENT67
00000044   EVENT68
00000044   _EVENT68
00000045   EVENT69
00000045   _EVENT69
00000046   EVENT70
00000046   _EVENT70
00000047   EVENT71
00000047   _EVENT71
00000048   EVENT72
00000048   _EVENT72
00000049   EVENT73
00000049   _EVENT73
0000004a   EVENT74
0000004a   _EVENT74
0000004b   EVENT75
0000004b   _EVENT75
0000004c   EVENT76
0000004c   _EVENT76
0000004d   EVENT77
0000004d   _EVENT77
0000004e   EVENT78
0000004e   _EVENT78
0000004f   EVENT79
0000004f   _EVENT79
00000050   EVENT80
00000050   _EVENT80
00000051   EVENT81
00000051   _EVENT81
00000052   EVENT82
00000052   _EVENT82
00000053   EVENT83
00000053   _EVENT83
00000054   EVENT84
00000054   _EVENT84
00000055   EVENT85
00000055   _EVENT85
00000056   EVENT86
00000056   _EVENT86
00000057   EVENT87
00000057   _EVENT87
00000058   EVENT88
00000058   _EVENT88
00000059   EVENT89
00000059   _EVENT89
0000005a   EVENT90
0000005a   _EVENT90
0000005b   EVENT91
0000005b   _EVENT91
0000005c   EVENT92
0000005c   _EVENT92
0000005d   EVENT93
0000005d   _EVENT93
0000005e   EVENT94
0000005e   _EVENT94
0000005f   EVENT95
0000005f   _EVENT95
00000060   EVENT96
00000060   _EVENT96
00000061   EVENT97
00000061   _EVENT97
00000062   EVENT98
00000062   _EVENT98
00000063   EVENT99
00000063   _EVENT99
00000064   EVENT100
00000064   PIP_OBJSIZE
00000064   _EVENT100
00000065   EVENT101
00000065   _EVENT101
00000066   EVENT102
00000066   _EVENT102
00000067   EVENT103
00000067   _EVENT103
00000068   EVENT104
00000068   _EVENT104
00000069   EVENT105
00000069   _EVENT105
0000006a   EVENT106
0000006a   _EVENT106
0000006b   EVENT107
0000006b   _EVENT107
0000006c   EVENT108
0000006c   _EVENT108
0000006d   EVENT109
0000006d   _EVENT109
0000006e   EVENT110
0000006e   _EVENT110
0000006f   EVENT111
0000006f   _EVENT111
00000070   EVENT112
00000070   _EVENT112
00000071   EVENT113
00000071   _EVENT113
00000072   EVENT114
00000072   _EVENT114
00000073   EVENT115
00000073   _EVENT115
00000074   EVENT116
00000074   _EVENT116
00000075   EVENT117
00000075   _EVENT117
00000076   EVENT118
00000076   _EVENT118
00000077   EVENT119
00000077   _EVENT119
00000078   EVENT120
00000078   _EVENT120
00000079   EVENT121
00000079   _EVENT121
0000007a   EVENT122
0000007a   _EVENT122
0000007b   EVENT123
0000007b   _EVENT123
0000007c   EVENT124
0000007c   _EVENT124
0000007d   EVENT125
0000007d   _EVENT125
0000007e   EVENT126
0000007e   _EVENT126
0000007f   EVENT127
0000007f   _EVENT127
000000a6   systemFilBufferPlaybackLEDPRD$period
000000ff   HST_MAXFRAMEALLOWED
0000012c   dipStatusPRD$period
000001f4   systemBufferPlaybackLEDPRD$period
00000200   LOG_system$size
000003e8   CLK_MICROSECS
00000400   HST_DSMMEMSIZE
00000400   TSK_STACKSIZE
00000400   __STACK_SIZE
00000400   trace$size
00000408   RTDX_BUFMEMSIZE
00001a5b   GBL_CLKTYPE
00001a5c   GBL_DSPSUBTYPE
00002000   IRAM$L
00002000   _IRAM_length
00004000   CLK_INTBIT
00004e20   GBL_CLKIN
00005205   GBL_A_VERSION
00005828   HWI_CFGDISPATCHED
00005828   _HWI_CFGDISPATCHED
00005dc0   CLK_INPUTCLK
00005dc0   CLK_PRD
00005dc0   _CLK_PRD
0000dbef   GBL_TRCMASKVALUE
000493e0   CLK_COUNTSPMS
000493e0   CLK_HTIMEPERLTIME
000493e0   CLK_LTIMEMULT
000493e0   GBL_FREQ
000493e0   _CLK_COUNTSPMS
01c20000   CLK_REGS
01c20000   _CLK_REGS
07063d04   HWI_INTRMUX1
0b0a0908   HWI_INTRMUX2
11800000   .data
11800000   .text
11800000   _EVMC6748_init
11800000   ___data__
11800000   ___edata__
11800000   ___text__
11800000   edata
1180002c   _EVMC6748_initRAM
118001e8   _EVMC6748_enableDsp
11800214   _EVMC6748_pinmuxConfig
118002b0   _EVMC6748_lpscTransition
11800688   _config_pll0
118008c4   _config_pll1
11800aa8   _UTIL_printMem
11800c00   _UTIL_isUIBoardAttached
11800c20   _read_audio_sample
11800c44   _write_audio_sample
11800c68   _initAll
11800cd0   _McASP_Init
11800e14   _McASP_Start
1180104c   _AIC3106_Init
11801100   _AIC3106_readRegister
11801154   _AIC3106_writeRegister
11801198   _USTIMER_delay
11801210   _SetGpio
11801240   __divd
11802280   _I2CGPIO_init
11802354   _I2CGPIO_getInput
11802470   _I2CGPIO_getInputAll
11802580   _I2CGPIO_setOutput
118026c8   _I2CGPIO_setOutputAll
11802760   __printfi
11802ba0   _fputs
11802f40   _GPIO_setDir
11802fb8   _GPIO_getInput
1180302c   _GPIO_setOutput
118030ac   _GPIO_toggleLoop
118032c0   _I2C_init
118033ac   _I2C_read
11803508   _I2C_write
11803960   _clock
1180398c   _main
118039ac   _clk_main
11803a6c   _dipStatus_PRD
11803b00   _systemOnBufferLED_PRD
11803b30   _systemBufferPlaybackLED_PRD
11803b58   _systemFilBufferPlaybackLED_PRD
11803ba0   _audioHWI
11804440   __divull
11804d60   _fputc
11804d60   _putc
11805180   _setvbuf
11805380   _LED_init
118053cc   _LED_isOn
11805434   _LED_turnOn
11805484   _LED_turnOff
118054cc   _LED_toggle
11805720   __divul
118058c0   _HOSTrename
11805a40   _DIP_init
11805a64   _DIP_get
11805ac8   _DIP_getAll
11805e20   __closefile
11806060   _fseek
11806180   _HOSTlseek
11806280   __wrt_ok
11806380   _call_dtors
11806480   _HOSTopen
11806560   _HOSTread
11806640   _atoi
11806720   _close
11806800   _memset
118068e0   _printf
118069c0   _HOSTunlink
11806a80   _HOSTwrite
11806c00   __c6xabi_divu
11806c00   __divu
11806cc0   __doflush
11806d80   _atexit
11806e40   _ltoa
11806fc0   _HOSTclose
11807060   __cleanup
11807100   __divli
118072e0   __fixdli
118074c0   _lseek
11807560   _memcpy
11807600   _write
118076a0   __fltlid
11807720   __llshl
118077a0   _readmsg
11807820   _unlink
118078a0   __subcull
11807900   _memccpy
11807960   _writemsg
118079b8   C$$IO$$
118079c0   ___add_dtor
11807a00   ___isinf
11807a80   __frcmpyd_div
11807ac0   __llshru
11807b00   __remli
11807b40   __negll
11807b60   __nop
11807bc0   __register_lock
11807be0   __register_unlock
11807c00   _remove
11807c20   LNK_F_checkBufferCall
11807c20   ___etext__
11807c20   etext
11807c40   LNK_F_getChanPtr
11807c98   LNK_F_init
11807ca0   LNK_F_dataPump
11807cb0   LNK_rcloop
11807d74   LNK_rdrtry
11807d84   LNK_rrloop
11807e44   LNK_wrrtry
11807e50   LNK_wrloop
11807f20   LNK_newin
11808054   LNK_newout
118081a8   LNK_F_readCallBack
118081e0   _EXC_nmi
11808214   _EXC_internal
118084c0   _EXC_init
11808500   _EXC_getLastStatus
11808520   _EXC_external
11808554   _EXC_exceptionHandler
11808730   _EXC_clearLastStatus
11808760   CLK_HOOKFXN
11808760   HWI_F_dispatch
11808760   _HWI_F_dispatch
11808760   __HWI_lat1beg
118088e8   __HWI_lat1end
118088e8   __HWI_lat2beg
11808a50   __HWI_lat2end2
11808a80   __HWI_lat3end2
11808ac4   __HWI_lat2end1
11808ae0   __HWI_lat3beg
11808c40   SWI_F_enable
11808c40   __SWI_lat3beg
11808cac   __SWI_lat3end
11808cb0   SWI_F_post
11808cb0   _SWI_post
11808db8   __SWI_lat1beg
11808e24   SWI_EXECFXN
11808e24   SWI_F_exec
11808e4c   SWI_F_iexec
11808e64   __SWI_lat1end
11808e68   __SWI_lat2beg
11808ec8   __SWI_lat2end
11808ecc   SWI_F_run
11808ecc   SWI_RUNFXN
11809100   PRD_F_swi
11809384   PRD_F_tick
11809480   _free
118094a4   _malloc
11809504   _realloc
118095e8   _memalign
118096ac   _calloc
11809700   RTA_F_getlog
11809738   RTA_F_getsts
11809778   RTA_F_readblk
11809794   RTA_F_writeword
118097a0   RTA_F_resetmem
118097a0   __RTA_lat1beg
118097d4   __RTA_lat1end
118097e0   RTA_F_dispatch
1180982c   RTA_execute
11809980   _KNL_run
11809bc0   _MEM_alloc
11809f94   PRD_THOOKFXN
11809f94   _KNL_tick
11809fc0   _MEM_free
1180a1a0   _EXC_dispatch
1180a364   _EXC_setReturnPtr
1180a380   PIP_F_take
1180a3f8   PIP_F_give
1180a3f8   PIP_F_probe
1180a4c8   PIP_F_start
1180a560   _SEM_pendEnterKnl
1180a740   __SEM_dopost
1180a8e0   _TSK_setup
1180aa80   CLK_F_getltime
1180aa90   CLK_F_isr
1180abd0   CLK_F_itime
1180abd0   _CLK_F_itime
1180abd0   _CLK_itime
1180abf0   __CLK_lat1beg
1180ac10   __CLK_lat1end
1180ac20   _KNL_saveIsrFrame
1180accc   _KNL_switch
1180ad78   KNL_glue
1180ada0   __auto_init
1180aee0   _TSK_exit
1180b020   _BCACHE_setSize
1180b064   _BCACHE_setMar
1180b0b4   _BCACHE_setCacheToSram
1180b0e4   _BCACHE_getSize
1180b134   _BCACHE_getMar
1180b1c8   _GBL_cacheInit64P
1180b280   _KNL_check
1180b2cc   __KNL_lat1beg
1180b348   _KNL_idle
1180b348   __KNL_lat1end
1180b370   _KNL_max
1180b444   _TSK_startup
1180b4c0   _SEM_post
1180b4c0   _SEM_postBinary
1180b5a0   _KNL_exit
1180b5e0   _KNL_enter
1180b660   _SEM_postEnterKnl
1180b700   _SYS_exit
1180b7a0   _KNL_ipost
1180b820   _KNL_post
1180b8a0   _LCK_post
1180b8c0   _LCK_pend
1180b920   LOG_F_event
1180b920   _LOG_event
1180b920   __LOG_lat1beg
1180b9a0   IDL_F_calibrate
1180ba20   _SYS_error
1180ba80   FXN_F_nop
1180ba84   FXN_F_run
1180ba84   _FXN_F_run
1180bac0   FXN_F_zero
1180bac0   _FXN_F_zero
1180bae0   _HWI_disable
1180baf8   _HWI_enable
1180bb0c   _HWI_restore
1180bb40   IDL_F_busy
1180bb40   __IDL_lat1beg
1180bb80   __IDL_lat1end
1180bba0   _SEM_pend
1180bc00   STS_F_delta
1180bc00   _STS_delta
1180bc2c   STS_F_add
1180bc2c   _STS_add
1180bc48   STS_F_reset
1180bc48   _STS_reset
1180bc60   _SYS_abort
1180bcc0   _CLK_measure
1180bd20   IDL_CALIBRFXN
1180bd20   IDL_F_stub
1180bd60   RTA_F_andn
1180bd78   RTA_F_or
1180bda0   SYS_ABORTFXN
1180bda0   _UTL_doAbort
1180bde0   SYS_PUTCFXN
1180bde0   _UTL_doPutc
1180be20   GBL_USERINITFXN
1180be20   GIO_CREATEFXN
1180be20   GIO_DELETEFXN
1180be20   GIO_PENDFXN
1180be20   GIO_POSTFXN
1180be20   PWRM_PWRM_SHAREDRESOURCEFXN
1180be20   PWRM_PWRM_SLOTHOOKFXN
1180be20   TSK_VCREATEFXN
1180be20   TSK_VDELETEFXN
1180be20   TSK_VEXITFXN
1180be20   _BCACHE_bootInit
1180be20   _FXN_F_nop
1180be40   _GBL_getVersion
1180be60   IDL_F_loop
1180be60   _IDL_loop
1180be80   _STS_set
1180bea0   SYS_ERRORFXN
1180bea0   _UTL_doError
1180bec0   SYS_EXITFXN
1180bec0   _UTL_halt
1180bee0   CLK_F_gethtime
1180bee0   CLK_TIMEFXN
1180bee0   _CLK_gethtime
1180bf00   IRAM$B
1180bf00   _IRAM_base
1180df00   ___cinit__
1180df00   cinit
1180f180   __ftable
1180f360   __tmpnams
1180f4a0   __ft_end
1180f4a4   _CLK_inputClock
1180f4a8   ___atexit_func_id__
1180f750   _KNL_queues
1180f7f0   _KNL_dummy
1180f828   _TSK_ATTRS
1180f844   _TSK_config
1180f864   _TSK_timerSem
1180f884   _dtors
1180f888   _OBJ_table
1180f8c0   _OBJ_segtab
1180f8dc   __TSK_mutex
1180f904   __MEM_mutex
1180f930   _SYS_exitStack
1180f968   _EXC_status
1180f994   __cleanup_ptr
1180f998   __dtors_ptr
1180f99c   ___TI_enable_exit_profile_output
1180f9a0   __lock
1180f9a4   __unlock
1180f9b0   RTA_fromHost$buf
1180f9c0   BIOS_init
1180f9c0   _BIOS_init
1180fb44   BIOS$$CLKON
1180fb84   BIOS$$CLKOFF
1180fbf0   BIOS_start
1180fbf0   _BIOS_start
1180fd40   _c_int00
1180fe00   _MEM_init
1180fec0   _TSK_init
1180ff20   PIP_A_TABBEG
1180ff20   RTA_fromHost$pipe
1180ff20   _PIP_A_TABBEG
1180ff24   RTA_fromHost$pipe$rd
1180ff50   RTA_fromHost$pipe$aaa
1180ff54   RTA_fromHost$pipe$wr
1180ff80   RTA_fromHost$pipe$bbb
1180ff84   RTA_toHost$pipe
1180ff88   RTA_toHost$pipe$rd
1180ffb4   RTA_toHost$pipe$aaa
1180ffb8   RTA_toHost$pipe$wr
1180ffe4   RTA_toHost$pipe$bbb
1180ffe8   IDL_A_TABBEG
1180ffe8   IDL_cpuLoad
1180ffe8   PIP_A_TABEND
1180ffe8   _IDL_cpuLoad
1180ffe8   _PIP_A_TABEND
1180ffec   LNK_dataPump
1180ffec   _LNK_dataPump
1180fff0   RTA_dispatcher
1180fff0   _RTA_dispatcher
1180fff4   IDL_END
1180fff8   CLK_A_TABBEG
1180fff8   PRD_clock
1180fff8   _PRD_clock
1180fffc   CLK_null
11810000   trace$buf
11811000   _HSRTDX_rec
118112a0   _RTDX_Buffer_WriteCB
11811760   _HSRTDX_xmt
11811a60   _RTDX_Mon_Queue
11811cc0   _RTDX_Poll
11811d60   _RTDX_Final_RT_Monitor
11811de0   _RTDX_Buffer_Initialize
11811e40   _RTDX_Init_RT_Monitor
11811ea0   _RTDX_Buffer_ReadCB
11811ee0   _RTDX_Buffer_Size
11811f20   _RTDX_memfill
11811f60   _RTDX_Buffer_Read
11811f80   _RTDX_Buffer_Write
11811fa0   _RTDX_Mask_IER
11811fc0   HST_A_TABBEG
11811fc0   _HST_A_TABBEG
11811fc4   RTA_fromHost
11811fc4   _RTA_fromHost
11811fcc   RTA_fromHost$rtdx
11811fe0   RTA_toHost
11811fe0   _RTA_toHost
11811fe8   RTA_toHost$rtdx
11811ffc   HST_A_TABEND
11811ffc   _HST_A_TABEND
11812000   LOG_system$buf
11812880   _RTDX_Buffer
11812c88   _RTDX_Buffer_Start
11812c8c   _RTDX_Buffer_End
11812c90   _rtdx_mon_state
11812cd4   _rtdx_buffer_state
11812ce0   _RTDX_writing
11812e90   __ctypes_
11812f98   _bitval_u32
11813135   dipStatusPRD$sts$maxfmt
11813138   TSK_idle$stack
1181313e   dipStatusPRD$sts$sumfmt
11813147   dipStatusPRD$sts$avgfmt
11813152   systemOnBufferLEDPRD$sts$maxfmt
1181315b   systemOnBufferLEDPRD$sts$sumfmt
11813164   systemOnBufferLEDPRD$sts$avgfmt
1181316f   systemBufferPlaybackLEDPRD$sts$maxfmt
11813178   systemBufferPlaybackLEDPRD$sts$sumfmt
11813181   systemBufferPlaybackLEDPRD$sts$avgfmt
1181318c   systemFilBufferPlaybackLEDPRD$sts$maxfmt
11813195   systemFilBufferPlaybackLEDPRD$sts$sumfmt
1181319e   systemFilBufferPlaybackLEDPRD$sts$avgfmt
118131a9   PRD_swi$sts$maxfmt
118131b1   PRD_swi$sts$sumfmt
118131b9   PRD_swi$sts$avgfmt
118131c3   KNL_swi$sts$maxfmt
118131cb   KNL_swi$sts$sumfmt
118131d3   KNL_swi$sts$avgfmt
118131dd   TSK_idle$sts$maxfmt
118131e5   TSK_idle$sts$sumfmt
118131ed   TSK_idle$sts$avgfmt
118131f7   IDL_busyObj$maxfmt
118131fa   IDL_busyObj$sumfmt
118131fd   IDL_busyObj$avgfmt
118134d0   TSK_idle$stkptr
11813538   GBL_stackbeg
11813538   _HWI_STKTOP
11813538   __stack
11813930   _HWI_STKBOTTOM
11813937   GBL_stackend
11813938   $bss
11813938   .bss
11813938   _HWI_dispatchTab
11813938   __STACK_END
11813938   ___bss__
11813a38   IDL_D_tabbeg
11813a3c   IDL_D_calibrate
11813a40   IDL_D_calbeg
11813a44   LOG_D_system
11813a44   _LOG_D_system
11813a48   PIP_D_tabbeg
11813a4c   PIP_D_tablen
11813a50   CLK_R_time
11813a54   CLK_D_timefxn
11813a58   CLK_D_tabbeg
11813a5c   CLK_D_isrhook
11813a60   CLK_D_idletime
11813a64   _CLK_htimeDiv
11813a68   _CLK_htimeMult
11813a6c   _CLK_ltimeDiv
11813a70   _CLK_ltimeMult
11813a74   _CLK_D_dirty
11813a78   _CLK_D_prd
11813a7c   _CLK_D_tddr
11813a80   _CLK_D_countspms
11813a84   PRD_D_tick
11813a84   _PRD_D_tick
11813a88   PRD_D_cur
11813a8c   PRD_D_elapsed
11813a90   PRD_D_prevtim
11813a94   PRD_D_scalar
11813a98   PRD_D_swihandle
11813a9c   PRD_D_tabbeg
11813aa0   PRD_D_tablen
11813aa4   PRD_D_thook
11813aa8   RTA_D_fromHost
11813aac   RTA_D_toHost
11813ab0   RTA_D_logval
11813ac0   RTA_D_stsval
11813acc   HST_D_chanmask
11813ad0   HST_D_tabbeg
11813ad4   HST_D_tabend
11813ad8   _GBL_procId
11813adc   _GBL_clkIn
11813ae0   _GBL_freq
11813ae4   _MEM_D_NUMSEGMENTS
11813ae8   _MEM_D_memtab
11813aec   _MEM_D_freelist
11813af0   _MEM_D_lockaddr
11813af4   _MEM_D_unlockaddr
11813af8   _SYS
11813afc   __HOOK_knlId
11813b00   __HOOK_NUMHOOKS
11813b04   SWI_D_runaddr
11813b04   _SWI_D_runaddr
11813b04   _SWI_data
11813b08   SWI_D_execaddr
11813b08   _SWI_D_execaddr
11813b0c   SWI_D_curmask
11813b0c   _SWI_D_curmask
11813b10   SWI_D_curset
11813b10   _SWI_D_curset
11813b14   SWI_D_lock
11813b14   _SWI_D_lock
11813b18   SWI_D_curmbox
11813b1c   SWI_D_curfxn
11813b1c   _SWI_D_curfxn
11813b20   SWI_D_rdybeg
11813b20   _SWI_D_rdybeg
11813b24   SWI_D_inswi
11813b24   _SWI_D_inswi
11813b28   SWI_D_rdytab
11813ba0   _KNL_wFlag
11813ba4   _KNL_wList
11813ba8   _KNL_alarm
11813bac   _KNL_setpri
11813bb0   _KNL_inactive
11813bb4   _KNL_priority
11813bb8   _KNL_set
11813bbc   _KNL_curtask
11813bc0   _KNL_prevtask
11813bc4   _KNL_curtime
11813bc8   _KNL_swiptr
11813bcc   _KNL_curqueue
11813bd0   _KNL_maxqueue
11813bd4   _KNL_tswitchfxn
11813bd8   _KNL_tcreatefxn
11813bdc   _KNL_tdeletefxn
11813be0   _KNL_treadyfxn
11813be4   _KNL_idlefxn
11813be8   _MEM_memtab
11813bf4   HST_DSMBUFSEG
11813bf4   IRAM
11813bf4   MEM_MALLOCSEG
11813bf4   MEM_SEGZERO
11813bf4   RTDX_DATAMEMSEG
11813bf4   _IRAM
11813bf4   _SEG0
11813bf8   RTA_fromHost$pipe$dtab
11813c04   RTA_toHost$pipe$dtab
11813c10   _EXC_sysTrapTable
11813c18   _EXC_returnPtr
11813c30   HWI_D_spsave
11813c30   _HWI_D_spsave
11813c30   _HWI_data
11813c3c   _HWI_D_inhwi
11813c40   HWI_D_bss
11813c44   HWI_D_ccmask
11813c48   LNK_dspFrameRequestMask
11813c48   _LNK_dspFrameRequestMask
11813c4c   LNK_dspFrameReadyMask
11813c4c   _LNK_dspFrameReadyMask
11813c50   LNK_readPend
11813c50   _LNK_readPend
11813c54   LNK_readDone
11813c54   _LNK_readDone
11813c58   LNK_readFail
11813c58   _LNK_readFail
11813c5c   LNK_writeFail
11813c5c   _LNK_writeFail
11813c60   _EXC_exceptionHook
11813c64   _EXC_internalHook
11813c68   _EXC_externalHook
11813c6c   _EXC_nmiHook
11813c70   _dip1
11813c71   _dip2
11813c72   _dip6
11813c73   _dip7
11813c74   _dip8
11813c78   _state
11813c7c   _s16
11813c7e   _dip_mask
11813c88   _rtdxNullChanCnt
11813c8c   _rtdxNullFuncCnt
11813c90   _rtdxXmtNotDoneCnt
11813c94   _rtdxRecNotDoneCnt
11813c98   _rtdxXmtRestartCnt
11813c9c   _rtdxXmtErrorCnt
11813ca0   _TSK_nTasks
11813ca4   _TSK_pid
11813ca8   _TSK
11813cac   _CLK_DFLTMICROSECS
11813cb0   _CLK_D_microseconds
11813cb4   _SYS_exitStackPtr
11813cb8   _SYS_exitStackTop
11813cbc   _CLK_htimePerLtime
11813cc0   IDL_D_busyObj
11813cc4   _MEM
11813ccc   _SYS_PUTCBEG
11813ccc   ___end__
11813ccc   end
11813ecb   _SYS_PUTCEND
11813ed0   __CIOBUF_
11813ff0   IDL_A_CALBEG
11813ff0   IDL_cpuLoad$
11813ff4   LNK_dataPump$
11813ff8   RTA_dispatcher$
11813ffc   IDL_END$
11814000   HWI_A_VECS
11814000   hwi0
11814020   hwi1
11814040   hwi2
11814060   hwi3
11814080   hwi4
118140a0   hwi5
118140c0   hwi6
118140e0   hwi7
11814100   hwi8
11814120   hwi9
11814140   hwi10
11814160   hwi11
11814180   hwi12
118141a0   hwi13
118141c0   hwi14
118141e0   hwi15
11814200   RTA_toHost$buf
1181430c   _dipMonitorSem
1181430c   dipMonitorSem
11814338   _systemOnBufferLEDSem
11814338   systemOnBufferLEDSem
11814364   _systemBufferPlaybackLEDSem
11814364   systemBufferPlaybackLEDSem
11814390   _systemFilBufferPlaybackLEDSem
11814390   systemFilBufferPlaybackLEDSem
118143b0   PRD_A_TABBEG
118143b0   _dipStatusPRD
118143b0   dipStatusPRD
118143cc   dipStatusPRD$aaa
118143d0   _systemOnBufferLEDPRD
118143d0   systemOnBufferLEDPRD
118143ec   systemOnBufferLEDPRD$aaa
118143f0   _systemBufferPlaybackLEDPRD
118143f0   systemBufferPlaybackLEDPRD
1181440c   systemBufferPlaybackLEDPRD$aaa
11814410   _systemFilBufferPlaybackLEDPRD
11814410   systemFilBufferPlaybackLEDPRD
1181442c   systemFilBufferPlaybackLEDPRD$aaa
11814430   PRD_A_TABEND
11814430   STS_A_TABBEG
11814430   _STS_A_TABBEG
11814430   dipStatusPRD$sts$stsobj
11814434   dipStatusPRD$sts
11814440   systemOnBufferLEDPRD$sts$stsobj
11814444   systemOnBufferLEDPRD$sts
11814450   systemBufferPlaybackLEDPRD$sts$stsobj
11814454   systemBufferPlaybackLEDPRD$sts
11814460   systemFilBufferPlaybackLEDPRD$sts$stsobj
11814464   systemFilBufferPlaybackLEDPRD$sts
11814470   PRD_swi$sts$stsobj
11814474   PRD_swi$sts
11814480   KNL_swi$sts$stsobj
11814484   KNL_swi$sts
11814490   TSK_idle$sts$stsobj
11814494   TSK_idle$sts
118144a0   IDL_busyObj$stsobj
118144a4   IDL_busyObj
118144a4   _IDL_busyObj
118144b0   STS_A_TABEND
118144b0   _STS_A_TABEND
118144bc   TSK_idle
118144bc   _TSK_idle
11814510   PRD_SWIHANDLE
11814510   PRD_swi
11814510   SWI_A_TABBEG
11814510   _PRD_swi
1181453c   KNL_swi
1181453c   _KNL_swi
11814568   SWI_A_TABEND
118145f8   LOG_A_TABBEG
118145f8   LOG_system
118145f8   _LOG_A_TABBEG
118145f8   _LOG_system
11814610   _trace
11814610   trace
11814628   LOG_A_TABEND
11814628   SYS$config
11814628   _LOG_A_TABEND
11814638   ___pinit__
11814638   pinit
11814644   TRC_cinit
11814648   TRC_R_mask
11814648   _TRC_R_mask
1181464c   GBL_initdone
28040d0c   HWI_INTRMUX3
ffffffff   CACHE_L1D
ffffffff   CACHE_L1P
ffffffff   DDR
ffffffff   ECM_EVTMASK0
ffffffff   ECM_EVTMASK1
ffffffff   ECM_EVTMASK2
ffffffff   ECM_EVTMASK3
ffffffff   GBL_L2MAR192_223
ffffffff   L3_CBA_RAM
ffffffff   _CACHE_L1D
ffffffff   _CACHE_L1P
ffffffff   _DDR
ffffffff   _L3_CBA_RAM
ffffffff   ___TI_pprof_out_hndl
ffffffff   ___TI_prof_data_size
ffffffff   ___TI_prof_data_start
ffffffff   ___binit__
ffffffff   ___c_args__
ffffffff   binit

[1192 symbols]
