<?xml version="1.0"?>
<link_info>
   <banner>TMS320C6x Linker PC v7.4.16</banner>
   <copyright>Copyright (c) 1996-2015 Texas Instruments Incorporated</copyright>
   <link_time>0x5abda9d6</link_time>
   <output_file>Mini_Project.out</output_file>
   <entry_point>
      <name>_c_int00</name>
      <address>0x1180fd40</address>
   </entry_point>
   <input_file_list>
      <input_file id="fl-2">
         <path>.\</path>
         <kind>object</kind>
         <file>framework.obj</file>
         <name>framework.obj</name>
      </input_file>
      <input_file id="fl-3">
         <path>.\</path>
         <kind>object</kind>
         <file>hellocfg.obj</file>
         <name>hellocfg.obj</name>
      </input_file>
      <input_file id="fl-4">
         <path>.\</path>
         <kind>object</kind>
         <file>hellocfg_c.obj</file>
         <name>hellocfg_c.obj</name>
      </input_file>
      <input_file id="fl-5">
         <path>.\</path>
         <kind>object</kind>
         <file>hello2.obj</file>
         <name>hello2.obj</name>
      </input_file>
      <input_file id="fl-88">
         <path>C:\ti\bios_5_42_01_09\packages\ti\bios\lib\</path>
         <kind>archive</kind>
         <file>bios.a674</file>
         <name>biosdata.o674</name>
      </input_file>
      <input_file id="fl-89">
         <path>C:\ti\bios_5_42_01_09\packages\ti\bios\lib\</path>
         <kind>archive</kind>
         <file>bios.a674</file>
         <name>hwi_disp_asm.o674</name>
      </input_file>
      <input_file id="fl-8a">
         <path>C:\ti\bios_5_42_01_09\packages\ti\bios\lib\</path>
         <kind>archive</kind>
         <file>bios.a674</file>
         <name>idl_stub.o674</name>
      </input_file>
      <input_file id="fl-8b">
         <path>C:\ti\bios_5_42_01_09\packages\ti\bios\lib\</path>
         <kind>archive</kind>
         <file>lnkrtdx.a674</file>
         <name>rtdx.o674</name>
      </input_file>
      <input_file id="fl-8c">
         <path>C:\ti\bios_5_42_01_09\packages\ti\bios\lib\</path>
         <kind>archive</kind>
         <file>bios.a674</file>
         <name>swi.o674</name>
      </input_file>
      <input_file id="fl-8d">
         <path>C:\ti\bios_5_42_01_09\packages\ti\bios\lib\</path>
         <kind>archive</kind>
         <file>bios6748.a674</file>
         <name>clk_gethtime.o674</name>
      </input_file>
      <input_file id="fl-8e">
         <path>C:\ti\bios_5_42_01_09\packages\ti\bios\lib\</path>
         <kind>archive</kind>
         <file>bios.a674</file>
         <name>fxn_c.o674</name>
      </input_file>
      <input_file id="fl-8f">
         <path>C:\ti\bios_5_42_01_09\packages\ti\bios\lib\</path>
         <kind>archive</kind>
         <file>bios.a674</file>
         <name>knl_tick.o674</name>
      </input_file>
      <input_file id="fl-90">
         <path>C:\ti\bios_5_42_01_09\packages\ti\bios\lib\</path>
         <kind>archive</kind>
         <file>bios.a674</file>
         <name>utl_doab.o674</name>
      </input_file>
      <input_file id="fl-91">
         <path>C:\ti\bios_5_42_01_09\packages\ti\bios\lib\</path>
         <kind>archive</kind>
         <file>bios.a674</file>
         <name>utl_doer.o674</name>
      </input_file>
      <input_file id="fl-92">
         <path>C:\ti\bios_5_42_01_09\packages\ti\bios\lib\</path>
         <kind>archive</kind>
         <file>bios.a674</file>
         <name>utl_putc.o674</name>
      </input_file>
      <input_file id="fl-93">
         <path>C:\ti\bios_5_42_01_09\packages\ti\bios\lib\</path>
         <kind>archive</kind>
         <file>bios.a674</file>
         <name>utl_halt.o674</name>
      </input_file>
      <input_file id="fl-94">
         <path>C:\ti\bios_5_42_01_09\packages\ti\bios\lib\</path>
         <kind>archive</kind>
         <file>bios6748.a674</file>
         <name>clk.o674</name>
      </input_file>
      <input_file id="fl-95">
         <path>C:\ti\bios_5_42_01_09\packages\ti\bios\lib\</path>
         <kind>archive</kind>
         <file>bios.a674</file>
         <name>fxn.o674</name>
      </input_file>
      <input_file id="fl-96">
         <path>C:\ti\bios_5_42_01_09\packages\ti\bios\lib\</path>
         <kind>archive</kind>
         <file>bios.a674</file>
         <name>boot.o674</name>
      </input_file>
      <input_file id="fl-97">
         <path>C:\ti\bios_5_42_01_09\packages\ti\bios\lib\</path>
         <kind>archive</kind>
         <file>bios.a674</file>
         <name>trc.o674</name>
      </input_file>
      <input_file id="fl-98">
         <path>C:\ti\bios_5_42_01_09\packages\ti\bios\lib\</path>
         <kind>archive</kind>
         <file>bios.a674</file>
         <name>hwi.o674</name>
      </input_file>
      <input_file id="fl-99">
         <path>C:\ti\bios_5_42_01_09\packages\ti\bios\lib\</path>
         <kind>archive</kind>
         <file>bios.a674</file>
         <name>idl_busy.o674</name>
      </input_file>
      <input_file id="fl-9a">
         <path>C:\ti\bios_5_42_01_09\packages\ti\bios\lib\</path>
         <kind>archive</kind>
         <file>bios6748.a674</file>
         <name>idl_cal.o674</name>
      </input_file>
      <input_file id="fl-9b">
         <path>C:\ti\bios_5_42_01_09\packages\ti\bios\lib\</path>
         <kind>archive</kind>
         <file>bios.a674</file>
         <name>idl.o674</name>
      </input_file>
      <input_file id="fl-9c">
         <path>C:\ti\bios_5_42_01_09\packages\ti\bios\lib\</path>
         <kind>archive</kind>
         <file>bios.a674</file>
         <name>knl_swit.o674</name>
      </input_file>
      <input_file id="fl-9d">
         <path>C:\ti\bios_5_42_01_09\packages\ti\bios\lib\</path>
         <kind>archive</kind>
         <file>bios.a674</file>
         <name>log.o674</name>
      </input_file>
      <input_file id="fl-9e">
         <path>C:\ti\bios_5_42_01_09\packages\ti\bios\lib\</path>
         <kind>archive</kind>
         <file>bios.a674</file>
         <name>pip.o674</name>
      </input_file>
      <input_file id="fl-9f">
         <path>C:\ti\bios_5_42_01_09\packages\ti\bios\lib\</path>
         <kind>archive</kind>
         <file>bios.a674</file>
         <name>prd.o674</name>
      </input_file>
      <input_file id="fl-a0">
         <path>C:\ti\bios_5_42_01_09\packages\ti\bios\lib\</path>
         <kind>archive</kind>
         <file>bios.a674</file>
         <name>rta.o674</name>
      </input_file>
      <input_file id="fl-a1">
         <path>C:\ti\bios_5_42_01_09\packages\ti\bios\lib\</path>
         <kind>archive</kind>
         <file>bios.a674</file>
         <name>rta_andn.o674</name>
      </input_file>
      <input_file id="fl-a2">
         <path>C:\ti\bios_5_42_01_09\packages\ti\bios\lib\</path>
         <kind>archive</kind>
         <file>bios.a674</file>
         <name>sts.o674</name>
      </input_file>
      <input_file id="fl-a3">
         <path>C:\ti\bios_5_42_01_09\packages\ti\bios\lib\</path>
         <kind>archive</kind>
         <file>bios.a674</file>
         <name>clk_data.o674</name>
      </input_file>
      <input_file id="fl-a4">
         <path>C:\ti\bios_5_42_01_09\packages\ti\bios\lib\</path>
         <kind>archive</kind>
         <file>bios.a674</file>
         <name>clk_data2.o674</name>
      </input_file>
      <input_file id="fl-a5">
         <path>C:\ti\bios_5_42_01_09\packages\ti\bios\lib\</path>
         <kind>archive</kind>
         <file>bios6748.a674</file>
         <name>clk_data.o674</name>
      </input_file>
      <input_file id="fl-a6">
         <path>C:\ti\bios_5_42_01_09\packages\ti\bios\lib\</path>
         <kind>archive</kind>
         <file>bios6748.a674</file>
         <name>clk_meas.o674</name>
      </input_file>
      <input_file id="fl-a7">
         <path>C:\ti\c6748\bsl\lib\</path>
         <kind>archive</kind>
         <file>evmc6748_bsl.lib</file>
         <name>evmc6748_dip.obj</name>
      </input_file>
      <input_file id="fl-a8">
         <path>C:\ti\c6748\bsl\lib\</path>
         <kind>archive</kind>
         <file>evmc6748_bsl.lib</file>
         <name>evmc6748.obj</name>
      </input_file>
      <input_file id="fl-a9">
         <path>C:\ti\bios_5_42_01_09\packages\ti\bios\lib\</path>
         <kind>archive</kind>
         <file>bios.a674</file>
         <name>exc_asm.o674</name>
      </input_file>
      <input_file id="fl-aa">
         <path>C:\ti\bios_5_42_01_09\packages\ti\bios\lib\</path>
         <kind>archive</kind>
         <file>bios.a674</file>
         <name>exc.o674</name>
      </input_file>
      <input_file id="fl-ab">
         <path>C:\ti\bios_5_42_01_09\packages\ti\bios\lib\</path>
         <kind>archive</kind>
         <file>bios.a674</file>
         <name>gbl_cacheinit64P.o674</name>
      </input_file>
      <input_file id="fl-ac">
         <path>C:\ti\bios_5_42_01_09\packages\ti\bios\lib\</path>
         <kind>archive</kind>
         <file>bios6748.a674</file>
         <name>bcache_init.o674</name>
      </input_file>
      <input_file id="fl-ad">
         <path>C:\ti\bios_5_42_01_09\packages\ti\bios\lib\</path>
         <kind>archive</kind>
         <file>bios.a674</file>
         <name>gbl_vers.o674</name>
      </input_file>
      <input_file id="fl-ae">
         <path>C:\ti\c6748\bsl\lib\</path>
         <kind>archive</kind>
         <file>evmc6748_bsl.lib</file>
         <name>evmc6748_gpio.obj</name>
      </input_file>
      <input_file id="fl-af">
         <path>C:\ti\bios_5_42_01_09\packages\ti\rtdx\lib\c6000\</path>
         <kind>archive</kind>
         <file>rtdx64xplus.lib</file>
         <name>rtdx_mon.o64P</name>
      </input_file>
      <input_file id="fl-b0">
         <path>C:\ti\bios_5_42_01_09\packages\ti\bios\lib\</path>
         <kind>archive</kind>
         <file>bios.a674</file>
         <name>hwi_c.o674</name>
      </input_file>
      <input_file id="fl-b1">
         <path>C:\ti\c6748\bsl\lib\</path>
         <kind>archive</kind>
         <file>evmc6748_bsl.lib</file>
         <name>evmc6748_i2c_gpio.obj</name>
      </input_file>
      <input_file id="fl-b2">
         <path>C:\ti\c6748\bsl\lib\</path>
         <kind>archive</kind>
         <file>evmc6748_bsl.lib</file>
         <name>evmc6748_i2c.obj</name>
      </input_file>
      <input_file id="fl-b3">
         <path>C:\ti\bios_5_42_01_09\packages\ti\bios\lib\</path>
         <kind>archive</kind>
         <file>bios.a674</file>
         <name>knl.o674</name>
      </input_file>
      <input_file id="fl-b4">
         <path>C:\ti\bios_5_42_01_09\packages\ti\bios\lib\</path>
         <kind>archive</kind>
         <file>bios.a674</file>
         <name>knl_exit.o674</name>
      </input_file>
      <input_file id="fl-b5">
         <path>C:\ti\bios_5_42_01_09\packages\ti\bios\lib\</path>
         <kind>archive</kind>
         <file>bios.a674</file>
         <name>knl_chec.o674</name>
      </input_file>
      <input_file id="fl-b6">
         <path>C:\ti\bios_5_42_01_09\packages\ti\bios\lib\</path>
         <kind>archive</kind>
         <file>bios.a674</file>
         <name>knl_post.o674</name>
      </input_file>
      <input_file id="fl-b7">
         <path>C:\ti\bios_5_42_01_09\packages\ti\bios\lib\</path>
         <kind>archive</kind>
         <file>bios.a674</file>
         <name>knl_ipos.o674</name>
      </input_file>
      <input_file id="fl-b8">
         <path>C:\ti\bios_5_42_01_09\packages\ti\bios\lib\</path>
         <kind>archive</kind>
         <file>bios.a674</file>
         <name>knl_run.o674</name>
      </input_file>
      <input_file id="fl-b9">
         <path>C:\ti\c6748\bsl\lib\</path>
         <kind>archive</kind>
         <file>evmc6748_bsl.lib</file>
         <name>evmc6748_led.obj</name>
      </input_file>
      <input_file id="fl-ba">
         <path>C:\ti\bios_5_42_01_09\packages\ti\bios\lib\</path>
         <kind>archive</kind>
         <file>bios.a674</file>
         <name>mem_asm.o674</name>
      </input_file>
      <input_file id="fl-bb">
         <path>C:\ti\bios_5_42_01_09\packages\ti\bios\lib\</path>
         <kind>archive</kind>
         <file>bios.a674</file>
         <name>mem_init.o674</name>
      </input_file>
      <input_file id="fl-bc">
         <path>C:\ti\bios_5_42_01_09\packages\ti\bios\lib\</path>
         <kind>archive</kind>
         <file>bios.a674</file>
         <name>obj_init.o674</name>
      </input_file>
      <input_file id="fl-bd">
         <path>C:\ti\bios_5_42_01_09\packages\ti\rtdx\lib\c6000\</path>
         <kind>archive</kind>
         <file>rtdx64xplus.lib</file>
         <name>buffer2.o64P</name>
      </input_file>
      <input_file id="fl-be">
         <path>C:\ti\bios_5_42_01_09\packages\ti\rtdx\lib\c6000\</path>
         <kind>archive</kind>
         <file>rtdx64xplus.lib</file>
         <name>buffer1.o64P</name>
      </input_file>
      <input_file id="fl-bf">
         <path>C:\ti\bios_5_42_01_09\packages\ti\rtdx\lib\c6000\</path>
         <kind>archive</kind>
         <file>rtdx64xplus.lib</file>
         <name>intr_tgt.o64P</name>
      </input_file>
      <input_file id="fl-c0">
         <path>C:\ti\bios_5_42_01_09\packages\ti\rtdx\lib\c6000\</path>
         <kind>archive</kind>
         <file>rtdx64xplus.lib</file>
         <name>memfill.o64P</name>
      </input_file>
      <input_file id="fl-c1">
         <path>C:\ti\bios_5_42_01_09\packages\ti\bios\lib\</path>
         <kind>archive</kind>
         <file>bios.a674</file>
         <name>sts_set.o674</name>
      </input_file>
      <input_file id="fl-c2">
         <path>C:\ti\bios_5_42_01_09\packages\ti\bios\lib\</path>
         <kind>archive</kind>
         <file>bios.a674</file>
         <name>sys_abor.o674</name>
      </input_file>
      <input_file id="fl-c3">
         <path>C:\ti\bios_5_42_01_09\packages\ti\bios\lib\</path>
         <kind>archive</kind>
         <file>bios.a674</file>
         <name>tsk.o674</name>
      </input_file>
      <input_file id="fl-c4">
         <path>C:\ti\bios_5_42_01_09\packages\ti\bios\lib\</path>
         <kind>archive</kind>
         <file>bios.a674</file>
         <name>tsk_exit.o674</name>
      </input_file>
      <input_file id="fl-c5">
         <path>C:\ti\bios_5_42_01_09\packages\ti\bios\lib\</path>
         <kind>archive</kind>
         <file>bios.a674</file>
         <name>sys_exit.o674</name>
      </input_file>
      <input_file id="fl-c6">
         <path>C:\ti\bios_5_42_01_09\packages\ti\bios\lib\</path>
         <kind>archive</kind>
         <file>bios.a674</file>
         <name>sys.o674</name>
      </input_file>
      <input_file id="fl-c7">
         <path>C:\ti\bios_5_42_01_09\packages\ti\bios\lib\</path>
         <kind>archive</kind>
         <file>bios.a674</file>
         <name>tsk_init.o674</name>
      </input_file>
      <input_file id="fl-c8">
         <path>C:\ti\bios_5_42_01_09\packages\ti\bios\lib\</path>
         <kind>archive</kind>
         <file>bios.a674</file>
         <name>tsk_setu.o674</name>
      </input_file>
      <input_file id="fl-c9">
         <path>C:\ti\bios_5_42_01_09\packages\ti\bios\lib\</path>
         <kind>archive</kind>
         <file>bios.a674</file>
         <name>tsk_stup.o674</name>
      </input_file>
      <input_file id="fl-ca">
         <path>C:\ti\bios_5_42_01_09\packages\ti\bios\lib\</path>
         <kind>archive</kind>
         <file>bios.a674</file>
         <name>lck.o674</name>
      </input_file>
      <input_file id="fl-cb">
         <path>C:\ti\bios_5_42_01_09\packages\ti\bios\lib\</path>
         <kind>archive</kind>
         <file>bios.a674</file>
         <name>sem_pend_counting.o674</name>
      </input_file>
      <input_file id="fl-cc">
         <path>C:\ti\bios_5_42_01_09\packages\ti\bios\lib\</path>
         <kind>archive</kind>
         <file>bios.a674</file>
         <name>sem_pend.o674</name>
      </input_file>
      <input_file id="fl-cd">
         <path>C:\ti\bios_5_42_01_09\packages\ti\bios\lib\</path>
         <kind>archive</kind>
         <file>bios.a674</file>
         <name>sem_post_asm.o674</name>
      </input_file>
      <input_file id="fl-ce">
         <path>C:\ti\bios_5_42_01_09\packages\ti\bios\lib\</path>
         <kind>archive</kind>
         <file>bios.a674</file>
         <name>sem_post.o674</name>
      </input_file>
      <input_file id="fl-cf">
         <path>C:\ti\bios_5_42_01_09\packages\ti\bios\lib\</path>
         <kind>archive</kind>
         <file>bios.a674</file>
         <name>sem_dopo.o674</name>
      </input_file>
      <input_file id="fl-d0">
         <path>C:\ti\bios_5_42_01_09\packages\ti\bios\lib\</path>
         <kind>archive</kind>
         <file>bios.a674</file>
         <name>autoinit.o674</name>
      </input_file>
      <input_file id="fl-d1">
         <path>C:\ti\ccsv6\tools\compiler\c6000_7.4.16\lib\</path>
         <kind>archive</kind>
         <file>rts6740.lib</file>
         <name>divd.obj</name>
      </input_file>
      <input_file id="fl-d2">
         <path>C:\ti\ccsv6\tools\compiler\c6000_7.4.16\lib\</path>
         <kind>archive</kind>
         <file>rts6740.lib</file>
         <name>frcmpyd_div.obj</name>
      </input_file>
      <input_file id="fl-d3">
         <path>C:\ti\ccsv6\tools\compiler\c6000_7.4.16\lib\</path>
         <kind>archive</kind>
         <file>rts6740.lib</file>
         <name>llshift.obj</name>
      </input_file>
      <input_file id="fl-d4">
         <path>C:\ti\ccsv6\tools\compiler\c6000_7.4.16\lib\</path>
         <kind>archive</kind>
         <file>rts6740.lib</file>
         <name>_lock.obj</name>
      </input_file>
      <input_file id="fl-d5">
         <path>C:\ti\ccsv6\tools\compiler\c6000_7.4.16\lib\</path>
         <kind>archive</kind>
         <file>rts6740.lib</file>
         <name>atexit.obj</name>
      </input_file>
      <input_file id="fl-d6">
         <path>C:\ti\ccsv6\tools\compiler\c6000_7.4.16\lib\</path>
         <kind>archive</kind>
         <file>rts6740.lib</file>
         <name>sinit.obj</name>
      </input_file>
      <input_file id="fl-d7">
         <path>C:\ti\ccsv6\tools\compiler\c6000_7.4.16\lib\</path>
         <kind>archive</kind>
         <file>rts6740.lib</file>
         <name>exit.obj</name>
      </input_file>
      <input_file id="fl-d8">
         <path>C:\ti\ccsv6\tools\compiler\c6000_7.4.16\lib\</path>
         <kind>archive</kind>
         <file>rts6740.lib</file>
         <name>memcpy64.obj</name>
      </input_file>
      <input_file id="fl-d9">
         <path>C:\ti\ccsv6\tools\compiler\c6000_7.4.16\lib\</path>
         <kind>archive</kind>
         <file>rts6740.lib</file>
         <name>printf.obj</name>
      </input_file>
      <input_file id="fl-da">
         <path>C:\ti\ccsv6\tools\compiler\c6000_7.4.16\lib\</path>
         <kind>archive</kind>
         <file>rts6740.lib</file>
         <name>defs.obj</name>
      </input_file>
      <input_file id="fl-db">
         <path>C:\ti\ccsv6\tools\compiler\c6000_7.4.16\lib\</path>
         <kind>archive</kind>
         <file>rts6740.lib</file>
         <name>_printfi.obj</name>
      </input_file>
      <input_file id="fl-dc">
         <path>C:\ti\ccsv6\tools\compiler\c6000_7.4.16\lib\</path>
         <kind>archive</kind>
         <file>rts6740.lib</file>
         <name>isinf.obj</name>
      </input_file>
      <input_file id="fl-dd">
         <path>C:\ti\ccsv6\tools\compiler\c6000_7.4.16\lib\</path>
         <kind>archive</kind>
         <file>rts6740.lib</file>
         <name>divu.obj</name>
      </input_file>
      <input_file id="fl-de">
         <path>C:\ti\ccsv6\tools\compiler\c6000_7.4.16\lib\</path>
         <kind>archive</kind>
         <file>rts6740.lib</file>
         <name>imath40.obj</name>
      </input_file>
      <input_file id="fl-df">
         <path>C:\ti\ccsv6\tools\compiler\c6000_7.4.16\lib\</path>
         <kind>archive</kind>
         <file>rts6740.lib</file>
         <name>imath64.obj</name>
      </input_file>
      <input_file id="fl-e0">
         <path>C:\ti\ccsv6\tools\compiler\c6000_7.4.16\lib\</path>
         <kind>archive</kind>
         <file>rts6740.lib</file>
         <name>fixdli.obj</name>
      </input_file>
      <input_file id="fl-e1">
         <path>C:\ti\ccsv6\tools\compiler\c6000_7.4.16\lib\</path>
         <kind>archive</kind>
         <file>rts6740.lib</file>
         <name>fltlid.obj</name>
      </input_file>
      <input_file id="fl-e2">
         <path>C:\ti\ccsv6\tools\compiler\c6000_7.4.16\lib\</path>
         <kind>archive</kind>
         <file>rts6740.lib</file>
         <name>negll.obj</name>
      </input_file>
      <input_file id="fl-e3">
         <path>C:\ti\ccsv6\tools\compiler\c6000_7.4.16\lib\</path>
         <kind>archive</kind>
         <file>rts6740.lib</file>
         <name>atoi.obj</name>
      </input_file>
      <input_file id="fl-e4">
         <path>C:\ti\ccsv6\tools\compiler\c6000_7.4.16\lib\</path>
         <kind>archive</kind>
         <file>rts6740.lib</file>
         <name>ctype.obj</name>
      </input_file>
      <input_file id="fl-e5">
         <path>C:\ti\ccsv6\tools\compiler\c6000_7.4.16\lib\</path>
         <kind>archive</kind>
         <file>rts6740.lib</file>
         <name>fputc.obj</name>
      </input_file>
      <input_file id="fl-e6">
         <path>C:\ti\ccsv6\tools\compiler\c6000_7.4.16\lib\</path>
         <kind>archive</kind>
         <file>rts6740.lib</file>
         <name>fflush.obj</name>
      </input_file>
      <input_file id="fl-e7">
         <path>C:\ti\ccsv6\tools\compiler\c6000_7.4.16\lib\</path>
         <kind>archive</kind>
         <file>rts6740.lib</file>
         <name>_io_perm.obj</name>
      </input_file>
      <input_file id="fl-e8">
         <path>C:\ti\ccsv6\tools\compiler\c6000_7.4.16\lib\</path>
         <kind>archive</kind>
         <file>rts6740.lib</file>
         <name>fputs.obj</name>
      </input_file>
      <input_file id="fl-e9">
         <path>C:\ti\ccsv6\tools\compiler\c6000_7.4.16\lib\</path>
         <kind>archive</kind>
         <file>rts6740.lib</file>
         <name>fseek.obj</name>
      </input_file>
      <input_file id="fl-ea">
         <path>C:\ti\ccsv6\tools\compiler\c6000_7.4.16\lib\</path>
         <kind>archive</kind>
         <file>rts6740.lib</file>
         <name>abs.obj</name>
      </input_file>
      <input_file id="fl-eb">
         <path>C:\ti\ccsv6\tools\compiler\c6000_7.4.16\lib\</path>
         <kind>archive</kind>
         <file>rts6740.lib</file>
         <name>lowlev.obj</name>
      </input_file>
      <input_file id="fl-ec">
         <path>C:\ti\ccsv6\tools\compiler\c6000_7.4.16\lib\</path>
         <kind>archive</kind>
         <file>rts6740.lib</file>
         <name>trgdrv.obj</name>
      </input_file>
      <input_file id="fl-ed">
         <path>C:\ti\ccsv6\tools\compiler\c6000_7.4.16\lib\</path>
         <kind>archive</kind>
         <file>rts6740.lib</file>
         <name>ltoa.obj</name>
      </input_file>
      <input_file id="fl-ee">
         <path>C:\ti\ccsv6\tools\compiler\c6000_7.4.16\lib\</path>
         <kind>archive</kind>
         <file>rts6740.lib</file>
         <name>memccpy.obj</name>
      </input_file>
      <input_file id="fl-ef">
         <path>C:\ti\ccsv6\tools\compiler\c6000_7.4.16\lib\</path>
         <kind>archive</kind>
         <file>rts6740.lib</file>
         <name>memset.obj</name>
      </input_file>
      <input_file id="fl-f0">
         <path>C:\ti\ccsv6\tools\compiler\c6000_7.4.16\lib\</path>
         <kind>archive</kind>
         <file>rts6740.lib</file>
         <name>trgmsg.obj</name>
      </input_file>
      <input_file id="fl-f1">
         <path>C:\ti\ccsv6\tools\compiler\c6000_7.4.16\lib\</path>
         <kind>archive</kind>
         <file>rts6740.lib</file>
         <name>setvbuf.obj</name>
      </input_file>
      <input_file id="fl-f2">
         <path>C:\ti\ccsv6\tools\compiler\c6000_7.4.16\lib\</path>
         <kind>archive</kind>
         <file>rts6740.lib</file>
         <name>fopen.obj</name>
      </input_file>
      <input_file id="fl-f3">
         <path>C:\ti\ccsv6\tools\compiler\c6000_7.4.16\lib\</path>
         <kind>archive</kind>
         <file>rts6740.lib</file>
         <name>fclose.obj</name>
      </input_file>
      <input_file id="fl-f4">
         <path>C:\ti\bios_5_42_01_09\packages\ti\bios\lib\</path>
         <kind>archive</kind>
         <file>bios.a674</file>
         <name>malloc.o674</name>
      </input_file>
      <input_file id="fl-f5">
         <path>C:\ti\bios_5_42_01_09\packages\ti\bios\lib\</path>
         <kind>archive</kind>
         <file>bios.a674</file>
         <name>mem_allo.o674</name>
      </input_file>
      <input_file id="fl-f6">
         <path>C:\ti\bios_5_42_01_09\packages\ti\bios\lib\</path>
         <kind>archive</kind>
         <file>bios.a674</file>
         <name>mem_free.o674</name>
      </input_file>
      <input_file id="fl-f7">
         <path>C:\ti\bios_5_42_01_09\packages\ti\bios\lib\</path>
         <kind>archive</kind>
         <file>bios.a674</file>
         <name>sys_erro.o674</name>
      </input_file>
      <input_file id="fl-f8">
         <path>C:\ti\ccsv6\tools\compiler\c6000_7.4.16\lib\</path>
         <kind>archive</kind>
         <file>rts6740.lib</file>
         <name>remove.obj</name>
      </input_file>
   </input_file_list>
   <object_component_list>
      <object_component id="oc-6a">
         <name>.vers</name>
         <load_address>0x0</load_address>
         <run_address>0x0</run_address>
         <size>0x3c</size>
         <input_file_ref idref="fl-3"/>
      </object_component>
      <object_component id="oc-57">
         <name>.clk</name>
         <uninitialized>true</uninitialized>
         <run_address>0x1180fff8</run_address>
         <size>0x8</size>
         <input_file_ref idref="fl-3"/>
      </object_component>
      <object_component id="oc-58">
         <name>.prd</name>
         <uninitialized>true</uninitialized>
         <run_address>0x118143b0</run_address>
         <size>0x80</size>
         <input_file_ref idref="fl-3"/>
      </object_component>
      <object_component id="oc-60">
         <name>.swi</name>
         <uninitialized>true</uninitialized>
         <run_address>0x11814510</run_address>
         <size>0x58</size>
         <input_file_ref idref="fl-3"/>
      </object_component>
      <object_component id="oc-61">
         <name>.tsk</name>
         <uninitialized>true</uninitialized>
         <run_address>0x118144b0</run_address>
         <size>0x60</size>
         <input_file_ref idref="fl-3"/>
      </object_component>
      <object_component id="oc-64">
         <name>.idl</name>
         <uninitialized>true</uninitialized>
         <run_address>0x1180ffe8</run_address>
         <size>0x10</size>
         <input_file_ref idref="fl-3"/>
      </object_component>
      <object_component id="oc-63">
         <name>.idlcal</name>
         <uninitialized>true</uninitialized>
         <run_address>0x11813ff0</run_address>
         <size>0x10</size>
         <input_file_ref idref="fl-3"/>
      </object_component>
      <object_component id="oc-46">
         <name>.bss</name>
         <uninitialized>true</uninitialized>
         <run_address>0x11813be8</run_address>
         <size>0x28</size>
         <input_file_ref idref="fl-3"/>
      </object_component>
      <object_component id="oc-70">
         <name>.bss</name>
         <uninitialized>true</uninitialized>
         <run_address>0x11813c70</run_address>
         <size>0x10</size>
         <input_file_ref idref="fl-5"/>
      </object_component>
      <object_component id="oc-77">
         <name>.bss</name>
         <uninitialized>true</uninitialized>
         <run_address>0x11813a38</run_address>
         <size>0xcc</size>
         <input_file_ref idref="fl-88"/>
      </object_component>
      <object_component id="oc-79">
         <name>.bss</name>
         <uninitialized>true</uninitialized>
         <run_address>0x11813938</run_address>
         <size>0x100</size>
         <input_file_ref idref="fl-89"/>
      </object_component>
      <object_component id="oc-80">
         <name>.bss</name>
         <uninitialized>true</uninitialized>
         <run_address>0x11813c48</run_address>
         <size>0x18</size>
         <input_file_ref idref="fl-8b"/>
      </object_component>
      <object_component id="oc-86">
         <name>.bss</name>
         <uninitialized>true</uninitialized>
         <run_address>0x11813b04</run_address>
         <size>0x9c</size>
         <input_file_ref idref="fl-8c"/>
      </object_component>
      <object_component id="oc-b4">
         <name>.bss</name>
         <uninitialized>true</uninitialized>
         <run_address>0x11813c30</run_address>
         <size>0x18</size>
         <input_file_ref idref="fl-98"/>
      </object_component>
      <object_component id="oc-b6">
         <name>.bss</name>
         <uninitialized>true</uninitialized>
         <run_address>0x11813cc0</run_address>
         <size>0x4</size>
         <input_file_ref idref="fl-99"/>
      </object_component>
      <object_component id="oc-e2">
         <name>.bss</name>
         <uninitialized>true</uninitialized>
         <run_address>0x11813cac</run_address>
         <size>0x8</size>
         <input_file_ref idref="fl-a3"/>
      </object_component>
      <object_component id="oc-e5">
         <name>.bss</name>
         <uninitialized>true</uninitialized>
         <run_address>0x11813cbc</run_address>
         <size>0x4</size>
         <input_file_ref idref="fl-a4"/>
      </object_component>
      <object_component id="oc-f8">
         <name>.bss</name>
         <uninitialized>true</uninitialized>
         <run_address>0x11813c10</run_address>
         <size>0x20</size>
         <input_file_ref idref="fl-a9"/>
      </object_component>
      <object_component id="oc-fe">
         <name>.bss</name>
         <uninitialized>true</uninitialized>
         <run_address>0x11813c60</run_address>
         <size>0x10</size>
         <input_file_ref idref="fl-aa"/>
      </object_component>
      <object_component id="oc-113">
         <name>.bss</name>
         <uninitialized>true</uninitialized>
         <run_address>0x11813c90</run_address>
         <size>0x10</size>
         <input_file_ref idref="fl-af"/>
      </object_component>
      <object_component id="oc-123">
         <name>.bss</name>
         <uninitialized>true</uninitialized>
         <run_address>0x11813cc8</run_address>
         <size>0x4</size>
         <input_file_ref idref="fl-b2"/>
      </object_component>
      <object_component id="oc-128">
         <name>.bss</name>
         <uninitialized>true</uninitialized>
         <run_address>0x11813ba0</run_address>
         <size>0x48</size>
         <input_file_ref idref="fl-b3"/>
      </object_component>
      <object_component id="oc-141">
         <name>.bss</name>
         <uninitialized>true</uninitialized>
         <run_address>0x11813cc4</run_address>
         <size>0x4</size>
         <input_file_ref idref="fl-ba"/>
      </object_component>
      <object_component id="oc-14d">
         <name>.bss</name>
         <uninitialized>true</uninitialized>
         <run_address>0x11813c80</run_address>
         <size>0x10</size>
         <input_file_ref idref="fl-be"/>
      </object_component>
      <object_component id="oc-162">
         <name>.bss</name>
         <uninitialized>true</uninitialized>
         <run_address>0x11813ca0</run_address>
         <size>0xc</size>
         <input_file_ref idref="fl-c3"/>
      </object_component>
      <object_component id="oc-16e">
         <name>.bss</name>
         <uninitialized>true</uninitialized>
         <run_address>0x11813cb4</run_address>
         <size>0x8</size>
         <input_file_ref idref="fl-c6"/>
      </object_component>
      <object_component id="oc-5f">
         <name>.hwi_vec</name>
         <load_address>0x11814000</load_address>
         <run_address>0x11814000</run_address>
         <size>0x200</size>
         <input_file_ref idref="fl-3"/>
      </object_component>
      <object_component id="oc-93">
         <name>.far</name>
         <uninitialized>true</uninitialized>
         <run_address>0x1180f978</run_address>
         <size>0x10</size>
         <input_file_ref idref="fl-8f"/>
      </object_component>
      <object_component id="oc-a0">
         <name>.far</name>
         <uninitialized>true</uninitialized>
         <run_address>0x1180f988</run_address>
         <size>0xc</size>
         <input_file_ref idref="fl-92"/>
      </object_component>
      <object_component id="oc-e9">
         <name>.far</name>
         <uninitialized>true</uninitialized>
         <run_address>0x1180f4a4</run_address>
         <size>0x4</size>
         <input_file_ref idref="fl-a5"/>
      </object_component>
      <object_component id="oc-101">
         <name>.far</name>
         <uninitialized>true</uninitialized>
         <run_address>0x1180f968</run_address>
         <size>0x10</size>
         <input_file_ref idref="fl-aa"/>
      </object_component>
      <object_component id="oc-117">
         <name>.far</name>
         <uninitialized>true</uninitialized>
         <run_address>0x1180f950</run_address>
         <size>0x18</size>
         <input_file_ref idref="fl-af"/>
      </object_component>
      <object_component id="oc-12b">
         <name>.far</name>
         <uninitialized>true</uninitialized>
         <run_address>0x1180f750</run_address>
         <size>0xd8</size>
         <input_file_ref idref="fl-b3"/>
      </object_component>
      <object_component id="oc-147">
         <name>.far</name>
         <uninitialized>true</uninitialized>
         <run_address>0x1180f888</run_address>
         <size>0x54</size>
         <input_file_ref idref="fl-bc"/>
      </object_component>
      <object_component id="oc-165">
         <name>.far</name>
         <uninitialized>true</uninitialized>
         <run_address>0x1180f828</run_address>
         <size>0x5c</size>
         <input_file_ref idref="fl-c3"/>
      </object_component>
      <object_component id="oc-171">
         <name>.far</name>
         <uninitialized>true</uninitialized>
         <run_address>0x1180f930</run_address>
         <size>0x20</size>
         <input_file_ref idref="fl-c6"/>
      </object_component>
      <object_component id="oc-17b">
         <name>.far</name>
         <uninitialized>true</uninitialized>
         <run_address>0x1180f8dc</run_address>
         <size>0x50</size>
         <input_file_ref idref="fl-c9"/>
      </object_component>
      <object_component id="oc-1a1">
         <name>.far</name>
         <uninitialized>true</uninitialized>
         <run_address>0x1180f9a0</run_address>
         <size>0x8</size>
         <input_file_ref idref="fl-d4"/>
      </object_component>
      <object_component id="oc-1a6">
         <name>.far</name>
         <uninitialized>true</uninitialized>
         <run_address>0x1180f4a8</run_address>
         <size>0x188</size>
         <input_file_ref idref="fl-d5"/>
      </object_component>
      <object_component id="oc-1ab">
         <name>.far</name>
         <uninitialized>true</uninitialized>
         <run_address>0x1180f884</run_address>
         <size>0x4</size>
         <input_file_ref idref="fl-d6"/>
      </object_component>
      <object_component id="oc-1b0">
         <name>.far</name>
         <uninitialized>true</uninitialized>
         <run_address>0x1180f994</run_address>
         <size>0xc</size>
         <input_file_ref idref="fl-d7"/>
      </object_component>
      <object_component id="oc-1bb">
         <name>.far</name>
         <uninitialized>true</uninitialized>
         <run_address>0x1180f180</run_address>
         <size>0x324</size>
         <input_file_ref idref="fl-da"/>
      </object_component>
      <object_component id="oc-1f0">
         <name>.far</name>
         <uninitialized>true</uninitialized>
         <run_address>0x1180f630</run_address>
         <size>0x11c</size>
         <input_file_ref idref="fl-eb"/>
      </object_component>
      <object_component id="oc-1f4">
         <name>.far</name>
         <uninitialized>true</uninitialized>
         <run_address>0x1180f9a8</run_address>
         <size>0x8</size>
         <input_file_ref idref="fl-ec"/>
      </object_component>
      <object_component id="oc-209">
         <name>.far</name>
         <uninitialized>true</uninitialized>
         <run_address>0x1180f74c</run_address>
         <size>0x4</size>
         <input_file_ref idref="fl-f2"/>
      </object_component>
      <object_component id="oc-68">
         <name>.sem</name>
         <uninitialized>true</uninitialized>
         <run_address>0x11814300</run_address>
         <size>0xb0</size>
         <input_file_ref idref="fl-3"/>
      </object_component>
      <object_component id="oc-53">
         <name>.mem</name>
         <uninitialized>true</uninitialized>
         <run_address>0x11811ffc</run_address>
         <size>0x4</size>
         <input_file_ref idref="fl-3"/>
      </object_component>
      <object_component id="oc-82">
         <name>.bios</name>
         <load_address>0x11807c20</load_address>
         <run_address>0x11807c20</run_address>
         <size>0x5c0</size>
         <input_file_ref idref="fl-8b"/>
      </object_component>
      <object_component id="oc-22c">
         <name>.bios</name>
         <load_address>0x118081e0</load_address>
         <run_address>0x118081e0</run_address>
         <size>0x580</size>
         <input_file_ref idref="fl-aa"/>
      </object_component>
      <object_component id="oc-47">
         <name>.bios</name>
         <load_address>0x11808760</load_address>
         <run_address>0x11808760</run_address>
         <size>0x4e0</size>
         <input_file_ref idref="fl-89"/>
      </object_component>
      <object_component id="oc-45">
         <name>.bios</name>
         <load_address>0x11808c40</load_address>
         <run_address>0x11808c40</run_address>
         <size>0x4c0</size>
         <input_file_ref idref="fl-8c"/>
      </object_component>
      <object_component id="oc-d1">
         <name>.bios</name>
         <load_address>0x11809100</load_address>
         <run_address>0x11809100</run_address>
         <size>0x380</size>
         <input_file_ref idref="fl-9f"/>
      </object_component>
      <object_component id="oc-281">
         <name>.bios</name>
         <load_address>0x11809480</load_address>
         <run_address>0x11809480</run_address>
         <size>0x280</size>
         <input_file_ref idref="fl-f4"/>
      </object_component>
      <object_component id="oc-d6">
         <name>.bios</name>
         <load_address>0x11809700</load_address>
         <run_address>0x11809700</run_address>
         <size>0x280</size>
         <input_file_ref idref="fl-a0"/>
      </object_component>
      <object_component id="oc-226">
         <name>.bios</name>
         <load_address>0x11809980</load_address>
         <run_address>0x11809980</run_address>
         <size>0x240</size>
         <input_file_ref idref="fl-b8"/>
      </object_component>
      <object_component id="oc-28a">
         <name>.bios:.near</name>
         <load_address>0x11809bc0</load_address>
         <run_address>0x11809bc0</run_address>
         <size>0x200</size>
         <input_file_ref idref="fl-f5"/>
      </object_component>
      <object_component id="oc-4a">
         <name>.bios</name>
         <load_address>0x11809dc0</load_address>
         <run_address>0x11809dc0</run_address>
         <size>0x200</size>
         <input_file_ref idref="fl-8f"/>
      </object_component>
      <object_component id="oc-289">
         <name>.bios:.near</name>
         <load_address>0x11809fc0</load_address>
         <run_address>0x11809fc0</run_address>
         <size>0x1e0</size>
         <input_file_ref idref="fl-f6"/>
      </object_component>
      <object_component id="oc-fa">
         <name>.bios</name>
         <load_address>0x1180a1a0</load_address>
         <run_address>0x1180a1a0</run_address>
         <size>0x1e0</size>
         <input_file_ref idref="fl-a9"/>
      </object_component>
      <object_component id="oc-cd">
         <name>.bios</name>
         <load_address>0x1180a380</load_address>
         <run_address>0x1180a380</run_address>
         <size>0x1e0</size>
         <input_file_ref idref="fl-9e"/>
      </object_component>
      <object_component id="oc-234">
         <name>.bios</name>
         <load_address>0x1180a560</load_address>
         <run_address>0x1180a560</run_address>
         <size>0x1e0</size>
         <input_file_ref idref="fl-cc"/>
      </object_component>
      <object_component id="oc-229">
         <name>.bios</name>
         <load_address>0x1180a740</load_address>
         <run_address>0x1180a740</run_address>
         <size>0x1a0</size>
         <input_file_ref idref="fl-cf"/>
      </object_component>
      <object_component id="oc-22e">
         <name>.bios</name>
         <load_address>0x1180a8e0</load_address>
         <run_address>0x1180a8e0</run_address>
         <size>0x1a0</size>
         <input_file_ref idref="fl-c8"/>
      </object_component>
      <object_component id="oc-a6">
         <name>.bios</name>
         <load_address>0x1180aa80</load_address>
         <run_address>0x1180aa80</run_address>
         <size>0x1a0</size>
         <input_file_ref idref="fl-94"/>
      </object_component>
      <object_component id="oc-c5">
         <name>.bios</name>
         <load_address>0x1180ac20</load_address>
         <run_address>0x1180ac20</run_address>
         <size>0x180</size>
         <input_file_ref idref="fl-9c"/>
      </object_component>
      <object_component id="oc-220">
         <name>.bios</name>
         <load_address>0x1180ada0</load_address>
         <run_address>0x1180ada0</run_address>
         <size>0x140</size>
         <input_file_ref idref="fl-d0"/>
      </object_component>
      <object_component id="oc-228">
         <name>.bios</name>
         <load_address>0x1180aee0</load_address>
         <run_address>0x1180aee0</run_address>
         <size>0x140</size>
         <input_file_ref idref="fl-c4"/>
      </object_component>
      <object_component id="oc-24a">
         <name>.bios</name>
         <load_address>0x1180b020</load_address>
         <run_address>0x1180b020</run_address>
         <size>0x140</size>
         <input_file_ref idref="fl-ac"/>
      </object_component>
      <object_component id="oc-22a">
         <name>.bios</name>
         <load_address>0x1180b160</load_address>
         <run_address>0x1180b160</run_address>
         <size>0x120</size>
         <input_file_ref idref="fl-ab"/>
      </object_component>
      <object_component id="oc-130">
         <name>.bios</name>
         <load_address>0x1180b280</load_address>
         <run_address>0x1180b280</run_address>
         <size>0x120</size>
         <input_file_ref idref="fl-b5"/>
      </object_component>
      <object_component id="oc-22f">
         <name>.bios</name>
         <load_address>0x1180b3a0</load_address>
         <run_address>0x1180b3a0</run_address>
         <size>0x120</size>
         <input_file_ref idref="fl-c9"/>
      </object_component>
      <object_component id="oc-189">
         <name>.bios</name>
         <load_address>0x1180b4c0</load_address>
         <run_address>0x1180b4c0</run_address>
         <size>0xe0</size>
         <input_file_ref idref="fl-cd"/>
      </object_component>
      <object_component id="oc-227">
         <name>.bios</name>
         <load_address>0x1180b5a0</load_address>
         <run_address>0x1180b5a0</run_address>
         <size>0xc0</size>
         <input_file_ref idref="fl-b4"/>
      </object_component>
      <object_component id="oc-236">
         <name>.bios</name>
         <load_address>0x1180b660</load_address>
         <run_address>0x1180b660</run_address>
         <size>0xa0</size>
         <input_file_ref idref="fl-ce"/>
      </object_component>
      <object_component id="oc-249">
         <name>.bios</name>
         <load_address>0x1180b700</load_address>
         <run_address>0x1180b700</run_address>
         <size>0xa0</size>
         <input_file_ref idref="fl-c5"/>
      </object_component>
      <object_component id="oc-235">
         <name>.bios</name>
         <load_address>0x1180b7a0</load_address>
         <run_address>0x1180b7a0</run_address>
         <size>0x80</size>
         <input_file_ref idref="fl-b7"/>
      </object_component>
      <object_component id="oc-222">
         <name>.bios</name>
         <load_address>0x1180b820</load_address>
         <run_address>0x1180b820</run_address>
         <size>0x80</size>
         <input_file_ref idref="fl-b6"/>
      </object_component>
      <object_component id="oc-24c">
         <name>.bios</name>
         <load_address>0x1180b8a0</load_address>
         <run_address>0x1180b8a0</run_address>
         <size>0x80</size>
         <input_file_ref idref="fl-ca"/>
      </object_component>
      <object_component id="oc-c9">
         <name>.bios</name>
         <load_address>0x1180b920</load_address>
         <run_address>0x1180b920</run_address>
         <size>0x80</size>
         <input_file_ref idref="fl-9d"/>
      </object_component>
      <object_component id="oc-bc">
         <name>.bios</name>
         <load_address>0x1180b9a0</load_address>
         <run_address>0x1180b9a0</run_address>
         <size>0x80</size>
         <input_file_ref idref="fl-9a"/>
      </object_component>
      <object_component id="oc-292">
         <name>.bios:.near</name>
         <load_address>0x1180ba20</load_address>
         <run_address>0x1180ba20</run_address>
         <size>0x60</size>
         <input_file_ref idref="fl-f7"/>
      </object_component>
      <object_component id="oc-aa">
         <name>.bios</name>
         <load_address>0x1180ba80</load_address>
         <run_address>0x1180ba80</run_address>
         <size>0x60</size>
         <input_file_ref idref="fl-95"/>
      </object_component>
      <object_component id="oc-11b">
         <name>.bios</name>
         <load_address>0x1180bae0</load_address>
         <run_address>0x1180bae0</run_address>
         <size>0x60</size>
         <input_file_ref idref="fl-b0"/>
      </object_component>
      <object_component id="oc-b8">
         <name>.bios</name>
         <load_address>0x1180bb40</load_address>
         <run_address>0x1180bb40</run_address>
         <size>0x60</size>
         <input_file_ref idref="fl-99"/>
      </object_component>
      <object_component id="oc-182">
         <name>.bios</name>
         <load_address>0x1180bba0</load_address>
         <run_address>0x1180bba0</run_address>
         <size>0x60</size>
         <input_file_ref idref="fl-cb"/>
      </object_component>
      <object_component id="oc-de">
         <name>.bios</name>
         <load_address>0x1180bc00</load_address>
         <run_address>0x1180bc00</run_address>
         <size>0x60</size>
         <input_file_ref idref="fl-a2"/>
      </object_component>
      <object_component id="oc-24b">
         <name>.bios</name>
         <load_address>0x1180bc60</load_address>
         <run_address>0x1180bc60</run_address>
         <size>0x60</size>
         <input_file_ref idref="fl-c2"/>
      </object_component>
      <object_component id="oc-eb">
         <name>.bios</name>
         <load_address>0x1180bcc0</load_address>
         <run_address>0x1180bcc0</run_address>
         <size>0x60</size>
         <input_file_ref idref="fl-a6"/>
      </object_component>
      <object_component id="oc-43">
         <name>.bios</name>
         <load_address>0x1180bd20</load_address>
         <run_address>0x1180bd20</run_address>
         <size>0x40</size>
         <input_file_ref idref="fl-8a"/>
      </object_component>
      <object_component id="oc-da">
         <name>.bios</name>
         <load_address>0x1180bd60</load_address>
         <run_address>0x1180bd60</run_address>
         <size>0x40</size>
         <input_file_ref idref="fl-a1"/>
      </object_component>
      <object_component id="oc-42">
         <name>.bios</name>
         <load_address>0x1180bda0</load_address>
         <run_address>0x1180bda0</run_address>
         <size>0x40</size>
         <input_file_ref idref="fl-90"/>
      </object_component>
      <object_component id="oc-49">
         <name>.bios</name>
         <load_address>0x1180bde0</load_address>
         <run_address>0x1180bde0</run_address>
         <size>0x40</size>
         <input_file_ref idref="fl-92"/>
      </object_component>
      <object_component id="oc-4d">
         <name>.bios</name>
         <load_address>0x1180be20</load_address>
         <run_address>0x1180be20</run_address>
         <size>0x20</size>
         <input_file_ref idref="fl-8e"/>
      </object_component>
      <object_component id="oc-10b">
         <name>.bios</name>
         <load_address>0x1180be40</load_address>
         <run_address>0x1180be40</run_address>
         <size>0x20</size>
         <input_file_ref idref="fl-ad"/>
      </object_component>
      <object_component id="oc-c0">
         <name>.bios</name>
         <load_address>0x1180be60</load_address>
         <run_address>0x1180be60</run_address>
         <size>0x20</size>
         <input_file_ref idref="fl-9b"/>
      </object_component>
      <object_component id="oc-15b">
         <name>.bios</name>
         <load_address>0x1180be80</load_address>
         <run_address>0x1180be80</run_address>
         <size>0x20</size>
         <input_file_ref idref="fl-c1"/>
      </object_component>
      <object_component id="oc-4c">
         <name>.bios</name>
         <load_address>0x1180bea0</load_address>
         <run_address>0x1180bea0</run_address>
         <size>0x20</size>
         <input_file_ref idref="fl-91"/>
      </object_component>
      <object_component id="oc-4b">
         <name>.bios</name>
         <load_address>0x1180bec0</load_address>
         <run_address>0x1180bec0</run_address>
         <size>0x20</size>
         <input_file_ref idref="fl-93"/>
      </object_component>
      <object_component id="oc-48">
         <name>.bios</name>
         <load_address>0x1180bee0</load_address>
         <run_address>0x1180bee0</run_address>
         <size>0x20</size>
         <input_file_ref idref="fl-8d"/>
      </object_component>
      <object_component id="oc-201">
         <name>.cio</name>
         <uninitialized>true</uninitialized>
         <run_address>0x11813ed0</run_address>
         <size>0x120</size>
         <input_file_ref idref="fl-f0"/>
      </object_component>
      <object_component id="oc-151">
         <name>.pinit</name>
         <load_address>0x11814638</load_address>
         <run_address>0x11814638</run_address>
         <size>0x4</size>
         <input_file_ref idref="fl-be"/>
      </object_component>
      <object_component id="oc-118">
         <name>.pinit</name>
         <load_address>0x1181463c</load_address>
         <run_address>0x1181463c</run_address>
         <size>0x4</size>
         <input_file_ref idref="fl-af"/>
      </object_component>
      <object_component id="oc-56">
         <name>.sys</name>
         <uninitialized>true</uninitialized>
         <run_address>0x11814628</run_address>
         <size>0x10</size>
         <input_file_ref idref="fl-3"/>
      </object_component>
      <object_component id="oc-257">
         <name>.text</name>
         <load_address>0x11800000</load_address>
         <run_address>0x11800000</run_address>
         <size>0xc20</size>
         <input_file_ref idref="fl-a8"/>
      </object_component>
      <object_component id="oc-240">
         <name>.text</name>
         <load_address>0x11800c20</load_address>
         <run_address>0x11800c20</run_address>
         <size>0x620</size>
         <input_file_ref idref="fl-2"/>
      </object_component>
      <object_component id="oc-242">
         <name>.text:__divd</name>
         <load_address>0x11801240</load_address>
         <run_address>0x11801240</run_address>
         <size>0x5a0</size>
         <input_file_ref idref="fl-d1"/>
      </object_component>
      <object_component id="oc-27d">
         <name>.text:__getarg_diouxp</name>
         <load_address>0x118017e0</load_address>
         <run_address>0x118017e0</run_address>
         <size>0x580</size>
         <input_file_ref idref="fl-db"/>
      </object_component>
      <object_component id="oc-269">
         <name>.text:__setfield</name>
         <load_address>0x11801d60</load_address>
         <run_address>0x11801d60</run_address>
         <size>0x520</size>
         <input_file_ref idref="fl-db"/>
      </object_component>
      <object_component id="oc-259">
         <name>.text</name>
         <load_address>0x11802280</load_address>
         <run_address>0x11802280</run_address>
         <size>0x4e0</size>
         <input_file_ref idref="fl-b1"/>
      </object_component>
      <object_component id="oc-25d">
         <name>.text:__printfi</name>
         <load_address>0x11802760</load_address>
         <run_address>0x11802760</run_address>
         <size>0x440</size>
         <input_file_ref idref="fl-db"/>
      </object_component>
      <object_component id="oc-266">
         <name>.text:_fputs</name>
         <load_address>0x11802ba0</load_address>
         <run_address>0x11802ba0</run_address>
         <size>0x3a0</size>
         <input_file_ref idref="fl-e8"/>
      </object_component>
      <object_component id="oc-258">
         <name>.text</name>
         <load_address>0x11802f40</load_address>
         <run_address>0x11802f40</run_address>
         <size>0x380</size>
         <input_file_ref idref="fl-ae"/>
      </object_component>
      <object_component id="oc-256">
         <name>.text</name>
         <load_address>0x118032c0</load_address>
         <run_address>0x118032c0</run_address>
         <size>0x380</size>
         <input_file_ref idref="fl-b2"/>
      </object_component>
      <object_component id="oc-272">
         <name>.text:__pproc_fge</name>
         <load_address>0x11803640</load_address>
         <run_address>0x11803640</run_address>
         <size>0x320</size>
         <input_file_ref idref="fl-db"/>
      </object_component>
      <object_component id="oc-221">
         <name>.text</name>
         <load_address>0x11803960</load_address>
         <run_address>0x11803960</run_address>
         <size>0x2e0</size>
         <input_file_ref idref="fl-5"/>
      </object_component>
      <object_component id="oc-268">
         <name>.text:__pproc_fwp</name>
         <load_address>0x11803c40</load_address>
         <run_address>0x11803c40</run_address>
         <size>0x2c0</size>
         <input_file_ref idref="fl-db"/>
      </object_component>
      <object_component id="oc-283">
         <name>.text:_ecvt</name>
         <load_address>0x11803f00</load_address>
         <run_address>0x11803f00</run_address>
         <size>0x2a0</size>
         <input_file_ref idref="fl-db"/>
      </object_component>
      <object_component id="oc-286">
         <name>.text:_fcvt</name>
         <load_address>0x118041a0</load_address>
         <run_address>0x118041a0</run_address>
         <size>0x2a0</size>
         <input_file_ref idref="fl-db"/>
      </object_component>
      <object_component id="oc-291">
         <name>.text:__divull</name>
         <load_address>0x11804440</load_address>
         <run_address>0x11804440</run_address>
         <size>0x260</size>
         <input_file_ref idref="fl-df"/>
      </object_component>
      <object_component id="oc-27c">
         <name>.text:__pconv_e</name>
         <load_address>0x118046a0</load_address>
         <run_address>0x118046a0</run_address>
         <size>0x260</size>
         <input_file_ref idref="fl-db"/>
      </object_component>
      <object_component id="oc-273">
         <name>.text:__pproc_diouxp</name>
         <load_address>0x11804900</load_address>
         <run_address>0x11804900</run_address>
         <size>0x240</size>
         <input_file_ref idref="fl-db"/>
      </object_component>
      <object_component id="oc-26a">
         <name>.text:__pproc_str</name>
         <load_address>0x11804b40</load_address>
         <run_address>0x11804b40</run_address>
         <size>0x220</size>
         <input_file_ref idref="fl-db"/>
      </object_component>
      <object_component id="oc-26b">
         <name>.text:_fputc</name>
         <load_address>0x11804d60</load_address>
         <run_address>0x11804d60</run_address>
         <size>0x220</size>
         <input_file_ref idref="fl-e5"/>
      </object_component>
      <object_component id="oc-27a">
         <name>.text:__pconv_g</name>
         <load_address>0x11804f80</load_address>
         <run_address>0x11804f80</run_address>
         <size>0x200</size>
         <input_file_ref idref="fl-db"/>
      </object_component>
      <object_component id="oc-276">
         <name>.text:_setvbuf</name>
         <load_address>0x11805180</load_address>
         <run_address>0x11805180</run_address>
         <size>0x200</size>
         <input_file_ref idref="fl-f1"/>
      </object_component>
      <object_component id="oc-241">
         <name>.text</name>
         <load_address>0x11805380</load_address>
         <run_address>0x11805380</run_address>
         <size>0x1e0</size>
         <input_file_ref idref="fl-b9"/>
      </object_component>
      <object_component id="oc-285">
         <name>.text:__mcpy</name>
         <load_address>0x11805560</load_address>
         <run_address>0x11805560</run_address>
         <size>0x1c0</size>
         <input_file_ref idref="fl-db"/>
      </object_component>
      <object_component id="oc-290">
         <name>.text:__divul</name>
         <load_address>0x11805720</load_address>
         <run_address>0x11805720</run_address>
         <size>0x1a0</size>
         <input_file_ref idref="fl-de"/>
      </object_component>
      <object_component id="oc-23e">
         <name>.text:_HOSTrename</name>
         <load_address>0x118058c0</load_address>
         <run_address>0x118058c0</run_address>
         <size>0x180</size>
         <input_file_ref idref="fl-ec"/>
      </object_component>
      <object_component id="oc-244">
         <name>.text</name>
         <load_address>0x11805a40</load_address>
         <run_address>0x11805a40</run_address>
         <size>0x160</size>
         <input_file_ref idref="fl-a7"/>
      </object_component>
      <object_component id="oc-267">
         <name>.text:__pproc_fflags</name>
         <load_address>0x11805ba0</load_address>
         <run_address>0x11805ba0</run_address>
         <size>0x140</size>
         <input_file_ref idref="fl-db"/>
      </object_component>
      <object_component id="oc-29a">
         <name>.text:_getdevice</name>
         <load_address>0x11805ce0</load_address>
         <run_address>0x11805ce0</run_address>
         <size>0x140</size>
         <input_file_ref idref="fl-eb"/>
      </object_component>
      <object_component id="oc-28b">
         <name>.text:__closefile</name>
         <load_address>0x11805e20</load_address>
         <run_address>0x11805e20</run_address>
         <size>0x120</size>
         <input_file_ref idref="fl-f3"/>
      </object_component>
      <object_component id="oc-27f">
         <name>.text:__ltostr</name>
         <load_address>0x11805f40</load_address>
         <run_address>0x11805f40</run_address>
         <size>0x120</size>
         <input_file_ref idref="fl-db"/>
      </object_component>
      <object_component id="oc-275">
         <name>.text:_fseek</name>
         <load_address>0x11806060</load_address>
         <run_address>0x11806060</run_address>
         <size>0x120</size>
         <input_file_ref idref="fl-e9"/>
      </object_component>
      <object_component id="oc-23c">
         <name>.text:_HOSTlseek</name>
         <load_address>0x11806180</load_address>
         <run_address>0x11806180</run_address>
         <size>0x100</size>
         <input_file_ref idref="fl-ec"/>
      </object_component>
      <object_component id="oc-26d">
         <name>.text:__wrt_ok</name>
         <load_address>0x11806280</load_address>
         <run_address>0x11806280</run_address>
         <size>0x100</size>
         <input_file_ref idref="fl-e7"/>
      </object_component>
      <object_component id="oc-26c">
         <name>.text:_call_dtors</name>
         <load_address>0x11806380</load_address>
         <run_address>0x11806380</run_address>
         <size>0x100</size>
         <input_file_ref idref="fl-d6"/>
      </object_component>
      <object_component id="oc-238">
         <name>.text:_HOSTopen</name>
         <load_address>0x11806480</load_address>
         <run_address>0x11806480</run_address>
         <size>0xe0</size>
         <input_file_ref idref="fl-ec"/>
      </object_component>
      <object_component id="oc-23a">
         <name>.text:_HOSTread</name>
         <load_address>0x11806560</load_address>
         <run_address>0x11806560</run_address>
         <size>0xe0</size>
         <input_file_ref idref="fl-ec"/>
      </object_component>
      <object_component id="oc-271">
         <name>.text:_atoi</name>
         <load_address>0x11806640</load_address>
         <run_address>0x11806640</run_address>
         <size>0xe0</size>
         <input_file_ref idref="fl-e3"/>
      </object_component>
      <object_component id="oc-293">
         <name>.text:_close</name>
         <load_address>0x11806720</load_address>
         <run_address>0x11806720</run_address>
         <size>0xe0</size>
         <input_file_ref idref="fl-eb"/>
      </object_component>
      <object_component id="oc-270">
         <name>.text:_memset</name>
         <load_address>0x11806800</load_address>
         <run_address>0x11806800</run_address>
         <size>0xe0</size>
         <input_file_ref idref="fl-ef"/>
      </object_component>
      <object_component id="oc-243">
         <name>.text:_printf</name>
         <load_address>0x118068e0</load_address>
         <run_address>0x118068e0</run_address>
         <size>0xe0</size>
         <input_file_ref idref="fl-d9"/>
      </object_component>
      <object_component id="oc-23d">
         <name>.text:_HOSTunlink</name>
         <load_address>0x118069c0</load_address>
         <run_address>0x118069c0</run_address>
         <size>0xc0</size>
         <input_file_ref idref="fl-ec"/>
      </object_component>
      <object_component id="oc-23b">
         <name>.text:_HOSTwrite</name>
         <load_address>0x11806a80</load_address>
         <run_address>0x11806a80</run_address>
         <size>0xc0</size>
         <input_file_ref idref="fl-ec"/>
      </object_component>
      <object_component id="oc-288">
         <name>.text:__div</name>
         <load_address>0x11806b40</load_address>
         <run_address>0x11806b40</run_address>
         <size>0xc0</size>
         <input_file_ref idref="fl-db"/>
      </object_component>
      <object_component id="oc-28f">
         <name>.text:__divu</name>
         <load_address>0x11806c00</load_address>
         <run_address>0x11806c00</run_address>
         <size>0xc0</size>
         <input_file_ref idref="fl-dd"/>
      </object_component>
      <object_component id="oc-26e">
         <name>.text:__doflush</name>
         <load_address>0x11806cc0</load_address>
         <run_address>0x11806cc0</run_address>
         <size>0xc0</size>
         <input_file_ref idref="fl-e6"/>
      </object_component>
      <object_component id="oc-253">
         <name>.text:_atexit</name>
         <load_address>0x11806d80</load_address>
         <run_address>0x11806d80</run_address>
         <size>0xc0</size>
         <input_file_ref idref="fl-d5"/>
      </object_component>
      <object_component id="oc-28d">
         <name>.text:_ltoa</name>
         <load_address>0x11806e40</load_address>
         <run_address>0x11806e40</run_address>
         <size>0xc0</size>
         <input_file_ref idref="fl-ed"/>
      </object_component>
      <object_component id="oc-24f">
         <name>.text</name>
         <load_address>0x11806f00</load_address>
         <run_address>0x11806f00</run_address>
         <size>0xc0</size>
         <input_file_ref idref="fl-c9"/>
      </object_component>
      <object_component id="oc-239">
         <name>.text:_HOSTclose</name>
         <load_address>0x11806fc0</load_address>
         <run_address>0x11806fc0</run_address>
         <size>0xa0</size>
         <input_file_ref idref="fl-ec"/>
      </object_component>
      <object_component id="oc-282">
         <name>.text:__cleanup</name>
         <load_address>0x11807060</load_address>
         <run_address>0x11807060</run_address>
         <size>0xa0</size>
         <input_file_ref idref="fl-f2"/>
      </object_component>
      <object_component id="oc-296">
         <name>.text:__divli</name>
         <load_address>0x11807100</load_address>
         <run_address>0x11807100</run_address>
         <size>0xa0</size>
         <input_file_ref idref="fl-de"/>
      </object_component>
      <object_component id="oc-284">
         <name>.text:__ecpy</name>
         <load_address>0x118071a0</load_address>
         <run_address>0x118071a0</run_address>
         <size>0xa0</size>
         <input_file_ref idref="fl-db"/>
      </object_component>
      <object_component id="oc-287">
         <name>.text:__fcpy</name>
         <load_address>0x11807240</load_address>
         <run_address>0x11807240</run_address>
         <size>0xa0</size>
         <input_file_ref idref="fl-db"/>
      </object_component>
      <object_component id="oc-28c">
         <name>.text:__fixdli</name>
         <load_address>0x118072e0</load_address>
         <run_address>0x118072e0</run_address>
         <size>0xa0</size>
         <input_file_ref idref="fl-e0"/>
      </object_component>
      <object_component id="oc-27b">
         <name>.text:__pconv_f</name>
         <load_address>0x11807380</load_address>
         <run_address>0x11807380</run_address>
         <size>0xa0</size>
         <input_file_ref idref="fl-db"/>
      </object_component>
      <object_component id="oc-29b">
         <name>.text:_finddevice</name>
         <load_address>0x11807420</load_address>
         <run_address>0x11807420</run_address>
         <size>0xa0</size>
         <input_file_ref idref="fl-eb"/>
      </object_component>
      <object_component id="oc-280">
         <name>.text:_lseek</name>
         <load_address>0x118074c0</load_address>
         <run_address>0x118074c0</run_address>
         <size>0xa0</size>
         <input_file_ref idref="fl-eb"/>
      </object_component>
      <object_component id="oc-23f">
         <name>.text:_memcpy</name>
         <load_address>0x11807560</load_address>
         <run_address>0x11807560</run_address>
         <size>0xa0</size>
         <input_file_ref idref="fl-d8"/>
      </object_component>
      <object_component id="oc-26f">
         <name>.text:_write</name>
         <load_address>0x11807600</load_address>
         <run_address>0x11807600</run_address>
         <size>0xa0</size>
         <input_file_ref idref="fl-eb"/>
      </object_component>
      <object_component id="oc-28e">
         <name>.text:__fltlid</name>
         <load_address>0x118076a0</load_address>
         <run_address>0x118076a0</run_address>
         <size>0x80</size>
         <input_file_ref idref="fl-e1"/>
      </object_component>
      <object_component id="oc-297">
         <name>.text:__llshl</name>
         <load_address>0x11807720</load_address>
         <run_address>0x11807720</run_address>
         <size>0x80</size>
         <input_file_ref idref="fl-d3"/>
      </object_component>
      <object_component id="oc-255">
         <name>.text:_readmsg</name>
         <load_address>0x118077a0</load_address>
         <run_address>0x118077a0</run_address>
         <size>0x80</size>
         <input_file_ref idref="fl-f0"/>
      </object_component>
      <object_component id="oc-299">
         <name>.text:_unlink</name>
         <load_address>0x11807820</load_address>
         <run_address>0x11807820</run_address>
         <size>0x80</size>
         <input_file_ref idref="fl-eb"/>
      </object_component>
      <object_component id="oc-298">
         <name>.text:__subcull</name>
         <load_address>0x118078a0</load_address>
         <run_address>0x118078a0</run_address>
         <size>0x60</size>
         <input_file_ref idref="fl-df"/>
      </object_component>
      <object_component id="oc-274">
         <name>.text:_memccpy</name>
         <load_address>0x11807900</load_address>
         <run_address>0x11807900</run_address>
         <size>0x60</size>
         <input_file_ref idref="fl-ee"/>
      </object_component>
      <object_component id="oc-254">
         <name>.text:_writemsg</name>
         <load_address>0x11807960</load_address>
         <run_address>0x11807960</run_address>
         <size>0x60</size>
         <input_file_ref idref="fl-f0"/>
      </object_component>
      <object_component id="oc-263">
         <name>.text:___add_dtor</name>
         <load_address>0x118079c0</load_address>
         <run_address>0x118079c0</run_address>
         <size>0x40</size>
         <input_file_ref idref="fl-d6"/>
      </object_component>
      <object_component id="oc-279">
         <name>.text:___isinf</name>
         <load_address>0x11807a00</load_address>
         <run_address>0x11807a00</run_address>
         <size>0x40</size>
         <input_file_ref idref="fl-dc"/>
      </object_component>
      <object_component id="oc-278">
         <name>.text:___isnan</name>
         <load_address>0x11807a40</load_address>
         <run_address>0x11807a40</run_address>
         <size>0x40</size>
         <input_file_ref idref="fl-db"/>
      </object_component>
      <object_component id="oc-25b">
         <name>.text:__frcmpyd_div</name>
         <load_address>0x11807a80</load_address>
         <run_address>0x11807a80</run_address>
         <size>0x40</size>
         <input_file_ref idref="fl-d2"/>
      </object_component>
      <object_component id="oc-25a">
         <name>.text:__llshru</name>
         <load_address>0x11807ac0</load_address>
         <run_address>0x11807ac0</run_address>
         <size>0x40</size>
         <input_file_ref idref="fl-d3"/>
      </object_component>
      <object_component id="oc-295">
         <name>.text:__remli</name>
         <load_address>0x11807b00</load_address>
         <run_address>0x11807b00</run_address>
         <size>0x40</size>
         <input_file_ref idref="fl-de"/>
      </object_component>
      <object_component id="oc-27e">
         <name>.text:__negll</name>
         <load_address>0x11807b40</load_address>
         <run_address>0x11807b40</run_address>
         <size>0x20</size>
         <input_file_ref idref="fl-e2"/>
      </object_component>
      <object_component id="oc-237">
         <name>.text:__nop</name>
         <load_address>0x11807b60</load_address>
         <run_address>0x11807b60</run_address>
         <size>0x20</size>
         <input_file_ref idref="fl-d4"/>
      </object_component>
      <object_component id="oc-25e">
         <name>.text:__outc</name>
         <load_address>0x11807b80</load_address>
         <run_address>0x11807b80</run_address>
         <size>0x20</size>
         <input_file_ref idref="fl-d9"/>
      </object_component>
      <object_component id="oc-25c">
         <name>.text:__outs</name>
         <load_address>0x11807ba0</load_address>
         <run_address>0x11807ba0</run_address>
         <size>0x20</size>
         <input_file_ref idref="fl-d9"/>
      </object_component>
      <object_component id="oc-24d">
         <name>.text:__register_lock</name>
         <load_address>0x11807bc0</load_address>
         <run_address>0x11807bc0</run_address>
         <size>0x20</size>
         <input_file_ref idref="fl-d4"/>
      </object_component>
      <object_component id="oc-24e">
         <name>.text:__register_unlock</name>
         <load_address>0x11807be0</load_address>
         <run_address>0x11807be0</run_address>
         <size>0x20</size>
         <input_file_ref idref="fl-d4"/>
      </object_component>
      <object_component id="oc-294">
         <name>.text:_remove</name>
         <load_address>0x11807c00</load_address>
         <run_address>0x11807c00</run_address>
         <size>0x20</size>
         <input_file_ref idref="fl-f8"/>
      </object_component>
      <object_component id="oc-54">
         <name>.cinit</name>
         <load_address>0x1180df00</load_address>
         <run_address>0x1180df00</run_address>
         <size>0x8ac</size>
         <input_file_ref idref="fl-3"/>
      </object_component>
      <object_component id="oc-78">
         <name>.cinit</name>
         <load_address>0x1180e7b0</load_address>
         <run_address>0x1180e7b0</run_address>
         <size>0x26c</size>
         <input_file_ref idref="fl-88"/>
      </object_component>
      <object_component id="oc-12a">
         <name>.cinit</name>
         <load_address>0x1180ea20</load_address>
         <run_address>0x1180ea20</run_address>
         <size>0x1a4</size>
         <input_file_ref idref="fl-b3"/>
      </object_component>
      <object_component id="oc-87">
         <name>.cinit</name>
         <load_address>0x1180ebc8</load_address>
         <run_address>0x1180ebc8</run_address>
         <size>0xb0</size>
         <input_file_ref idref="fl-8c"/>
      </object_component>
      <object_component id="oc-164">
         <name>.cinit</name>
         <load_address>0x1180ec78</load_address>
         <run_address>0x1180ec78</run_address>
         <size>0x80</size>
         <input_file_ref idref="fl-c3"/>
      </object_component>
      <object_component id="oc-115">
         <name>.cinit</name>
         <load_address>0x1180ecf8</load_address>
         <run_address>0x1180ecf8</run_address>
         <size>0x68</size>
         <input_file_ref idref="fl-af"/>
      </object_component>
      <object_component id="oc-17a">
         <name>.cinit</name>
         <load_address>0x1180ed60</load_address>
         <run_address>0x1180ed60</run_address>
         <size>0x60</size>
         <input_file_ref idref="fl-c9"/>
      </object_component>
      <object_component id="oc-81">
         <name>.cinit</name>
         <load_address>0x1180edc0</load_address>
         <run_address>0x1180edc0</run_address>
         <size>0x5c</size>
         <input_file_ref idref="fl-8b"/>
      </object_component>
      <object_component id="oc-1ba">
         <name>.cinit</name>
         <load_address>0x1180ee20</load_address>
         <run_address>0x1180ee20</run_address>
         <size>0x5c</size>
         <input_file_ref idref="fl-da"/>
      </object_component>
      <object_component id="oc-1ef">
         <name>.cinit</name>
         <load_address>0x1180ee80</load_address>
         <run_address>0x1180ee80</run_address>
         <size>0x5c</size>
         <input_file_ref idref="fl-eb"/>
      </object_component>
      <object_component id="oc-d5">
         <name>.cinit</name>
         <load_address>0x1180eee0</load_address>
         <run_address>0x1180eee0</run_address>
         <size>0x4c</size>
         <input_file_ref idref="fl-a0"/>
      </object_component>
      <object_component id="oc-14f">
         <name>.cinit</name>
         <load_address>0x1180ef30</load_address>
         <run_address>0x1180ef30</run_address>
         <size>0x4c</size>
         <input_file_ref idref="fl-be"/>
      </object_component>
      <object_component id="oc-100">
         <name>.cinit</name>
         <load_address>0x1180ef80</load_address>
         <run_address>0x1180ef80</run_address>
         <size>0x3c</size>
         <input_file_ref idref="fl-aa"/>
      </object_component>
      <object_component id="oc-b5">
         <name>.cinit</name>
         <load_address>0x1180efc0</load_address>
         <run_address>0x1180efc0</run_address>
         <size>0x34</size>
         <input_file_ref idref="fl-98"/>
      </object_component>
      <object_component id="oc-9f">
         <name>.cinit</name>
         <load_address>0x1180eff8</load_address>
         <run_address>0x1180eff8</run_address>
         <size>0x2c</size>
         <input_file_ref idref="fl-92"/>
      </object_component>
      <object_component id="oc-1af">
         <name>.cinit</name>
         <load_address>0x1180f028</load_address>
         <run_address>0x1180f028</run_address>
         <size>0x2c</size>
         <input_file_ref idref="fl-d7"/>
      </object_component>
      <object_component id="oc-146">
         <name>.cinit</name>
         <load_address>0x1180f058</load_address>
         <run_address>0x1180f058</run_address>
         <size>0x24</size>
         <input_file_ref idref="fl-bc"/>
      </object_component>
      <object_component id="oc-f9">
         <name>.cinit</name>
         <load_address>0x1180f080</load_address>
         <run_address>0x1180f080</run_address>
         <size>0x1c</size>
         <input_file_ref idref="fl-a9"/>
      </object_component>
      <object_component id="oc-170">
         <name>.cinit</name>
         <load_address>0x1180f0a0</load_address>
         <run_address>0x1180f0a0</run_address>
         <size>0x1c</size>
         <input_file_ref idref="fl-c6"/>
      </object_component>
      <object_component id="oc-1a0">
         <name>.cinit</name>
         <load_address>0x1180f0c0</load_address>
         <run_address>0x1180f0c0</run_address>
         <size>0x1c</size>
         <input_file_ref idref="fl-d4"/>
      </object_component>
      <object_component id="oc-1a5">
         <name>.cinit</name>
         <load_address>0x1180f0e0</load_address>
         <run_address>0x1180f0e0</run_address>
         <size>0x1c</size>
         <input_file_ref idref="fl-d5"/>
      </object_component>
      <object_component id="oc-72">
         <name>.cinit</name>
         <load_address>0x1180f100</load_address>
         <run_address>0x1180f100</run_address>
         <size>0x1a</size>
         <input_file_ref idref="fl-5"/>
      </object_component>
      <object_component id="oc-92">
         <name>.cinit</name>
         <load_address>0x1180f120</load_address>
         <run_address>0x1180f120</run_address>
         <size>0x18</size>
         <input_file_ref idref="fl-8f"/>
      </object_component>
      <object_component id="oc-b7">
         <name>.cinit</name>
         <load_address>0x1180f138</load_address>
         <run_address>0x1180f138</run_address>
         <size>0xc</size>
         <input_file_ref idref="fl-99"/>
      </object_component>
      <object_component id="oc-c4">
         <name>.cinit</name>
         <load_address>0x1180f148</load_address>
         <run_address>0x1180f148</run_address>
         <size>0xc</size>
         <input_file_ref idref="fl-9c"/>
      </object_component>
      <object_component id="oc-208">
         <name>.cinit</name>
         <load_address>0x1180f158</load_address>
         <run_address>0x1180f158</run_address>
         <size>0xc</size>
         <input_file_ref idref="fl-f2"/>
      </object_component>
      <object_component id="oc-1aa">
         <name>.cinit</name>
         <load_address>0x1180f168</load_address>
         <run_address>0x1180f168</run_address>
         <size>0xc</size>
         <input_file_ref idref="fl-d6"/>
      </object_component>
      <object_component id="oc-264">
         <name>.switch:_getRegisterBankAndBit</name>
         <load_address>0x118145b4</load_address>
         <run_address>0x118145b4</run_address>
         <size>0x24</size>
         <input_file_ref idref="fl-ae"/>
      </object_component>
      <object_component id="oc-25f">
         <name>.switch:_convertDipToI2CGpio</name>
         <load_address>0x118145d8</load_address>
         <run_address>0x118145d8</run_address>
         <size>0x20</size>
         <input_file_ref idref="fl-a7"/>
      </object_component>
      <object_component id="oc-52">
         <name>.gblinit</name>
         <load_address>0x11814568</load_address>
         <run_address>0x11814568</run_address>
         <size>0x4c</size>
[...]
         <value>0x1180b348</value>
         <object_component_ref idref="oc-130"/>
      </symbol>
      <symbol id="sm-9b0">
         <name>_KNL_max</name>
         <value>0x1180b370</value>
         <object_component_ref idref="oc-130"/>
      </symbol>
      <symbol id="sm-9c0">
         <name>_KNL_post</name>
         <value>0x1180b820</value>
         <object_component_ref idref="oc-222"/>
      </symbol>
      <symbol id="sm-9cc">
         <name>_KNL_ipost</name>
         <value>0x1180b7a0</value>
         <object_component_ref idref="oc-235"/>
      </symbol>
      <symbol id="sm-9e4">
         <name>_KNL_run</name>
         <value>0x11809980</value>
         <object_component_ref idref="oc-226"/>
      </symbol>
      <symbol id="sm-a09">
         <name>_LED_isOn</name>
         <value>0x118053cc</value>
         <object_component_ref idref="oc-241"/>
      </symbol>
      <symbol id="sm-a0a">
         <name>_LED_toggle</name>
         <value>0x118054cc</value>
         <object_component_ref idref="oc-241"/>
      </symbol>
      <symbol id="sm-a0b">
         <name>_LED_turnOn</name>
         <value>0x11805434</value>
         <object_component_ref idref="oc-241"/>
      </symbol>
      <symbol id="sm-a0c">
         <name>_LED_turnOff</name>
         <value>0x11805484</value>
         <object_component_ref idref="oc-241"/>
      </symbol>
      <symbol id="sm-a0d">
         <name>_LED_init</name>
         <value>0x11805380</value>
         <object_component_ref idref="oc-241"/>
      </symbol>
      <symbol id="sm-a11">
         <name>_MEM</name>
         <value>0x11813cc4</value>
         <object_component_ref idref="oc-141"/>
      </symbol>
      <symbol id="sm-a1d">
         <name>_MEM_init</name>
         <value>0x1180fe00</value>
         <object_component_ref idref="oc-22b"/>
      </symbol>
      <symbol id="sm-a29">
         <name>_OBJ_table</name>
         <value>0x1180f888</value>
         <object_component_ref idref="oc-147"/>
      </symbol>
      <symbol id="sm-a2a">
         <name>_OBJ_segtab</name>
         <value>0x1180f8c0</value>
         <object_component_ref idref="oc-147"/>
      </symbol>
      <symbol id="sm-a36">
         <name>_RTDX_Buffer_ReadCB</name>
         <value>0x11811ea0</value>
         <object_component_ref idref="oc-250"/>
      </symbol>
      <symbol id="sm-a37">
         <name>RTDX_NORMALIZED_HDR</name>
         <value>0x1</value>
      </symbol>
      <symbol id="sm-a38">
         <name>_RTDX_Buffer_Read</name>
         <value>0x11811f60</value>
         <object_component_ref idref="oc-230"/>
      </symbol>
      <symbol id="sm-a78">
         <name>_rtdx_buffer_state</name>
         <value>0x11812cd4</value>
         <object_component_ref idref="oc-150"/>
      </symbol>
      <symbol id="sm-a79">
         <name>_RTDX_Buffer_WriteCB</name>
         <value>0x118112a0</value>
         <object_component_ref idref="oc-251"/>
      </symbol>
      <symbol id="sm-a7a">
         <name>_rtdxNullChanCnt</name>
         <value>0x11813c88</value>
         <object_component_ref idref="oc-14d"/>
      </symbol>
      <symbol id="sm-a7b">
         <name>_RTDX_writing</name>
         <value>0x11812ce0</value>
         <object_component_ref idref="oc-150"/>
      </symbol>
      <symbol id="sm-a7c">
         <name>_RTDX_Buffer_Initialize</name>
         <value>0x11811de0</value>
         <object_component_ref idref="oc-233"/>
      </symbol>
      <symbol id="sm-a7d">
         <name>_RTDX_Buffer_Write</name>
         <value>0x11811f80</value>
         <object_component_ref idref="oc-231"/>
      </symbol>
      <symbol id="sm-a7e">
         <name>_rtdxNullFuncCnt</name>
         <value>0x11813c8c</value>
         <object_component_ref idref="oc-14d"/>
      </symbol>
      <symbol id="sm-a7f">
         <name>_RTDX_Buffer_Size</name>
         <value>0x11811ee0</value>
         <object_component_ref idref="oc-260"/>
      </symbol>
      <symbol id="sm-a89">
         <name>_RTDX_Mask_IER</name>
         <value>0x11811fa0</value>
         <object_component_ref idref="oc-155"/>
      </symbol>
      <symbol id="sm-a94">
         <name>_RTDX_memfill</name>
         <value>0x11811f20</value>
         <object_component_ref idref="oc-252"/>
      </symbol>
      <symbol id="sm-a9c">
         <name>_STS_set</name>
         <value>0x1180be80</value>
         <object_component_ref idref="oc-15b"/>
      </symbol>
      <symbol id="sm-aa9">
         <name>_SYS_abort</name>
         <value>0x1180bc60</value>
         <object_component_ref idref="oc-24b"/>
      </symbol>
      <symbol id="sm-ab8">
         <name>_TSK_timerSem</name>
         <value>0x1180f864</value>
         <object_component_ref idref="oc-165"/>
      </symbol>
      <symbol id="sm-ab9">
         <name>_TSK_nTasks</name>
         <value>0x11813ca0</value>
         <object_component_ref idref="oc-162"/>
      </symbol>
      <symbol id="sm-aba">
         <name>_TSK</name>
         <value>0x11813ca8</value>
         <object_component_ref idref="oc-162"/>
      </symbol>
      <symbol id="sm-abb">
         <name>_TSK_ATTRS</name>
         <value>0x1180f828</value>
         <object_component_ref idref="oc-165"/>
      </symbol>
      <symbol id="sm-abc">
         <name>_TSK_pid</name>
         <value>0x11813ca4</value>
         <object_component_ref idref="oc-162"/>
      </symbol>
      <symbol id="sm-abd">
         <name>_TSK_config</name>
         <value>0x1180f844</value>
         <object_component_ref idref="oc-165"/>
      </symbol>
      <symbol id="sm-ace">
         <name>_TSK_exit</name>
         <value>0x1180aee0</value>
         <object_component_ref idref="oc-228"/>
      </symbol>
      <symbol id="sm-adc">
         <name>_SYS_exit</name>
         <value>0x1180b700</value>
         <object_component_ref idref="oc-249"/>
      </symbol>
      <symbol id="sm-ae8">
         <name>_SYS_exitStack</name>
         <value>0x1180f930</value>
         <object_component_ref idref="oc-171"/>
      </symbol>
      <symbol id="sm-ae9">
         <name>_SYS_exitStackPtr</name>
         <value>0x11813cb4</value>
         <object_component_ref idref="oc-16e"/>
      </symbol>
      <symbol id="sm-aea">
         <name>_SYS_exitStackTop</name>
         <value>0x11813cb8</value>
         <object_component_ref idref="oc-16e"/>
      </symbol>
      <symbol id="sm-af4">
         <name>_TSK_init</name>
         <value>0x1180fec0</value>
         <object_component_ref idref="oc-22d"/>
      </symbol>
      <symbol id="sm-b08">
         <name>_TSK_setup</name>
         <value>0x1180a8e0</value>
         <object_component_ref idref="oc-22e"/>
      </symbol>
      <symbol id="sm-b28">
         <name>__MEM_mutex</name>
         <value>0x1180f904</value>
         <object_component_ref idref="oc-17b"/>
      </symbol>
      <symbol id="sm-b29">
         <name>__TSK_mutex</name>
         <value>0x1180f8dc</value>
         <object_component_ref idref="oc-17b"/>
      </symbol>
      <symbol id="sm-b2a">
         <name>_TSK_startup</name>
         <value>0x1180b444</value>
         <object_component_ref idref="oc-22f"/>
      </symbol>
      <symbol id="sm-b37">
         <name>_LCK_pend</name>
         <value>0x1180b8c0</value>
         <object_component_ref idref="oc-24c"/>
      </symbol>
      <symbol id="sm-b38">
         <name>_LCK_post</name>
         <value>0x1180b8a0</value>
         <object_component_ref idref="oc-24c"/>
      </symbol>
      <symbol id="sm-b41">
         <name>_SEM_pend</name>
         <value>0x1180bba0</value>
         <object_component_ref idref="oc-182"/>
      </symbol>
      <symbol id="sm-b55">
         <name>_SEM_pendEnterKnl</name>
         <value>0x1180a560</value>
         <object_component_ref idref="oc-234"/>
      </symbol>
      <symbol id="sm-b61">
         <name>_SEM_postBinary</name>
         <value>0x1180b4c0</value>
         <object_component_ref idref="oc-189"/>
      </symbol>
      <symbol id="sm-b62">
         <name>_SEM_post</name>
         <value>0x1180b4c0</value>
         <object_component_ref idref="oc-189"/>
      </symbol>
      <symbol id="sm-b71">
         <name>_SEM_postEnterKnl</name>
         <value>0x1180b660</value>
         <object_component_ref idref="oc-236"/>
      </symbol>
      <symbol id="sm-b83">
         <name>__SEM_dopost</name>
         <value>0x1180a740</value>
         <object_component_ref idref="oc-229"/>
      </symbol>
      <symbol id="sm-b96">
         <name>__auto_init</name>
         <value>0x1180ada0</value>
         <object_component_ref idref="oc-220"/>
      </symbol>
      <symbol id="sm-ba8">
         <name>__divd</name>
         <value>0x11801240</value>
         <object_component_ref idref="oc-242"/>
      </symbol>
      <symbol id="sm-bb2">
         <name>__frcmpyd_div</name>
         <value>0x11807a80</value>
         <object_component_ref idref="oc-25b"/>
      </symbol>
      <symbol id="sm-bc0">
         <name>__llshl</name>
         <value>0x11807720</value>
         <object_component_ref idref="oc-297"/>
      </symbol>
      <symbol id="sm-bc1">
         <name>__llshru</name>
         <value>0x11807ac0</value>
         <object_component_ref idref="oc-25a"/>
      </symbol>
      <symbol id="sm-bd3">
         <name>__unlock</name>
         <value>0x1180f9a4</value>
         <object_component_ref idref="oc-1a1"/>
      </symbol>
      <symbol id="sm-bd4">
         <name>__lock</name>
         <value>0x1180f9a0</value>
         <object_component_ref idref="oc-1a1"/>
      </symbol>
      <symbol id="sm-bd5">
         <name>__register_lock</name>
         <value>0x11807bc0</value>
         <object_component_ref idref="oc-24d"/>
      </symbol>
      <symbol id="sm-bd6">
         <name>__nop</name>
         <value>0x11807b60</value>
         <object_component_ref idref="oc-237"/>
      </symbol>
      <symbol id="sm-bd7">
         <name>__register_unlock</name>
         <value>0x11807be0</value>
         <object_component_ref idref="oc-24e"/>
      </symbol>
      <symbol id="sm-beb">
         <name>_atexit</name>
         <value>0x11806d80</value>
         <object_component_ref idref="oc-253"/>
      </symbol>
      <symbol id="sm-bec">
         <name>___atexit_func_id__</name>
         <value>0x1180f4a8</value>
         <object_component_ref idref="oc-1a6"/>
      </symbol>
      <symbol id="sm-c04">
         <name>_dtors</name>
         <value>0x1180f884</value>
         <object_component_ref idref="oc-1ab"/>
      </symbol>
      <symbol id="sm-c05">
         <name>_call_dtors</name>
         <value>0x11806380</value>
         <object_component_ref idref="oc-26c"/>
      </symbol>
      <symbol id="sm-c06">
         <name>___add_dtor</name>
         <value>0x118079c0</value>
         <object_component_ref idref="oc-263"/>
      </symbol>
      <symbol id="sm-c12">
         <name>___TI_enable_exit_profile_output</name>
         <value>0x1180f99c</value>
         <object_component_ref idref="oc-1b0"/>
      </symbol>
      <symbol id="sm-c13">
         <name>__cleanup_ptr</name>
         <value>0x1180f994</value>
         <object_component_ref idref="oc-1b0"/>
      </symbol>
      <symbol id="sm-c14">
         <name>__dtors_ptr</name>
         <value>0x1180f998</value>
         <object_component_ref idref="oc-1b0"/>
      </symbol>
      <symbol id="sm-c1c">
         <name>_memcpy</name>
         <value>0x11807560</value>
         <object_component_ref idref="oc-23f"/>
      </symbol>
      <symbol id="sm-c31">
         <name>_printf</name>
         <value>0x118068e0</value>
         <object_component_ref idref="oc-243"/>
      </symbol>
      <symbol id="sm-c3b">
         <name>__tmpnams</name>
         <value>0x1180f360</value>
         <object_component_ref idref="oc-1bb"/>
      </symbol>
      <symbol id="sm-c3c">
         <name>__ft_end</name>
         <value>0x1180f4a0</value>
         <object_component_ref idref="oc-1bb"/>
      </symbol>
      <symbol id="sm-c3d">
         <name>__ftable</name>
         <value>0x1180f180</value>
         <object_component_ref idref="oc-1bb"/>
      </symbol>
      <symbol id="sm-d46">
         <name>__printfi</name>
         <value>0x11802760</value>
         <object_component_ref idref="oc-25d"/>
      </symbol>
      <symbol id="sm-d50">
         <name>___isinf</name>
         <value>0x11807a00</value>
         <object_component_ref idref="oc-279"/>
      </symbol>
      <symbol id="sm-d59">
         <name>__c6xabi_divu</name>
         <value>0x11806c00</value>
         <object_component_ref idref="oc-28f"/>
      </symbol>
      <symbol id="sm-d5a">
         <name>__divu</name>
         <value>0x11806c00</value>
         <object_component_ref idref="oc-28f"/>
      </symbol>
      <symbol id="sm-d6a">
         <name>__divul</name>
         <value>0x11805720</value>
         <object_component_ref idref="oc-290"/>
      </symbol>
      <symbol id="sm-d6b">
         <name>__remli</name>
         <value>0x11807b00</value>
         <object_component_ref idref="oc-295"/>
      </symbol>
      <symbol id="sm-d6c">
         <name>__divli</name>
         <value>0x11807100</value>
         <object_component_ref idref="oc-296"/>
      </symbol>
      <symbol id="sm-d80">
         <name>__subcull</name>
         <value>0x118078a0</value>
         <object_component_ref idref="oc-298"/>
      </symbol>
      <symbol id="sm-d81">
         <name>__divull</name>
         <value>0x11804440</value>
         <object_component_ref idref="oc-291"/>
      </symbol>
      <symbol id="sm-d8e">
         <name>__fixdli</name>
         <value>0x118072e0</value>
         <object_component_ref idref="oc-28c"/>
      </symbol>
      <symbol id="sm-d99">
         <name>__fltlid</name>
         <value>0x118076a0</value>
         <object_component_ref idref="oc-28e"/>
      </symbol>
      <symbol id="sm-da3">
         <name>__negll</name>
         <value>0x11807b40</value>
         <object_component_ref idref="oc-27e"/>
      </symbol>
      <symbol id="sm-db1">
         <name>_atoi</name>
         <value>0x11806640</value>
         <object_component_ref idref="oc-271"/>
      </symbol>
      <symbol id="sm-db9">
         <name>__ctypes_</name>
         <value>0x11812e90</value>
         <object_component_ref idref="oc-277"/>
      </symbol>
      <symbol id="sm-dd4">
         <name>_putc</name>
         <value>0x11804d60</value>
         <object_component_ref idref="oc-26b"/>
      </symbol>
      <symbol id="sm-dd5">
         <name>_fputc</name>
         <value>0x11804d60</value>
         <object_component_ref idref="oc-26b"/>
      </symbol>
      <symbol id="sm-de2">
         <name>__doflush</name>
         <value>0x11806cc0</value>
         <object_component_ref idref="oc-26e"/>
      </symbol>
      <symbol id="sm-df1">
         <name>__wrt_ok</name>
         <value>0x11806280</value>
         <object_component_ref idref="oc-26d"/>
      </symbol>
      <symbol id="sm-e13">
         <name>_fputs</name>
         <value>0x11802ba0</value>
         <object_component_ref idref="oc-266"/>
      </symbol>
      <symbol id="sm-e24">
         <name>_fseek</name>
         <value>0x11806060</value>
         <object_component_ref idref="oc-275"/>
      </symbol>
      <symbol id="sm-e68">
         <name>_unlink</name>
         <value>0x11807820</value>
         <object_component_ref idref="oc-299"/>
      </symbol>
      <symbol id="sm-e69">
         <name>_lseek</name>
         <value>0x118074c0</value>
         <object_component_ref idref="oc-280"/>
      </symbol>
      <symbol id="sm-e6a">
         <name>_close</name>
         <value>0x11806720</value>
         <object_component_ref idref="oc-293"/>
      </symbol>
      <symbol id="sm-e6b">
         <name>_write</name>
         <value>0x11807600</value>
         <object_component_ref idref="oc-26f"/>
      </symbol>
      <symbol id="sm-e94">
         <name>_HOSTopen</name>
         <value>0x11806480</value>
         <object_component_ref idref="oc-238"/>
      </symbol>
      <symbol id="sm-e95">
         <name>_HOSTread</name>
         <value>0x11806560</value>
         <object_component_ref idref="oc-23a"/>
      </symbol>
      <symbol id="sm-e96">
         <name>_HOSTrename</name>
         <value>0x118058c0</value>
         <object_component_ref idref="oc-23e"/>
      </symbol>
      <symbol id="sm-e97">
         <name>_HOSTwrite</name>
         <value>0x11806a80</value>
         <object_component_ref idref="oc-23b"/>
      </symbol>
      <symbol id="sm-e98">
         <name>_HOSTlseek</name>
         <value>0x11806180</value>
         <object_component_ref idref="oc-23c"/>
      </symbol>
      <symbol id="sm-e99">
         <name>_HOSTunlink</name>
         <value>0x118069c0</value>
         <object_component_ref idref="oc-23d"/>
      </symbol>
      <symbol id="sm-e9a">
         <name>_HOSTclose</name>
         <value>0x11806fc0</value>
         <object_component_ref idref="oc-239"/>
      </symbol>
      <symbol id="sm-ea7">
         <name>_ltoa</name>
         <value>0x11806e40</value>
         <object_component_ref idref="oc-28d"/>
      </symbol>
      <symbol id="sm-eb4">
         <name>_memccpy</name>
         <value>0x11807900</value>
         <object_component_ref idref="oc-274"/>
      </symbol>
      <symbol id="sm-ebf">
         <name>_memset</name>
         <value>0x11806800</value>
         <object_component_ref idref="oc-270"/>
      </symbol>
      <symbol id="sm-ecf">
         <name>C$$IO$$</name>
         <value>0x118079b8</value>
         <object_component_ref idref="oc-254"/>
      </symbol>
      <symbol id="sm-ed0">
         <name>__CIOBUF_</name>
         <value>0x11813ed0</value>
         <object_component_ref idref="oc-201"/>
      </symbol>
      <symbol id="sm-ed1">
         <name>_readmsg</name>
         <value>0x118077a0</value>
         <object_component_ref idref="oc-255"/>
      </symbol>
      <symbol id="sm-ed2">
         <name>_writemsg</name>
         <value>0x11807960</value>
         <object_component_ref idref="oc-254"/>
      </symbol>
      <symbol id="sm-ee9">
         <name>_setvbuf</name>
         <value>0x11805180</value>
         <object_component_ref idref="oc-276"/>
      </symbol>
      <symbol id="sm-efc">
         <name>__cleanup</name>
         <value>0x11807060</value>
         <object_component_ref idref="oc-282"/>
      </symbol>
      <symbol id="sm-f0e">
         <name>__closefile</name>
         <value>0x11805e20</value>
         <object_component_ref idref="oc-28b"/>
      </symbol>
      <symbol id="sm-f2a">
         <name>_free</name>
         <value>0x11809480</value>
         <object_component_ref idref="oc-281"/>
      </symbol>
      <symbol id="sm-f2b">
         <name>_calloc</name>
         <value>0x118096ac</value>
         <object_component_ref idref="oc-281"/>
      </symbol>
      <symbol id="sm-f2c">
         <name>_memalign</name>
         <value>0x118095e8</value>
         <object_component_ref idref="oc-281"/>
      </symbol>
      <symbol id="sm-f2d">
         <name>_realloc</name>
         <value>0x11809504</value>
         <object_component_ref idref="oc-281"/>
      </symbol>
      <symbol id="sm-f2e">
         <name>_malloc</name>
         <value>0x118094a4</value>
         <object_component_ref idref="oc-281"/>
      </symbol>
      <symbol id="sm-f45">
         <name>_MEM_alloc</name>
         <value>0x11809bc0</value>
         <object_component_ref idref="oc-28a"/>
      </symbol>
      <symbol id="sm-f57">
         <name>_MEM_free</name>
         <value>0x11809fc0</value>
         <object_component_ref idref="oc-289"/>
      </symbol>
      <symbol id="sm-f62">
         <name>_SYS_error</name>
         <value>0x1180ba20</value>
         <object_component_ref idref="oc-292"/>
      </symbol>
      <symbol id="sm-f6c">
         <name>_remove</name>
         <value>0x11807c00</value>
         <object_component_ref idref="oc-294"/>
      </symbol>
   </symbol_table>
</link_info>
